05-25 19:44:03.880  1453  1638 D WindowManager: wms.Update InputWindowHandle: e985b33 com.bearmod.loader/com.bearmod.loader.ui.main.MainActivity, frame=[0,0,0,0], touchableRegion=SkRegion((0,0,1080,2400)), scaleFactor=1.0, transform=null, windowToken=android.os.BinderProxy@c2672a2, isClone=false, visibal=true, focusable=true, changed=true
05-25 19:44:03.899  1453  3449 W WindowManager: Changing focus from Window{e985b33 u0 com.bearmod.loader/com.bearmod.loader.ui.main.MainActivity} to null displayId=0 Callers=com.android.server.wm.RootWindowContainer.updateFocusedWindowLocked:552 com.android.server.wm.WindowManagerService.updateFocusedWindowLocked:6566 com.android.server.wm.ActivityTaskManagerService.setLastResumedActivityUncheckLocked:4990 com.android.server.wm.ActivityTaskSupervisor.updateTopResumedActivityIfNeeded:2241 
05-25 19:44:03.977  1453  1931 D CoreBackPreview: Window{a734ea5 u0 com.bearmod.loader/com.bearmod.loader.ui.patch.PatchExecutionActivity}: Setting back callback OnBackInvokedCallbackInfo{mCallback=android.window.IOnBackInvokedCallback$Stub$Proxy@8e09a2b, mPriority=0}
05-25 19:44:04.004  1453  3438 W WindowManager: Changing focus from null to Window{a734ea5 u0 com.bearmod.loader/com.bearmod.loader.ui.patch.PatchExecutionActivity} displayId=0 Callers=com.android.server.wm.RootWindowContainer.updateFocusedWindowLocked:552 com.android.server.wm.WindowManagerService.updateFocusedWindowLocked:6566 com.android.server.wm.WindowManagerService.relayoutWindow:2799 com.android.server.wm.Session.relayout:280 
05-25 19:44:04.006  1453  3438 D WindowManager: wms.Input focus has changed to Window{a734ea5 u0 com.bearmod.loader/com.bearmod.loader.ui.patch.PatchExecutionActivity} display=0 updateInputWindows = true
05-25 19:44:04.006  1453  3438 I WindowManager: Relayout Window{a734ea5 u0 com.bearmod.loader/com.bearmod.loader.ui.patch.PatchExecutionActivity}: oldVis=4 newVis=0 focusMayChange = true requestedWidth = 1080 requestedHeight = 2400 outFrames = ClientWindowFrames{frame=[0,0][1080,2400] display=[0,0][1080,2400] parentFrame=[0,0][0,0] parentClippedByDisplayCutout=false} outSurfaceControl = Surface(name=com.bearmod.loader/com.bearmod.loader.ui.patch.PatchExecutionActivity)/@0x82356ff
05-25 19:44:04.008  1453  1638 D WindowManager: wms.Update InputWindowHandle: a734ea5 com.bearmod.loader/com.bearmod.loader.ui.patch.PatchExecutionActivity, frame=[0,0,0,0], touchableRegion=SkRegion((0,0,1080,2400)), scaleFactor=1.0, transform=null, windowToken=android.os.BinderProxy@64249c, isClone=false, visibal=true, focusable=true, changed=true
05-25 19:44:04.033  1453  1931 D WindowManager: wms.finishDrawingLocked: mDrawState=COMMIT_DRAW_PENDING Window{a734ea5 u0 com.bearmod.loader/com.bearmod.loader.ui.patch.PatchExecutionActivity} in Surface(name=com.bearmod.loader/com.bearmod.loader.ui.patch.PatchExecutionActivity)/@0x9ed09b8
05-25 19:44:04.033  1453  1931 D MiuiFreeFormGesturePointerEventListener: finishDrawingWindow: topFullScreenWindow= Window{a734ea5 u0 com.bearmod.loader/com.bearmod.loader.ui.patch.PatchExecutionActivity}
05-25 19:44:04.044  1453  1638 I WindowManager: wms.showSurfaceRobustly mWin:Window{a734ea5 u0 com.bearmod.loader/com.bearmod.loader.ui.patch.PatchExecutionActivity}
05-25 19:44:04.560  1453  1638 D WindowManager: wms.Update InputWindowHandle: a734ea5 com.bearmod.loader/com.bearmod.loader.ui.patch.PatchExecutionActivity, frame=[0,0,0,0], touchableRegion=SkRegion((0,0,1080,2400)), scaleFactor=1.0, transform=null, windowToken=android.os.BinderProxy@64249c, isClone=false, visibal=true, focusable=true, changed=true
05-25 19:44:09.798  1453  1786 W WindowManager: Changing focus from Window{a734ea5 u0 com.bearmod.loader/com.bearmod.loader.ui.patch.PatchExecutionActivity} to null displayId=0 Callers=com.android.server.wm.RootWindowContainer.updateFocusedWindowLocked:552 com.android.server.wm.WindowManagerService.updateFocusedWindowLocked:6566 com.android.server.wm.ActivityTaskManagerService.setLastResumedActivityUncheckLocked:4990 com.android.server.wm.ActivityRecord.moveFocusableActivityToTop:3839 
05-25 19:44:09.979  1453  1638 I SmartPower.com.bearmod.loader/10465(14631): visible->invisible(12200ms) R(become invisible) adj=200.
05-25 19:44:09.980  1453  1638 I SmartPower.com.bearmod.loader/10465(14631): invisible->background(1ms) R(become background) adj=200.
05-25 19:44:12.779  1453  2151 D ProcessMemoryCleaner: Compact memory: com.bearmod.loader/10465(14631) state=hibernation adj=702 pri=111 usage=6 isKilled=false pss:107634 swap:274
05-25 19:44:53.537  1453  1691 I AppsFilter: interaction: PackageSetting{6480dd3 com.bearmod.loader/10465} -> PackageSetting{5165d10 com.lugyi.apsy/10426} BLOCKED
05-25 19:44:53.537  1453  1691 I AppsFilter: interaction: PackageSetting{6480dd3 com.bearmod.loader/10465} -> PackageSetting{5165d10 com.lugyi.apsy/10426} BLOCKED
05-25 19:45:01.549  1453  1691 I AppsFilter: interaction: PackageSetting{6480dd3 com.bearmod.loader/10465} -> PackageSetting{d9c177c com.deepseek.chat/10326} BLOCKED
05-25 19:45:01.550  1453  1691 I AppsFilter: interaction: PackageSetting{6480dd3 com.bearmod.loader/10465} -> PackageSetting{d9c177c com.deepseek.chat/10326} BLOCKED
05-25 19:45:09.830  1453  3524 I AppOps  : uid = 1000 pid = 5780 set: com.bearmod.loader idle state true(1)
05-25 19:45:09.831  1453  1723 I AppStateTracker: Package com.bearmod.loader/10465 toggled into fg service restriction
05-25 19:45:09.831  1453  1723 I AppStateTracker: Package com.bearmod.loader/10465 toggled into fg service restriction
05-25 19:45:09.831  1453  1723 I AppStateTracker: Package com.bearmod.loader/10465 toggled into fg service restriction
05-25 19:45:09.831  1453  1723 I AppStateTracker: Package com.bearmod.loader/10465 toggled into fg service restriction
05-25 19:45:54.268  1453  4106 D CoreBackPreview: Window{a734ea5 u0 com.bearmod.loader/com.bearmod.loader.ui.patch.PatchExecutionActivity}: Setting back callback null
05-25 19:45:54.369  1453  3449 D WindowManager: setParent old=ActivityRecord{3bc2c7d u0 com.bearmod.loader/.ui.patch.PatchExecutionActivity} t6374 f}},new=null,this window=Window{a734ea5 u0 com.bearmod.loader/com.bearmod.loader.ui.patch.PatchExecutionActivity},callers=com.android.server.wm.WindowContainer.removeChild:832 com.android.server.wm.ActivityRecord.removeChild:4964 com.android.server.wm.ActivityRecord.removeChild:438 com.android.server.wm.WindowContainer.removeImmediately:893 com.android.server.wm.WindowState.removeImmediately:2707 com.android.server.wm.WindowState.removeIfPossible:2910 
05-25 19:45:54.421  1453  4106 D CoreBackPreview: Window{e985b33 u0 com.bearmod.loader/com.bearmod.loader.ui.main.MainActivity}: Setting back callback null
05-25 19:45:54.422  1453  3452 D WindowManager: setParent old=Task{1a87270 #6374 type=standard A=10465:com.bearmod.loader U=0 visible=false visibleRequested=false mode=fullscreen translucent=true sz=1},new=null,this window=ActivityRecord{3bc2c7d u0 com.bearmod.loader/.ui.patch.PatchExecutionActivity} t6374 f}},callers=com.android.server.wm.WindowContainer.removeChild:832 com.android.server.wm.TaskFragment.removeChild:2786 com.android.server.wm.Task.removeChild:1644 com.android.server.wm.Task.removeChild:1625 com.android.server.wm.WindowContainer.removeImmediately:893 com.android.server.wm.WindowToken.removeImmediately:369 
05-25 19:45:54.422  1453  3452 D WindowManager: setLockTaskAuth: task=Task{1a87270 #6374 type=standard A=10465:com.bearmod.loader U=0 visible=false visibleRequested=false mode=fullscreen translucent=true sz=1} mLockTaskAuth=LOCK_TASK_AUTH_PINNABLE
05-25 19:45:54.438  1453  1667 I ProcessSceneCleaner: OneKeyClean: force-stop pkgName=com.bearmod.loader info=AS:90519
05-25 19:45:54.438  1453  1667 I ActivityManager: Force stopping com.bearmod.loader appid=10465 user=0: OneKeyClean
05-25 19:45:54.452  1453  1667 I ActivityManager: Killing 14631:com.bearmod.loader/u0a465 (adj 905): stop com.bearmod.loader due to OneKeyClean
05-25 19:45:54.452  1453  1650 W UsageStatsService: Unexpected activity event reported! (com.bearmod.loader/com.bearmod.loader.ui.patch.PatchExecutionActivity event : 23 instanceId : 14947193)
05-25 19:45:54.454  1453  1667 W ActivityTaskManager: Force removing ActivityRecord{76a67dd u0 com.bearmod.loader/.ui.main.MainActivity} t6374 f}}: app died, no saved state
05-25 19:45:54.455  1453  1667 D WindowManager: setParent old=ActivityRecord{76a67dd u0 com.bearmod.loader/.ui.main.MainActivity} t6374 f}},new=null,this window=Window{e985b33 u0 com.bearmod.loader/com.bearmod.loader.ui.main.MainActivity},callers=com.android.server.wm.WindowContainer.removeChild:832 com.android.server.wm.ActivityRecord.removeChild:4964 com.android.server.wm.ActivityRecord.removeChild:438 com.android.server.wm.WindowContainer.removeImmediately:893 com.android.server.wm.WindowState.removeImmediately:2707 com.android.server.wm.WindowState.removeIfPossible:2910 
05-25 19:45:54.458  1453  1667 D WindowManager: setParent old=Task{1a87270 #6374 type=standard A=10465:com.bearmod.loader U=0 visible=false visibleRequested=false mode=fullscreen translucent=true sz=0},new=null,this window=ActivityRecord{76a67dd u0 com.bearmod.loader/.ui.main.MainActivity} t6374 f}},callers=com.android.server.wm.WindowContainer.removeChild:832 com.android.server.wm.TaskFragment.removeChild:2786 com.android.server.wm.Task.removeChild:1644 com.android.server.wm.Task.removeChild:1625 com.android.server.wm.WindowContainer.removeImmediately:893 com.android.server.wm.WindowToken.removeImmediately:369 
05-25 19:45:54.461  1453  1667 D WindowManager: setParent old=DefaultTaskDisplayArea@89389151,new=null,this window=Task{1a87270 #6374 type=standard A=10465:com.bearmod.loader U=0 visible=false visibleRequested=false mode=fullscreen translucent=true sz=0},callers=com.android.server.wm.WindowContainer.removeChild:832 com.android.server.wm.TaskDisplayArea.removeChildTask:369 com.android.server.wm.TaskDisplayArea.removeChild:360 com.android.server.wm.WindowContainer.removeImmediately:893 com.android.server.wm.TaskFragment.removeImmediately:2866 com.android.server.wm.Task.removeImmediately:3071 
05-25 19:45:54.478  1453  1650 W UsageStatsService: Unexpected activity event reported! (com.bearmod.loader/com.bearmod.loader.ui.main.MainActivity event : 23 instanceId : 81109539)
05-25 19:46:02.593  1453  3562 I ActivityTaskManager: START u0 {act=android.intent.action.MAIN cat=[android.intent.category.LAUNCHER] flg=0x10200000 cmp=com.bearmod.loader/.ui.splash.SplashActivity bnds=[67,1401][201,1535] (has extras)} from uid 10127 from pid 15892 callingPackage com.miui.home
05-25 19:46:02.602  1453  3562 D WindowManager: setLockTaskAuth: task=Task{e7733e8 #6377 type=standard A=10465:com.bearmod.loader U=0 visible=false visibleRequested=false mode=fullscreen translucent=true sz=0} mLockTaskAuth=LOCK_TASK_AUTH_PINNABLE
05-25 19:46:02.603  1453  3562 D WindowManager: setLockTaskAuth: task=Task{e7733e8 #6377 type=standard A=10465:com.bearmod.loader U=0 visible=true visibleRequested=false mode=fullscreen translucent=true sz=1} mLockTaskAuth=LOCK_TASK_AUTH_PINNABLE
05-25 19:46:02.623  1453  3550 D CoreBackPreview: Window{720cef5 u0 Splash Screen com.bearmod.loader}: Setting back callback OnBackInvokedCallbackInfo{mCallback=android.window.IOnBackInvokedCallback$Stub$Proxy@dda5afb, mPriority=0}
05-25 19:46:02.647  1453  1655 I ActivityManager: Start proc 18720:com.bearmod.loader/u0a465 for next-top-activity {com.bearmod.loader/com.bearmod.loader.ui.splash.SplashActivity} caller=com.miui.home
05-25 19:46:02.680  1453  1638 I SmartPower.com.bearmod.loader/10465(0): died->visible(8241ms) R(become visible) adj=-10000.
05-25 19:46:02.686  1453  1638 I WindowManager: wms.showSurfaceRobustly mWin:Window{720cef5 u0 Splash Screen com.bearmod.loader}
05-25 19:46:02.781  1453  1467 I AppOps  : uid = 1000 pid = 5780 set: com.bearmod.loader idle state false(0)
05-25 19:46:02.781  1453  1723 I AppStateTracker: Package com.bearmod.loader/10465 toggled out of fg service restriction
05-25 19:46:02.781  1453  1723 I AppStateTracker: Package com.bearmod.loader/10465 toggled out of fg service restriction
05-25 19:46:02.781  1453  1723 I AppStateTracker: Package com.bearmod.loader/10465 toggled out of fg service restriction
05-25 19:46:02.781  1453  1723 I AppStateTracker: Package com.bearmod.loader/10465 toggled out of fg service restriction
05-25 19:46:03.395  1453  1467 D CoreBackPreview: Window{de4a18f u0 com.bearmod.loader/com.bearmod.loader.ui.splash.SplashActivity}: Setting back callback OnBackInvokedCallbackInfo{mCallback=android.window.IOnBackInvokedCallback$Stub$Proxy@a13c7ab, mPriority=0}
05-25 19:46:03.398 18720 18720 W Looper  : PerfMonitor looperActivity : package=com.bearmod.loader/.ui.splash.SplashActivity time=178ms latency=445ms  procState=-1  historyMsgCount=3
05-25 19:46:03.399 18720 18720 W Looper  : PerfMonitor looperActivity : package=com.bearmod.loader/.ui.splash.SplashActivity time=0ms latency=624ms  procState=-1  historyMsgCount=4
05-25 19:46:03.416  1453  1467 W WindowManager: Changing focus from null to Window{de4a18f u0 com.bearmod.loader/com.bearmod.loader.ui.splash.SplashActivity} displayId=0 Callers=com.android.server.wm.RootWindowContainer.updateFocusedWindowLocked:552 com.android.server.wm.WindowManagerService.updateFocusedWindowLocked:6566 com.android.server.wm.WindowManagerService.relayoutWindow:2799 com.android.server.wm.Session.relayout:280 
05-25 19:46:03.418  1453  1467 D WindowManager: wms.Input focus has changed to Window{de4a18f u0 com.bearmod.loader/com.bearmod.loader.ui.splash.SplashActivity} display=0 updateInputWindows = true
05-25 19:46:03.418  1453  1467 I WindowManager: Relayout Window{de4a18f u0 com.bearmod.loader/com.bearmod.loader.ui.splash.SplashActivity}: oldVis=4 newVis=0 focusMayChange = true requestedWidth = 1080 requestedHeight = 2400 outFrames = ClientWindowFrames{frame=[0,0][1080,2400] display=[0,0][1080,2400] parentFrame=[0,0][0,0] parentClippedByDisplayCutout=false} outSurfaceControl = Surface(name=com.bearmod.loader/com.bearmod.loader.ui.splash.SplashActivity)/@0x3eb4938
05-25 19:46:03.419  1453  1638 D WindowManager: wms.Update InputWindowHandle: de4a18f com.bearmod.loader/com.bearmod.loader.ui.splash.SplashActivity, frame=[0,0,0,0], touchableRegion=SkRegion((0,0,1080,2400)), scaleFactor=1.0, transform=null, windowToken=android.os.BinderProxy@a50a8ee, isClone=false, visibal=true, focusable=true, changed=true
05-25 19:46:03.482  1453  1467 D WindowManager: wms.finishDrawingLocked: mDrawState=COMMIT_DRAW_PENDING Window{de4a18f u0 com.bearmod.loader/com.bearmod.loader.ui.splash.SplashActivity} in Surface(name=com.bearmod.loader/com.bearmod.loader.ui.splash.SplashActivity)/@0xd597ab9
05-25 19:46:03.482  1453  1467 D MiuiFreeFormGesturePointerEventListener: finishDrawingWindow: topFullScreenWindow= Window{de4a18f u0 com.bearmod.loader/com.bearmod.loader.ui.splash.SplashActivity}
05-25 19:46:03.489  1453  1638 I WindowManager: wms.showSurfaceRobustly mWin:Window{de4a18f u0 com.bearmod.loader/com.bearmod.loader.ui.splash.SplashActivity}
05-25 19:46:03.491  1453  1638 D WindowManager: wms.Update InputWindowHandle: de4a18f com.bearmod.loader/com.bearmod.loader.ui.splash.SplashActivity, frame=[0,0,0,0], touchableRegion=SkRegion((0,0,1080,2400)), scaleFactor=1.0, transform=null, windowToken=android.os.BinderProxy@a50a8ee, isClone=false, visibal=true, focusable=true, changed=true
05-25 19:46:03.497  1453  1931 D CoreBackPreview: Window{720cef5 u0 Splash Screen com.bearmod.loader}: Setting back callback null
05-25 19:46:03.508  1453  1638 D WindowManager: wms.Update InputWindowHandle: de4a18f com.bearmod.loader/com.bearmod.loader.ui.splash.SplashActivity, frame=[0,0,0,0], touchableRegion=SkRegion((0,0,1080,2400)), scaleFactor=1.0, transform=null, windowToken=android.os.BinderProxy@a50a8ee, isClone=false, visibal=true, focusable=true, changed=true
05-25 19:46:03.680  1453  1638 D WindowManager: setParent old=ActivityRecord{652a0da u0 com.bearmod.loader/.ui.splash.SplashActivity} t6377},new=null,this window=Window{720cef5 u0 Splash Screen com.bearmod.loader},callers=com.android.server.wm.WindowContainer.removeChild:832 com.android.server.wm.ActivityRecord.removeChild:4964 com.android.server.wm.ActivityRecord.removeChild:438 com.android.server.wm.WindowContainer.removeImmediately:893 com.android.server.wm.WindowState.removeImmediately:2707 com.android.server.wm.WindowState.destroySurface:3928 
05-25 19:46:06.378  1453  1467 I ActivityTaskManager: START u0 {cmp=com.bearmod.loader/.ui.auth.LoginActivity} from uid 10465 from pid 18720 callingPackage com.bearmod.loader
05-25 19:46:06.382  1453  1467 D WindowManager: setLockTaskAuth: task=Task{e7733e8 #6377 type=standard A=10465:com.bearmod.loader U=0 visible=true visibleRequested=true mode=fullscreen translucent=false sz=2} mLockTaskAuth=LOCK_TASK_AUTH_PINNABLE
05-25 19:46:06.388  1453  1638 D WindowManager: wms.Update InputWindowHandle: de4a18f com.bearmod.loader/com.bearmod.loader.ui.splash.SplashActivity, frame=[0,0,0,0], touchableRegion=SkRegion((0,0,1080,2400)), scaleFactor=1.0, transform=null, windowToken=android.os.BinderProxy@a50a8ee, isClone=false, visibal=true, focusable=true, changed=true
05-25 19:46:06.409  1453  1467 W WindowManager: Changing focus from Window{de4a18f u0 com.bearmod.loader/com.bearmod.loader.ui.splash.SplashActivity} to null displayId=0 Callers=com.android.server.wm.RootWindowContainer.updateFocusedWindowLocked:552 com.android.server.wm.WindowManagerService.updateFocusedWindowLocked:6566 com.android.server.wm.ActivityTaskManagerService.setLastResumedActivityUncheckLocked:4990 com.android.server.wm.ActivityTaskSupervisor.updateTopResumedActivityIfNeeded:2241 
05-25 19:46:06.590  1453  3550 D CoreBackPreview: Window{ae17749 u0 com.bearmod.loader/com.bearmod.loader.ui.auth.LoginActivity}: Setting back callback OnBackInvokedCallbackInfo{mCallback=android.window.IOnBackInvokedCallback$Stub$Proxy@a49ed6f, mPriority=0}
05-25 19:46:06.612  1453  1931 W WindowManager: Changing focus from null to Window{ae17749 u0 com.bearmod.loader/com.bearmod.loader.ui.auth.LoginActivity} displayId=0 Callers=com.android.server.wm.RootWindowContainer.updateFocusedWindowLocked:552 com.android.server.wm.WindowManagerService.updateFocusedWindowLocked:6566 com.android.server.wm.WindowManagerService.relayoutWindow:2799 com.android.server.wm.Session.relayout:280 
05-25 19:46:06.614  1453  1931 D WindowManager: wms.Input focus has changed to Window{ae17749 u0 com.bearmod.loader/com.bearmod.loader.ui.auth.LoginActivity} display=0 updateInputWindows = true
05-25 19:46:06.614  1453  1931 I WindowManager: Relayout Window{ae17749 u0 com.bearmod.loader/com.bearmod.loader.ui.auth.LoginActivity}: oldVis=4 newVis=0 focusMayChange = true requestedWidth = 1080 requestedHeight = 2400 outFrames = ClientWindowFrames{frame=[0,0][1080,2400] display=[0,0][1080,2400] parentFrame=[0,0][0,0] parentClippedByDisplayCutout=false} outSurfaceControl = Surface(name=com.bearmod.loader/com.bearmod.loader.ui.auth.LoginActivity)/@0x4691aac
05-25 19:46:06.615  1453  1638 D WindowManager: wms.Update InputWindowHandle: ae17749 com.bearmod.loader/com.bearmod.loader.ui.auth.LoginActivity, frame=[0,0,0,0], touchableRegion=SkRegion((0,0,1080,2400)), scaleFactor=1.0, transform=null, windowToken=android.os.BinderProxy@e893313, isClone=false, visibal=true, focusable=true, changed=true
05-25 19:46:06.671  1453  3550 D WindowManager: wms.finishDrawingLocked: mDrawState=COMMIT_DRAW_PENDING Window{ae17749 u0 com.bearmod.loader/com.bearmod.loader.ui.auth.LoginActivity} in Surface(name=com.bearmod.loader/com.bearmod.loader.ui.auth.LoginActivity)/@0x42b265e
05-25 19:46:06.672  1453  3550 D MiuiFreeFormGesturePointerEventListener: finishDrawingWindow: topFullScreenWindow= Window{ae17749 u0 com.bearmod.loader/com.bearmod.loader.ui.auth.LoginActivity}
05-25 19:46:06.686  1453  1638 I WindowManager: wms.showSurfaceRobustly mWin:Window{ae17749 u0 com.bearmod.loader/com.bearmod.loader.ui.auth.LoginActivity}
05-25 19:46:07.206  1453  1638 D WindowManager: wms.Update InputWindowHandle: ae17749 com.bearmod.loader/com.bearmod.loader.ui.auth.LoginActivity, frame=[0,0,0,0], touchableRegion=SkRegion((0,0,1080,2400)), scaleFactor=1.0, transform=null, windowToken=android.os.BinderProxy@e893313, isClone=false, visibal=true, focusable=true, changed=true
05-25 19:46:07.225  1453  1468 D CoreBackPreview: Window{de4a18f u0 com.bearmod.loader/com.bearmod.loader.ui.splash.SplashActivity}: Setting back callback null
05-25 19:46:07.226  1453  1931 D WindowManager: setParent old=ActivityRecord{652a0da u0 com.bearmod.loader/.ui.splash.SplashActivity} t6377 f}},new=null,this window=Window{de4a18f u0 com.bearmod.loader/com.bearmod.loader.ui.splash.SplashActivity},callers=com.android.server.wm.WindowContainer.removeChild:832 com.android.server.wm.ActivityRecord.removeChild:4964 com.android.server.wm.ActivityRecord.removeChild:438 com.android.server.wm.WindowContainer.removeImmediately:893 com.android.server.wm.WindowState.removeImmediately:2707 com.android.server.wm.WindowState.removeIfPossible:2910 
05-25 19:46:07.231  1453  3550 D WindowManager: setParent old=Task{e7733e8 #6377 type=standard A=10465:com.bearmod.loader U=0 visible=true visibleRequested=true mode=fullscreen translucent=false sz=1},new=null,this window=ActivityRecord{652a0da u0 com.bearmod.loader/.ui.splash.SplashActivity} t6377 f}},callers=com.android.server.wm.WindowContainer.removeChild:832 com.android.server.wm.TaskFragment.removeChild:2786 com.android.server.wm.Task.removeChild:1644 com.android.server.wm.Task.removeChild:1625 com.android.server.wm.WindowContainer.removeImmediately:893 com.android.server.wm.WindowToken.removeImmediately:369 
05-25 19:46:07.231  1453  3550 D WindowManager: setLockTaskAuth: task=Task{e7733e8 #6377 type=standard A=10465:com.bearmod.loader U=0 visible=true visibleRequested=true mode=fullscreen translucent=false sz=1} mLockTaskAuth=LOCK_TASK_AUTH_PINNABLE
05-25 19:46:08.357  1453  1931 D PerfShielderService: com.bearmod.loader|com.bearmod.loader/com.bearmod.loader.ui.auth.LoginActivity|224|679591827475890|172|0|2
05-25 19:46:08.358  3447  3493 W MiuiPerfServiceClient: interceptAndQueuing:18720|com.bearmod.loader|224|172|679591827475890|Slow main thread|2
05-25 19:46:08.474  1453  1931 I ActivityTaskManager: START u0 {cmp=com.bearmod.loader/.ui.main.MainActivity} from uid 10465 from pid 18720 callingPackage com.bearmod.loader
05-25 19:46:08.476  1453  1931 D WindowManager: setLockTaskAuth: task=Task{e7733e8 #6377 type=standard A=10465:com.bearmod.loader U=0 visible=true visibleRequested=true mode=fullscreen translucent=false sz=2} mLockTaskAuth=LOCK_TASK_AUTH_PINNABLE
05-25 19:46:08.481  1453  1638 D WindowManager: wms.Update InputWindowHandle: ae17749 com.bearmod.loader/com.bearmod.loader.ui.auth.LoginActivity, frame=[0,0,0,0], touchableRegion=SkRegion((0,0,1080,2400)), scaleFactor=1.0, transform=null, windowToken=android.os.BinderProxy@e893313, isClone=false, visibal=true, focusable=true, changed=true
05-25 19:46:08.498  1453  3550 W WindowManager: Changing focus from Window{ae17749 u0 com.bearmod.loader/com.bearmod.loader.ui.auth.LoginActivity} to null displayId=0 Callers=com.android.server.wm.RootWindowContainer.updateFocusedWindowLocked:552 com.android.server.wm.WindowManagerService.updateFocusedWindowLocked:6566 com.android.server.wm.ActivityTaskManagerService.setLastResumedActivityUncheckLocked:4990 com.android.server.wm.ActivityTaskSupervisor.updateTopResumedActivityIfNeeded:2241 
05-25 19:46:08.736  1453  3550 D CoreBackPreview: Window{f458303 u0 com.bearmod.loader/com.bearmod.loader.ui.main.MainActivity}: Setting back callback OnBackInvokedCallbackInfo{mCallback=android.window.IOnBackInvokedCallback$Stub$Proxy@bd58f75, mPriority=0}
05-25 19:46:08.776  1453  1467 W WindowManager: Changing focus from null to Window{f458303 u0 com.bearmod.loader/com.bearmod.loader.ui.main.MainActivity} displayId=0 Callers=com.android.server.wm.RootWindowContainer.updateFocusedWindowLocked:552 com.android.server.wm.WindowManagerService.updateFocusedWindowLocked:6566 com.android.server.wm.WindowManagerService.relayoutWindow:2799 com.android.server.wm.Session.relayout:280 
05-25 19:46:08.778  1453  1467 D WindowManager: wms.Input focus has changed to Window{f458303 u0 com.bearmod.loader/com.bearmod.loader.ui.main.MainActivity} display=0 updateInputWindows = true
05-25 19:46:08.779  1453  1467 I WindowManager: Relayout Window{f458303 u0 com.bearmod.loader/com.bearmod.loader.ui.main.MainActivity}: oldVis=4 newVis=0 focusMayChange = true requestedWidth = 1080 requestedHeight = 2400 outFrames = ClientWindowFrames{frame=[0,0][1080,2400] display=[0,0][1080,2400] parentFrame=[0,0][0,0] parentClippedByDisplayCutout=false} outSurfaceControl = Surface(name=com.bearmod.loader/com.bearmod.loader.ui.main.MainActivity)/@0xb93886
05-25 19:46:08.779  1453  1638 D WindowManager: wms.Update InputWindowHandle: f458303 com.bearmod.loader/com.bearmod.loader.ui.main.MainActivity, frame=[0,0,0,0], touchableRegion=SkRegion((0,0,1080,2400)), scaleFactor=1.0, transform=null, windowToken=android.os.BinderProxy@95317b2, isClone=false, visibal=true, focusable=true, changed=true
05-25 19:46:08.927  1453  1468 D WindowManager: wms.finishDrawingLocked: mDrawState=COMMIT_DRAW_PENDING Window{f458303 u0 com.bearmod.loader/com.bearmod.loader.ui.main.MainActivity} in Surface(name=com.bearmod.loader/com.bearmod.loader.ui.main.MainActivity)/@0x81e6b21
05-25 19:46:08.927  1453  1468 D MiuiFreeFormGesturePointerEventListener: finishDrawingWindow: topFullScreenWindow= Window{f458303 u0 com.bearmod.loader/com.bearmod.loader.ui.main.MainActivity}
05-25 19:46:08.940  1453  1638 I WindowManager: wms.showSurfaceRobustly mWin:Window{f458303 u0 com.bearmod.loader/com.bearmod.loader.ui.main.MainActivity}
05-25 19:46:09.111  1453  1638 D WindowManager: setParent old=Window{ae17749 u0 com.bearmod.loader/com.bearmod.loader.ui.auth.LoginActivity},new=null,this window=Window{1cd1460 u0 PopupWindow:a7e9707},callers=com.android.server.wm.WindowContainer.removeChild:832 com.android.server.wm.WindowContainer.removeImmediately:893 com.android.server.wm.WindowState.removeImmediately:2707 com.android.server.wm.WindowState.destroySurface:3928 com.android.server.wm.WindowState.onExitAnimationDone:5688 com.android.server.wm.WindowStateAnimator.onAnimationFinished:201 
05-25 19:46:09.443  1453  1638 D WindowManager: setParent old=Window{ae17749 u0 com.bearmod.loader/com.bearmod.loader.ui.auth.LoginActivity},new=null,this window=Window{be3dbf0 u0 PopupWindow:c358239},callers=com.android.server.wm.WindowContainer.removeChild:832 com.android.server.wm.WindowContainer.removeImmediately:893 com.android.server.wm.WindowState.removeImmediately:2707 com.android.server.wm.WindowState.destroySurface:3928 com.android.server.wm.WindowState.onExitAnimationDone:5688 com.android.server.wm.WindowState.onExitAnimationDone:5635 
05-25 19:46:09.453  1453  1638 D WindowManager: wms.Update InputWindowHandle: f458303 com.bearmod.loader/com.bearmod.loader.ui.main.MainActivity, frame=[0,0,0,0], touchableRegion=SkRegion((0,0,1080,2400)), scaleFactor=1.0, transform=null, windowToken=android.os.BinderProxy@95317b2, isClone=false, visibal=true, focusable=true, changed=true
05-25 19:46:09.469  1453  3550 D CoreBackPreview: Window{ae17749 u0 com.bearmod.loader/com.bearmod.loader.ui.auth.LoginActivity}: Setting back callback null
05-25 19:46:09.471  1453  1467 D WindowManager: setParent old=ActivityRecord{d1153fb u0 com.bearmod.loader/.ui.auth.LoginActivity} t6377 f}},new=null,this window=Window{ae17749 u0 com.bearmod.loader/com.bearmod.loader.ui.auth.LoginActivity},callers=com.android.server.wm.WindowContainer.removeChild:832 com.android.server.wm.ActivityRecord.removeChild:4964 com.android.server.wm.ActivityRecord.removeChild:438 com.android.server.wm.WindowContainer.removeImmediately:893 com.android.server.wm.WindowState.removeImmediately:2707 com.android.server.wm.WindowState.removeIfPossible:2910 
05-25 19:46:09.476  1453  3550 D WindowManager: setParent old=Task{e7733e8 #6377 type=standard A=10465:com.bearmod.loader U=0 visible=true visibleRequested=true mode=fullscreen translucent=false sz=1},new=null,this window=ActivityRecord{d1153fb u0 com.bearmod.loader/.ui.auth.LoginActivity} t6377 f}},callers=com.android.server.wm.WindowContainer.removeChild:832 com.android.server.wm.TaskFragment.removeChild:2786 com.android.server.wm.Task.removeChild:1644 com.android.server.wm.Task.removeChild:1625 com.android.server.wm.WindowContainer.removeImmediately:893 com.android.server.wm.WindowToken.removeImmediately:369 
05-25 19:46:09.477  1453  3550 D WindowManager: setLockTaskAuth: task=Task{e7733e8 #6377 type=standard A=10465:com.bearmod.loader U=0 visible=true visibleRequested=true mode=fullscreen translucent=false sz=1} mLockTaskAuth=LOCK_TASK_AUTH_PINNABLE
05-25 19:46:12.452  1453  1931 D PerfShielderService: com.bearmod.loader|com.bearmod.loader/com.bearmod.loader.ui.main.MainActivity|120|679594827101429|101|5|3
05-25 19:46:12.452  3447  3493 W MiuiPerfServiceClient: interceptAndQueuing:18720|com.bearmod.loader|120|101|679594827101429|Slow issue draw commands|3
05-25 19:46:15.957  1453  1467 I ActivityTaskManager: START u0 {cmp=com.bearmod.loader/.ui.download.DownloadActivity} from uid 10465 from pid 18720 callingPackage com.bearmod.loader
05-25 19:46:15.961  1453  1467 D WindowManager: setLockTaskAuth: task=Task{e7733e8 #6377 type=standard A=10465:com.bearmod.loader U=0 visible=true visibleRequested=true mode=fullscreen translucent=false sz=2} mLockTaskAuth=LOCK_TASK_AUTH_PINNABLE
05-25 19:46:15.966  1453  1638 D WindowManager: wms.Update InputWindowHandle: f458303 com.bearmod.loader/com.bearmod.loader.ui.main.MainActivity, frame=[0,0,0,0], touchableRegion=SkRegion((0,0,1080,2400)), scaleFactor=1.0, transform=null, windowToken=android.os.BinderProxy@95317b2, isClone=false, visibal=true, focusable=true, changed=true
05-25 19:46:16.014  1453  1468 W WindowManager: Changing focus from Window{f458303 u0 com.bearmod.loader/com.bearmod.loader.ui.main.MainActivity} to null displayId=0 Callers=com.android.server.wm.RootWindowContainer.updateFocusedWindowLocked:552 com.android.server.wm.WindowManagerService.updateFocusedWindowLocked:6566 com.android.server.wm.ActivityTaskManagerService.setLastResumedActivityUncheckLocked:4990 com.android.server.wm.ActivityTaskSupervisor.updateTopResumedActivityIfNeeded:2241 
05-25 19:46:16.141  1453  1468 D CoreBackPreview: Window{1bb0b79 u0 com.bearmod.loader/com.bearmod.loader.ui.download.DownloadActivity}: Setting back callback OnBackInvokedCallbackInfo{mCallback=android.window.IOnBackInvokedCallback$Stub$Proxy@157e635, mPriority=0}
05-25 19:46:16.170  1453  4008 W WindowManager: Changing focus from null to Window{1bb0b79 u0 com.bearmod.loader/com.bearmod.loader.ui.download.DownloadActivity} displayId=0 Callers=com.android.server.wm.RootWindowContainer.updateFocusedWindowLocked:552 com.android.server.wm.WindowManagerService.updateFocusedWindowLocked:6566 com.android.server.wm.WindowManagerService.relayoutWindow:2799 com.android.server.wm.Session.relayout:280 
05-25 19:46:16.173  1453  4008 D WindowManager: wms.Input focus has changed to Window{1bb0b79 u0 com.bearmod.loader/com.bearmod.loader.ui.download.DownloadActivity} display=0 updateInputWindows = true
05-25 19:46:16.174  1453  4008 I WindowManager: Relayout Window{1bb0b79 u0 com.bearmod.loader/com.bearmod.loader.ui.download.DownloadActivity}: oldVis=4 newVis=0 focusMayChange = true requestedWidth = 1080 requestedHeight = 2400 outFrames = ClientWindowFrames{frame=[0,0][1080,2400] display=[0,0][1080,2400] parentFrame=[0,0][0,0] parentClippedByDisplayCutout=false} outSurfaceControl = Surface(name=com.bearmod.loader/com.bearmod.loader.ui.download.DownloadActivity)/@0xb1c0a7a
05-25 19:46:16.174  1453  1638 D WindowManager: wms.Update InputWindowHandle: 1bb0b79 com.bearmod.loader/com.bearmod.loader.ui.download.DownloadActivity, frame=[0,0,0,0], touchableRegion=SkRegion((0,0,1080,2400)), scaleFactor=1.0, transform=null, windowToken=android.os.BinderProxy@73c4040, isClone=false, visibal=true, focusable=true, changed=true
05-25 19:46:16.193  1453  4008 D WindowManager: wms.finishDrawingLocked: mDrawState=COMMIT_DRAW_PENDING Window{1bb0b79 u0 com.bearmod.loader/com.bearmod.loader.ui.download.DownloadActivity} in Surface(name=com.bearmod.loader/com.bearmod.loader.ui.download.DownloadActivity)/@0x6e1255d
05-25 19:46:16.194  1453  4008 D MiuiFreeFormGesturePointerEventListener: finishDrawingWindow: topFullScreenWindow= Window{1bb0b79 u0 com.bearmod.loader/com.bearmod.loader.ui.download.DownloadActivity}
05-25 19:46:16.218  1453  1638 I WindowManager: wms.showSurfaceRobustly mWin:Window{1bb0b79 u0 com.bearmod.loader/com.bearmod.loader.ui.download.DownloadActivity}
05-25 19:46:16.728  1453  1638 D WindowManager: wms.Update InputWindowHandle: 1bb0b79 com.bearmod.loader/com.bearmod.loader.ui.download.DownloadActivity, frame=[0,0,0,0], touchableRegion=SkRegion((0,0,1080,2400)), scaleFactor=1.0, transform=null, windowToken=android.os.BinderProxy@73c4040, isClone=false, visibal=true, focusable=true, changed=true
05-25 19:46:17.855  1453  1638 D WindowManager: wms.Focus not requested for window=Window{1bb0b79 u0 com.bearmod.loader/com.bearmod.loader.ui.download.DownloadActivity} because it has no surface or is not focusable.
05-25 19:46:17.866  1453  4008 W WindowManager: Changing focus from Window{1bb0b79 u0 com.bearmod.loader/com.bearmod.loader.ui.download.DownloadActivity} to null displayId=0 Callers=com.android.server.wm.RootWindowContainer.updateFocusedWindowLocked:552 com.android.server.wm.WindowManagerService.updateFocusedWindowLocked:6566 com.android.server.wm.ActivityTaskManagerService.setLastResumedActivityUncheckLocked:4990 com.android.server.wm.ActivityTaskSupervisor.updateTopResumedActivityIfNeeded:2241 
05-25 19:46:17.890  1453  3562 W WindowManager: Changing focus from null to Window{f458303 u0 com.bearmod.loader/com.bearmod.loader.ui.main.MainActivity} displayId=0 Callers=com.android.server.wm.RootWindowContainer.updateFocusedWindowLocked:552 com.android.server.wm.WindowManagerService.updateFocusedWindowLocked:6566 com.android.server.wm.WindowManagerService.relayoutWindow:2799 com.android.server.wm.Session.relayout:280 
05-25 19:46:17.893  1453  3562 D WindowManager: wms.Input focus has changed to Window{f458303 u0 com.bearmod.loader/com.bearmod.loader.ui.main.MainActivity} display=0 updateInputWindows = true
05-25 19:46:17.893  1453  3562 I WindowManager: Relayout Window{f458303 u0 com.bearmod.loader/com.bearmod.loader.ui.main.MainActivity}: oldVis=8 newVis=0 focusMayChange = true requestedWidth = 1080 requestedHeight = 2400 outFrames = ClientWindowFrames{frame=[0,0][1080,2400] display=[0,0][1080,2400] parentFrame=[0,0][0,0] parentClippedByDisplayCutout=false} outSurfaceControl = Surface(name=com.bearmod.loader/com.bearmod.loader.ui.main.MainActivity)/@0x5218b98
05-25 19:46:17.894  1453  1638 D WindowManager: wms.Update InputWindowHandle: f458303 com.bearmod.loader/com.bearmod.loader.ui.main.MainActivity, frame=[0,0,0,0], touchableRegion=SkRegion((0,0,1080,2400)), scaleFactor=1.0, transform=null, windowToken=android.os.BinderProxy@95317b2, isClone=false, visibal=true, focusable=true, changed=true
05-25 19:46:17.937  1453  1467 D WindowManager: wms.finishDrawingLocked: mDrawState=COMMIT_DRAW_PENDING Window{f458303 u0 com.bearmod.loader/com.bearmod.loader.ui.main.MainActivity} in Surface(name=com.bearmod.loader/com.bearmod.loader.ui.main.MainActivity)/@0xaf5a747
05-25 19:46:17.950  1453  1638 I WindowManager: wms.showSurfaceRobustly mWin:Window{f458303 u0 com.bearmod.loader/com.bearmod.loader.ui.main.MainActivity}
05-25 19:46:18.463  1453  1638 D WindowManager: wms.Update InputWindowHandle: f458303 com.bearmod.loader/com.bearmod.loader.ui.main.MainActivity, frame=[0,0,0,0], touchableRegion=SkRegion((0,0,1080,2400)), scaleFactor=1.0, transform=null, windowToken=android.os.BinderProxy@95317b2, isClone=false, visibal=true, focusable=true, changed=true
05-25 19:46:18.488  1453  4020 D CoreBackPreview: Window{1bb0b79 u0 com.bearmod.loader/com.bearmod.loader.ui.download.DownloadActivity}: Setting back callback null
05-25 19:46:18.496  1453  4020 D WindowManager: setParent old=ActivityRecord{14fa77c u0 com.bearmod.loader/.ui.download.DownloadActivity} t6377 f}},new=null,this window=Window{1bb0b79 u0 com.bearmod.loader/com.bearmod.loader.ui.download.DownloadActivity},callers=com.android.server.wm.WindowContainer.removeChild:832 com.android.server.wm.ActivityRecord.removeChild:4964 com.android.server.wm.ActivityRecord.removeChild:438 com.android.server.wm.WindowContainer.removeImmediately:893 com.android.server.wm.WindowState.removeImmediately:2707 com.android.server.wm.WindowState.removeIfPossible:2910 
05-25 19:46:18.501  1453  4020 D WindowManager: setParent old=Task{e7733e8 #6377 type=standard A=10465:com.bearmod.loader U=0 visible=true visibleRequested=true mode=fullscreen translucent=false sz=1},new=null,this window=ActivityRecord{14fa77c u0 com.bearmod.loader/.ui.download.DownloadActivity} t6377 f}},callers=com.android.server.wm.WindowContainer.removeChild:832 com.android.server.wm.TaskFragment.removeChild:2786 com.android.server.wm.Task.removeChild:1644 com.android.server.wm.Task.removeChild:1625 com.android.server.wm.WindowContainer.removeImmediately:893 com.android.server.wm.WindowToken.removeImmediately:369 
05-25 19:46:18.501  1453  4020 D WindowManager: setLockTaskAuth: task=Task{e7733e8 #6377 type=standard A=10465:com.bearmod.loader U=0 visible=true visibleRequested=true mode=fullscreen translucent=false sz=1} mLockTaskAuth=LOCK_TASK_AUTH_PINNABLE
05-25 19:46:18.921  1453  1786 W WindowManager: Changing focus from Window{f458303 u0 com.bearmod.loader/com.bearmod.loader.ui.main.MainActivity} to null displayId=0 Callers=com.android.server.wm.RootWindowContainer.updateFocusedWindowLocked:552 com.android.server.wm.WindowManagerService.updateFocusedWindowLocked:6566 com.android.server.wm.ActivityTaskManagerService.setLastResumedActivityUncheckLocked:4990 com.android.server.wm.ActivityRecord.moveFocusableActivityToTop:3839 
05-25 19:46:19.070  1453  1638 I SmartPower.com.bearmod.loader/10465(18720): visible->invisible(16390ms) R(become invisible) adj=200.
05-25 19:46:19.070  1453  1638 I SmartPower.com.bearmod.loader/10465(18720): invisible->background(1ms) R(become background) adj=200.
05-25 19:46:19.766  1453  3562 D CoreBackPreview: Window{f458303 u0 com.bearmod.loader/com.bearmod.loader.ui.main.MainActivity}: Setting back callback null
05-25 19:46:19.827  1453  1667 I ProcessSceneCleaner: OneKeyClean: force-stop pkgName=com.bearmod.loader info=AS:90519
05-25 19:46:19.828  1453  1667 I ActivityManager: Force stopping com.bearmod.loader appid=10465 user=0: OneKeyClean
05-25 19:46:19.832  1453  1667 I ActivityManager: Killing 18720:com.bearmod.loader/u0a465 (adj 905): stop com.bearmod.loader due to OneKeyClean
05-25 19:46:19.834  1453  1667 W ActivityTaskManager: Force removing ActivityRecord{b9b7bf5 u0 com.bearmod.loader/.ui.main.MainActivity} t6377 f}}: app died, no saved state
05-25 19:46:19.835  1453  1667 D WindowManager: setParent old=ActivityRecord{b9b7bf5 u0 com.bearmod.loader/.ui.main.MainActivity} t6377 f}},new=null,this window=Window{f458303 u0 com.bearmod.loader/com.bearmod.loader.ui.main.MainActivity},callers=com.android.server.wm.WindowContainer.removeChild:832 com.android.server.wm.ActivityRecord.removeChild:4964 com.android.server.wm.ActivityRecord.removeChild:438 com.android.server.wm.WindowContainer.removeImmediately:893 com.android.server.wm.WindowState.removeImmediately:2707 com.android.server.wm.WindowState.removeIfPossible:2910 
05-25 19:46:19.839  1453  1667 D WindowManager: setParent old=Task{e7733e8 #6377 type=standard A=10465:com.bearmod.loader U=0 visible=false visibleRequested=false mode=fullscreen translucent=true sz=0},new=null,this window=ActivityRecord{b9b7bf5 u0 com.bearmod.loader/.ui.main.MainActivity} t6377 f}},callers=com.android.server.wm.WindowContainer.removeChild:832 com.android.server.wm.TaskFragment.removeChild:2786 com.android.server.wm.Task.removeChild:1644 com.android.server.wm.Task.removeChild:1625 com.android.server.wm.WindowContainer.removeImmediately:893 com.android.server.wm.WindowToken.removeImmediately:369 
05-25 19:46:19.843  1453  1667 D WindowManager: setParent old=DefaultTaskDisplayArea@89389151,new=null,this window=Task{e7733e8 #6377 type=standard A=10465:com.bearmod.loader U=0 visible=false visibleRequested=false mode=fullscreen translucent=true sz=0},callers=com.android.server.wm.WindowContainer.removeChild:832 com.android.server.wm.TaskDisplayArea.removeChildTask:369 com.android.server.wm.TaskDisplayArea.removeChild:360 com.android.server.wm.WindowContainer.removeImmediately:893 com.android.server.wm.TaskFragment.removeImmediately:2866 com.android.server.wm.Task.removeImmediately:3071 
05-25 19:46:19.914  1453  1650 W UsageStatsService: Unexpected activity event reported! (com.bearmod.loader/com.bearmod.loader.ui.main.MainActivity event : 23 instanceId : 171790331)
05-25 19:47:18.965  1453  2694 I AppOps  : uid = 1000 pid = 5780 set: com.bearmod.loader idle state true(1)
05-25 19:47:18.965  1453  1723 I AppStateTracker: Package com.bearmod.loader/10465 toggled into fg service restriction
05-25 19:47:18.966  1453  1723 I AppStateTracker: Package com.bearmod.loader/10465 toggled into fg service restriction
05-25 19:47:18.966  1453  1723 I AppStateTracker: Package com.bearmod.loader/10465 toggled into fg service restriction
05-25 19:47:18.966  1453  1723 I AppStateTracker: Package com.bearmod.loader/10465 toggled into fg service restriction
05-25 19:48:12.166  1453  1930 I ActivityTaskManager: START u0 {act=android.intent.action.MAIN cat=[android.intent.category.LAUNCHER] flg=0x10200000 cmp=com.bearmod.loader/.ui.splash.SplashActivity bnds=[67,1401][201,1535] (has extras)} from uid 10127 from pid 15892 callingPackage com.miui.home
05-25 19:48:12.170  1453  1930 D WindowManager: setLockTaskAuth: task=Task{63b9e10 #6378 type=standard A=10465:com.bearmod.loader U=0 visible=false visibleRequested=false mode=fullscreen translucent=true sz=0} mLockTaskAuth=LOCK_TASK_AUTH_PINNABLE
05-25 19:48:12.171  1453  1930 D WindowManager: setLockTaskAuth: task=Task{63b9e10 #6378 type=standard A=10465:com.bearmod.loader U=0 visible=true visibleRequested=false mode=fullscreen translucent=true sz=1} mLockTaskAuth=LOCK_TASK_AUTH_PINNABLE
05-25 19:48:12.193  1453  4106 D CoreBackPreview: Window{9f6437d u0 Splash Screen com.bearmod.loader}: Setting back callback OnBackInvokedCallbackInfo{mCallback=android.window.IOnBackInvokedCallback$Stub$Proxy@d90f6c3, mPriority=0}
05-25 19:48:12.198  1453  1655 I ActivityManager: Start proc 20387:com.bearmod.loader/u0a465 for next-top-activity {com.bearmod.loader/com.bearmod.loader.ui.splash.SplashActivity} caller=com.miui.home
05-25 19:48:12.222  1453  1638 I SmartPower.com.bearmod.loader/10465(0): died->visible(112392ms) R(become visible) adj=-10000.
05-25 19:48:12.230  1453  1638 I WindowManager: wms.showSurfaceRobustly mWin:Window{9f6437d u0 Splash Screen com.bearmod.loader}
05-25 19:48:12.282  1453  4090 I AppOps  : uid = 1000 pid = 5780 set: com.bearmod.loader idle state false(0)
05-25 19:48:12.283  1453  1723 I AppStateTracker: Package com.bearmod.loader/10465 toggled out of fg service restriction
05-25 19:48:12.283  1453  1723 I AppStateTracker: Package com.bearmod.loader/10465 toggled out of fg service restriction
05-25 19:48:12.283  1453  1723 I AppStateTracker: Package com.bearmod.loader/10465 toggled out of fg service restriction
05-25 19:48:12.283  1453  1723 I AppStateTracker: Package com.bearmod.loader/10465 toggled out of fg service restriction
05-25 19:48:12.944  1453  1706 D CoreBackPreview: Window{4e8929a u0 com.bearmod.loader/com.bearmod.loader.ui.splash.SplashActivity}: Setting back callback OnBackInvokedCallbackInfo{mCallback=android.window.IOnBackInvokedCallback$Stub$Proxy@c800a54, mPriority=0}
05-25 19:48:12.945 20387 20387 W Looper  : PerfMonitor looperActivity : package=com.bearmod.loader/.ui.splash.SplashActivity time=189ms latency=484ms  procState=-1  historyMsgCount=3
05-25 19:48:12.945 20387 20387 W Looper  : PerfMonitor looperActivity : package=com.bearmod.loader/.ui.splash.SplashActivity time=0ms latency=672ms  procState=-1  historyMsgCount=4
05-25 19:48:12.959  1453  3438 W WindowManager: Changing focus from null to Window{4e8929a u0 com.bearmod.loader/com.bearmod.loader.ui.splash.SplashActivity} displayId=0 Callers=com.android.server.wm.RootWindowContainer.updateFocusedWindowLocked:552 com.android.server.wm.WindowManagerService.updateFocusedWindowLocked:6566 com.android.server.wm.WindowManagerService.relayoutWindow:2799 com.android.server.wm.Session.relayout:280 
05-25 19:48:12.962  1453  3438 D WindowManager: wms.Input focus has changed to Window{4e8929a u0 com.bearmod.loader/com.bearmod.loader.ui.splash.SplashActivity} display=0 updateInputWindows = true
05-25 19:48:12.962  1453  3438 I WindowManager: Relayout Window{4e8929a u0 com.bearmod.loader/com.bearmod.loader.ui.splash.SplashActivity}: oldVis=4 newVis=0 focusMayChange = true requestedWidth = 1080 requestedHeight = 2400 outFrames = ClientWindowFrames{frame=[0,0][1080,2400] display=[0,0][1080,2400] parentFrame=[0,0][0,0] parentClippedByDisplayCutout=false} outSurfaceControl = Surface(name=com.bearmod.loader/com.bearmod.loader.ui.splash.SplashActivity)/@0x533f9bb
05-25 19:48:12.963  1453  1638 D WindowManager: wms.Update InputWindowHandle: 4e8929a com.bearmod.loader/com.bearmod.loader.ui.splash.SplashActivity, frame=[0,0,0,0], touchableRegion=SkRegion((0,0,1080,2400)), scaleFactor=1.0, transform=null, windowToken=android.os.BinderProxy@816db45, isClone=false, visibal=true, focusable=true, changed=true
05-25 19:48:13.013  1453  3438 D WindowManager: wms.finishDrawingLocked: mDrawState=COMMIT_DRAW_PENDING Window{4e8929a u0 com.bearmod.loader/com.bearmod.loader.ui.splash.SplashActivity} in Surface(name=com.bearmod.loader/com.bearmod.loader.ui.splash.SplashActivity)/@0x89742b4
05-25 19:48:13.013  1453  3438 D MiuiFreeFormGesturePointerEventListener: finishDrawingWindow: topFullScreenWindow= Window{4e8929a u0 com.bearmod.loader/com.bearmod.loader.ui.splash.SplashActivity}
05-25 19:48:13.018  1453  1638 I WindowManager: wms.showSurfaceRobustly mWin:Window{4e8929a u0 com.bearmod.loader/com.bearmod.loader.ui.splash.SplashActivity}
05-25 19:48:13.020  1453  1638 D WindowManager: wms.Update InputWindowHandle: 4e8929a com.bearmod.loader/com.bearmod.loader.ui.splash.SplashActivity, frame=[0,0,0,0], touchableRegion=SkRegion((0,0,1080,2400)), scaleFactor=1.0, transform=null, windowToken=android.os.BinderProxy@816db45, isClone=false, visibal=true, focusable=true, changed=true
05-25 19:48:13.037  1453  3533 D CoreBackPreview: Window{9f6437d u0 Splash Screen com.bearmod.loader EXITING}: Setting back callback null
05-25 19:48:13.038  1453  1638 D WindowManager: wms.Update InputWindowHandle: 4e8929a com.bearmod.loader/com.bearmod.loader.ui.splash.SplashActivity, frame=[0,0,0,0], touchableRegion=SkRegion((0,0,1080,2400)), scaleFactor=1.0, transform=null, windowToken=android.os.BinderProxy@816db45, isClone=false, visibal=true, focusable=true, changed=true
05-25 19:48:13.207  1453  1638 D WindowManager: setParent old=ActivityRecord{679e4c2 u0 com.bearmod.loader/.ui.splash.SplashActivity} t6378},new=null,this window=Window{9f6437d u0 Splash Screen com.bearmod.loader},callers=com.android.server.wm.WindowContainer.removeChild:832 com.android.server.wm.ActivityRecord.removeChild:4964 com.android.server.wm.ActivityRecord.removeChild:438 com.android.server.wm.WindowContainer.removeImmediately:893 com.android.server.wm.WindowState.removeImmediately:2707 com.android.server.wm.WindowState.destroySurface:3928 
05-25 19:48:14.192  1453  1706 W WindowManager: Changing focus from Window{4e8929a u0 com.bearmod.loader/com.bearmod.loader.ui.splash.SplashActivity} to Window{9fd9e71 u0 com.miui.touchassistant} displayId=0 Callers=com.android.server.wm.RootWindowContainer.updateFocusedWindowLocked:552 com.android.server.wm.WindowManagerService.updateFocusedWindowLocked:6566 com.android.server.wm.WindowManagerService.relayoutWindow:2799 com.android.server.wm.Session.relayout:280 
05-25 19:48:15.923  1453  3533 I ActivityTaskManager: START u0 {cmp=com.bearmod.loader/.ui.auth.LoginActivity} from uid 10465 from pid 20387 callingPackage com.bearmod.loader
05-25 19:48:15.926  1453  3533 D WindowManager: setLockTaskAuth: task=Task{63b9e10 #6378 type=standard A=10465:com.bearmod.loader U=0 visible=true visibleRequested=true mode=fullscreen translucent=false sz=2} mLockTaskAuth=LOCK_TASK_AUTH_PINNABLE
05-25 19:48:16.090  1453  3438 D CoreBackPreview: Window{468d0e6 u0 com.bearmod.loader/com.bearmod.loader.ui.auth.LoginActivity}: Setting back callback OnBackInvokedCallbackInfo{mCallback=android.window.IOnBackInvokedCallback$Stub$Proxy@a611572, mPriority=0}
05-25 19:48:16.107  1453  4089 I WindowManager: Relayout Window{468d0e6 u0 com.bearmod.loader/com.bearmod.loader.ui.auth.LoginActivity}: oldVis=4 newVis=0 focusMayChange = true requestedWidth = 1080 requestedHeight = 2400 outFrames = ClientWindowFrames{frame=[0,0][1080,2400] display=[0,0][1080,2400] parentFrame=[0,0][0,0] parentClippedByDisplayCutout=false} outSurfaceControl = Surface(name=com.bearmod.loader/com.bearmod.loader.ui.auth.LoginActivity)/@0xc266eb1
05-25 19:48:16.143  1453  1930 D WindowManager: wms.finishDrawingLocked: mDrawState=COMMIT_DRAW_PENDING Window{468d0e6 u0 com.bearmod.loader/com.bearmod.loader.ui.auth.LoginActivity} in Surface(name=com.bearmod.loader/com.bearmod.loader.ui.auth.LoginActivity)/@0x8daa9a3
