05-25 19:39:14.677  1453  1638 D WindowManager: wms.Update InputWindowHandle: 615c3db com.bearmod.loader/com.bearmod.loader.ui.main.MainActivity, frame=[0,0,0,0], touchableRegion=SkRegion((0,0,1080,2400)), scaleFactor=1.0, transform=null, windowToken=android.os.BinderProxy@11af4ea, isClone=false, visibal=true, focusable=true, changed=true
05-25 19:39:14.691  1453  2694 D CoreBackPreview: Window{c0e37cf u0 com.bearmod.loader/com.bearmod.loader.ui.download.DownloadActivity}: Setting back callback null
05-25 19:39:14.694  1453  3533 D WindowManager: setParent old=ActivityRecord{caf15ef u0 com.bearmod.loader/.ui.download.DownloadActivity} t6373 f}},new=null,this window=Window{c0e37cf u0 com.bearmod.loader/com.bearmod.loader.ui.download.DownloadActivity},callers=com.android.server.wm.WindowContainer.removeChild:832 com.android.server.wm.ActivityRecord.removeChild:4964 com.android.server.wm.ActivityRecord.removeChild:438 com.android.server.wm.WindowContainer.removeImmediately:893 com.android.server.wm.WindowState.removeImmediately:2707 com.android.server.wm.WindowState.removeIfPossible:2910 
05-25 19:39:14.698  1453  3533 D WindowManager: setParent old=Task{4250ac3 #6373 type=standard A=10465:com.bearmod.loader U=0 visible=true visibleRequested=true mode=fullscreen translucent=false sz=1},new=null,this window=ActivityRecord{caf15ef u0 com.bearmod.loader/.ui.download.DownloadActivity} t6373 f}},callers=com.android.server.wm.WindowContainer.removeChild:832 com.android.server.wm.TaskFragment.removeChild:2786 com.android.server.wm.Task.removeChild:1644 com.android.server.wm.Task.removeChild:1625 com.android.server.wm.WindowContainer.removeImmediately:893 com.android.server.wm.WindowToken.removeImmediately:369 
05-25 19:39:14.699  1453  3533 D WindowManager: setLockTaskAuth: task=Task{4250ac3 #6373 type=standard A=10465:com.bearmod.loader U=0 visible=true visibleRequested=true mode=fullscreen translucent=false sz=1} mLockTaskAuth=LOCK_TASK_AUTH_PINNABLE
05-25 19:42:55.429  1453  4008 W WindowManager: Changing focus from Window{615c3db u0 com.bearmod.loader/com.bearmod.loader.ui.main.MainActivity} to null displayId=0 Callers=com.android.server.wm.RootWindowContainer.updateFocusedWindowLocked:552 com.android.server.wm.WindowManagerService.updateFocusedWindowLocked:6566 com.android.server.wm.ActivityTaskManagerService.setLastResumedActivityUncheckLocked:4990 com.android.server.wm.ActivityRecord.moveFocusableActivityToTop:3839 
05-25 19:42:55.627  1453  1638 I SmartPower.com.bearmod.loader/10465(12226): visible->invisible(245335ms) R(become invisible) adj=200.
05-25 19:42:55.627  1453  1638 I SmartPower.com.bearmod.loader/10465(12226): invisible->background(0ms) R(become background) adj=200.
05-25 19:42:55.686  1453  2694 D CoreBackPreview: Window{615c3db u0 com.bearmod.loader/com.bearmod.loader.ui.main.MainActivity}: Setting back callback null
05-25 19:42:55.696  1453  3533 D WindowManager: setParent old=ActivityRecord{2db033b u0 com.bearmod.loader/.ui.main.MainActivity} t6373 f}},new=null,this window=Window{615c3db u0 com.bearmod.loader/com.bearmod.loader.ui.main.MainActivity},callers=com.android.server.wm.WindowContainer.removeChild:832 com.android.server.wm.ActivityRecord.removeChild:4964 com.android.server.wm.ActivityRecord.removeChild:438 com.android.server.wm.WindowContainer.removeImmediately:893 com.android.server.wm.WindowState.removeImmediately:2707 com.android.server.wm.WindowState.removeIfPossible:2910 
05-25 19:42:55.700  1453  2694 D WindowManager: setParent old=Task{4250ac3 #6373 type=standard A=10465:com.bearmod.loader U=0 visible=false visibleRequested=false mode=fullscreen translucent=true sz=0},new=null,this window=ActivityRecord{2db033b u0 com.bearmod.loader/.ui.main.MainActivity} t6373 f}},callers=com.android.server.wm.WindowContainer.removeChild:832 com.android.server.wm.TaskFragment.removeChild:2786 com.android.server.wm.Task.removeChild:1644 com.android.server.wm.Task.removeChild:1625 com.android.server.wm.WindowContainer.removeImmediately:893 com.android.server.wm.WindowToken.removeImmediately:369 
05-25 19:42:55.701  1453  2694 D WindowManager: setParent old=DefaultTaskDisplayArea@89389151,new=null,this window=Task{4250ac3 #6373 type=standard A=10465:com.bearmod.loader U=0 visible=false visibleRequested=false mode=fullscreen translucent=true sz=0},callers=com.android.server.wm.WindowContainer.removeChild:832 com.android.server.wm.TaskDisplayArea.removeChildTask:369 com.android.server.wm.TaskDisplayArea.removeChild:360 com.android.server.wm.WindowContainer.removeImmediately:893 com.android.server.wm.TaskFragment.removeImmediately:2866 com.android.server.wm.Task.removeImmediately:3071 
05-25 19:42:58.628  1453  1875 I SmartPower.com.bearmod.loader/10465(12226): background->idle(3001ms) R(become background) adj=900.
05-25 19:43:01.065  1453  1667 I ProcessSceneCleaner: OneKeyClean: force-stop pkgName=com.bearmod.loader info=AS:90519
05-25 19:43:01.065  1453  1667 I ActivityManager: Force stopping com.bearmod.loader appid=10465 user=0: OneKeyClean
05-25 19:43:01.067  1453  1667 I ActivityManager: Killing 12226:com.bearmod.loader/u0a465 (adj 905): stop com.bearmod.loader due to OneKeyClean
05-25 19:43:24.718  1453  1936 I ActivityTaskManager: START u0 {act=android.intent.action.MAIN cat=[android.intent.category.LAUNCHER] flg=0x10200000 cmp=com.bearmod.loader/.ui.splash.SplashActivity bnds=[677,956][811,1090] (has extras)} from uid 10127 from pid 15892 callingPackage com.miui.home
05-25 19:43:24.724  1453  1936 D WindowManager: setLockTaskAuth: task=Task{1a87270 #6374 type=standard A=10465:com.bearmod.loader U=0 visible=false visibleRequested=false mode=fullscreen translucent=true sz=0} mLockTaskAuth=LOCK_TASK_AUTH_PINNABLE
05-25 19:43:24.726  1453  1936 D WindowManager: setLockTaskAuth: task=Task{1a87270 #6374 type=standard A=10465:com.bearmod.loader U=0 visible=true visibleRequested=false mode=fullscreen translucent=true sz=1} mLockTaskAuth=LOCK_TASK_AUTH_PINNABLE
05-25 19:43:24.753  1453  4022 D CoreBackPreview: Window{a341f88 u0 Splash Screen com.bearmod.loader}: Setting back callback OnBackInvokedCallbackInfo{mCallback=android.window.IOnBackInvokedCallback$Stub$Proxy@a6e5307, mPriority=0}
05-25 19:43:24.787  1453  1655 I ActivityManager: Start proc 14372:com.bearmod.loader/u0a465 for next-top-activity {com.bearmod.loader/com.bearmod.loader.ui.splash.SplashActivity} caller=com.miui.home
05-25 19:43:24.800  1453  1638 I SmartPower.com.bearmod.loader/10465(0): died->visible(23733ms) R(become visible) adj=-10000.
05-25 19:43:24.811  1453  1638 I WindowManager: wms.showSurfaceRobustly mWin:Window{a341f88 u0 Splash Screen com.bearmod.loader}
05-25 19:43:25.420  1453  1931 D CoreBackPreview: Window{3245ac6 u0 com.bearmod.loader/com.bearmod.loader.ui.splash.SplashActivity}: Setting back callback OnBackInvokedCallbackInfo{mCallback=android.window.IOnBackInvokedCallback$Stub$Proxy@9ac6db4, mPriority=0}
05-25 19:43:25.422 14372 14372 W Looper  : PerfMonitor looperActivity : package=com.bearmod.loader/.ui.splash.SplashActivity time=154ms latency=401ms  procState=-1  historyMsgCount=3
05-25 19:43:25.422 14372 14372 W Looper  : PerfMonitor looperActivity : package=com.bearmod.loader/.ui.splash.SplashActivity time=0ms latency=555ms  procState=-1  historyMsgCount=4
05-25 19:43:25.437  1453  1931 W WindowManager: Changing focus from null to Window{3245ac6 u0 com.bearmod.loader/com.bearmod.loader.ui.splash.SplashActivity} displayId=0 Callers=com.android.server.wm.RootWindowContainer.updateFocusedWindowLocked:552 com.android.server.wm.WindowManagerService.updateFocusedWindowLocked:6566 com.android.server.wm.WindowManagerService.relayoutWindow:2799 com.android.server.wm.Session.relayout:280 
05-25 19:43:25.439  1453  1931 D WindowManager: wms.Input focus has changed to Window{3245ac6 u0 com.bearmod.loader/com.bearmod.loader.ui.splash.SplashActivity} display=0 updateInputWindows = true
05-25 19:43:25.439  1453  1931 I WindowManager: Relayout Window{3245ac6 u0 com.bearmod.loader/com.bearmod.loader.ui.splash.SplashActivity}: oldVis=4 newVis=0 focusMayChange = true requestedWidth = 1080 requestedHeight = 2400 outFrames = ClientWindowFrames{frame=[0,0][1080,2400] display=[0,0][1080,2400] parentFrame=[0,0][0,0] parentClippedByDisplayCutout=false} outSurfaceControl = Surface(name=com.bearmod.loader/com.bearmod.loader.ui.splash.SplashActivity)/@0x551cb95
05-25 19:43:25.440  1453  1638 D WindowManager: wms.Update InputWindowHandle: 3245ac6 com.bearmod.loader/com.bearmod.loader.ui.splash.SplashActivity, frame=[0,0,0,0], touchableRegion=SkRegion((0,0,1080,2400)), scaleFactor=1.0, transform=null, windowToken=android.os.BinderProxy@63938a1, isClone=false, visibal=true, focusable=true, changed=true
05-25 19:43:25.489  1453  1931 D WindowManager: wms.finishDrawingLocked: mDrawState=COMMIT_DRAW_PENDING Window{3245ac6 u0 com.bearmod.loader/com.bearmod.loader.ui.splash.SplashActivity} in Surface(name=com.bearmod.loader/com.bearmod.loader.ui.splash.SplashActivity)/@0x9f1bf02
05-25 19:43:25.490  1453  1931 D MiuiFreeFormGesturePointerEventListener: finishDrawingWindow: topFullScreenWindow= Window{3245ac6 u0 com.bearmod.loader/com.bearmod.loader.ui.splash.SplashActivity}
05-25 19:43:25.497  1453  1638 I WindowManager: wms.showSurfaceRobustly mWin:Window{3245ac6 u0 com.bearmod.loader/com.bearmod.loader.ui.splash.SplashActivity}
05-25 19:43:25.499  1453  1638 D WindowManager: wms.Update InputWindowHandle: 3245ac6 com.bearmod.loader/com.bearmod.loader.ui.splash.SplashActivity, frame=[0,0,0,0], touchableRegion=SkRegion((0,0,1080,2400)), scaleFactor=1.0, transform=null, windowToken=android.os.BinderProxy@63938a1, isClone=false, visibal=true, focusable=true, changed=true
05-25 19:43:25.507  1453  4006 D CoreBackPreview: Window{a341f88 u0 Splash Screen com.bearmod.loader}: Setting back callback null
05-25 19:43:25.518  1453  1638 D WindowManager: wms.Update InputWindowHandle: 3245ac6 com.bearmod.loader/com.bearmod.loader.ui.splash.SplashActivity, frame=[0,0,0,0], touchableRegion=SkRegion((0,0,1080,2400)), scaleFactor=1.0, transform=null, windowToken=android.os.BinderProxy@63938a1, isClone=false, visibal=true, focusable=true, changed=true
05-25 19:43:25.696  1453  1638 D WindowManager: setParent old=ActivityRecord{8ef9bed u0 com.bearmod.loader/.ui.splash.SplashActivity} t6374},new=null,this window=Window{a341f88 u0 Splash Screen com.bearmod.loader},callers=com.android.server.wm.WindowContainer.removeChild:832 com.android.server.wm.ActivityRecord.removeChild:4964 com.android.server.wm.ActivityRecord.removeChild:438 com.android.server.wm.WindowContainer.removeImmediately:893 com.android.server.wm.WindowState.removeImmediately:2707 com.android.server.wm.WindowState.destroySurface:3928 
05-25 19:43:28.405  1453  3452 I ActivityTaskManager: START u0 {cmp=com.bearmod.loader/.ui.auth.LoginActivity} from uid 10465 from pid 14372 callingPackage com.bearmod.loader
05-25 19:43:28.407  1453  3452 D WindowManager: setLockTaskAuth: task=Task{1a87270 #6374 type=standard A=10465:com.bearmod.loader U=0 visible=true visibleRequested=true mode=fullscreen translucent=false sz=2} mLockTaskAuth=LOCK_TASK_AUTH_PINNABLE
05-25 19:43:28.412  1453  1638 D WindowManager: wms.Update InputWindowHandle: 3245ac6 com.bearmod.loader/com.bearmod.loader.ui.splash.SplashActivity, frame=[0,0,0,0], touchableRegion=SkRegion((0,0,1080,2400)), scaleFactor=1.0, transform=null, windowToken=android.os.BinderProxy@63938a1, isClone=false, visibal=true, focusable=true, changed=true
05-25 19:43:28.422  1453  1936 W WindowManager: Changing focus from Window{3245ac6 u0 com.bearmod.loader/com.bearmod.loader.ui.splash.SplashActivity} to null displayId=0 Callers=com.android.server.wm.RootWindowContainer.updateFocusedWindowLocked:552 com.android.server.wm.WindowManagerService.updateFocusedWindowLocked:6566 com.android.server.wm.ActivityTaskManagerService.setLastResumedActivityUncheckLocked:4990 com.android.server.wm.ActivityTaskSupervisor.updateTopResumedActivityIfNeeded:2241 
05-25 19:43:28.560  1453  4006 D CoreBackPreview: Window{c657c2f u0 com.bearmod.loader/com.bearmod.loader.ui.auth.LoginActivity}: Setting back callback OnBackInvokedCallbackInfo{mCallback=android.window.IOnBackInvokedCallback$Stub$Proxy@9ee4bc5, mPriority=0}
05-25 19:43:28.578  1453  4006 W WindowManager: Changing focus from null to Window{c657c2f u0 com.bearmod.loader/com.bearmod.loader.ui.auth.LoginActivity} displayId=0 Callers=com.android.server.wm.RootWindowContainer.updateFocusedWindowLocked:552 com.android.server.wm.WindowManagerService.updateFocusedWindowLocked:6566 com.android.server.wm.WindowManagerService.relayoutWindow:2799 com.android.server.wm.Session.relayout:280 
05-25 19:43:28.580  1453  4006 D WindowManager: wms.Input focus has changed to Window{c657c2f u0 com.bearmod.loader/com.bearmod.loader.ui.auth.LoginActivity} display=0 updateInputWindows = true
05-25 19:43:28.580  1453  4006 I WindowManager: Relayout Window{c657c2f u0 com.bearmod.loader/com.bearmod.loader.ui.auth.LoginActivity}: oldVis=4 newVis=0 focusMayChange = true requestedWidth = 1080 requestedHeight = 2400 outFrames = ClientWindowFrames{frame=[0,0][1080,2400] display=[0,0][1080,2400] parentFrame=[0,0][0,0] parentClippedByDisplayCutout=false} outSurfaceControl = Surface(name=com.bearmod.loader/com.bearmod.loader.ui.auth.LoginActivity)/@0x471172
05-25 19:43:28.581  1453  1638 D WindowManager: wms.Update InputWindowHandle: c657c2f com.bearmod.loader/com.bearmod.loader.ui.auth.LoginActivity, frame=[0,0,0,0], touchableRegion=SkRegion((0,0,1080,2400)), scaleFactor=1.0, transform=null, windowToken=android.os.BinderProxy@977ca0e, isClone=false, visibal=true, focusable=true, changed=true
05-25 19:43:28.616  1453  4006 D WindowManager: wms.finishDrawingLocked: mDrawState=COMMIT_DRAW_PENDING Window{c657c2f u0 com.bearmod.loader/com.bearmod.loader.ui.auth.LoginActivity} in Surface(name=com.bearmod.loader/com.bearmod.loader.ui.auth.LoginActivity)/@0x4427b96
05-25 19:43:28.616  1453  4006 D MiuiFreeFormGesturePointerEventListener: finishDrawingWindow: topFullScreenWindow= Window{c657c2f u0 com.bearmod.loader/com.bearmod.loader.ui.auth.LoginActivity}
05-25 19:43:28.628  1453  1638 I WindowManager: wms.showSurfaceRobustly mWin:Window{c657c2f u0 com.bearmod.loader/com.bearmod.loader.ui.auth.LoginActivity}
05-25 19:43:29.147  1453  1638 D WindowManager: wms.Update InputWindowHandle: c657c2f com.bearmod.loader/com.bearmod.loader.ui.auth.LoginActivity, frame=[0,0,0,0], touchableRegion=SkRegion((0,0,1080,2400)), scaleFactor=1.0, transform=null, windowToken=android.os.BinderProxy@977ca0e, isClone=false, visibal=true, focusable=true, changed=true
05-25 19:43:29.177  1453  1707 D CoreBackPreview: Window{3245ac6 u0 com.bearmod.loader/com.bearmod.loader.ui.splash.SplashActivity}: Setting back callback null
05-25 19:43:29.180  1453  1707 D WindowManager: setParent old=ActivityRecord{8ef9bed u0 com.bearmod.loader/.ui.splash.SplashActivity} t6374 f}},new=null,this window=Window{3245ac6 u0 com.bearmod.loader/com.bearmod.loader.ui.splash.SplashActivity},callers=com.android.server.wm.WindowContainer.removeChild:832 com.android.server.wm.ActivityRecord.removeChild:4964 com.android.server.wm.ActivityRecord.removeChild:438 com.android.server.wm.WindowContainer.removeImmediately:893 com.android.server.wm.WindowState.removeImmediately:2707 com.android.server.wm.WindowState.removeIfPossible:2910 
05-25 19:43:29.185  1453  1936 D WindowManager: setParent old=Task{1a87270 #6374 type=standard A=10465:com.bearmod.loader U=0 visible=true visibleRequested=true mode=fullscreen translucent=false sz=1},new=null,this window=ActivityRecord{8ef9bed u0 com.bearmod.loader/.ui.splash.SplashActivity} t6374 f}},callers=com.android.server.wm.WindowContainer.removeChild:832 com.android.server.wm.TaskFragment.removeChild:2786 com.android.server.wm.Task.removeChild:1644 com.android.server.wm.Task.removeChild:1625 com.android.server.wm.WindowContainer.removeImmediately:893 com.android.server.wm.WindowToken.removeImmediately:369 
05-25 19:43:29.185  1453  1936 D WindowManager: setLockTaskAuth: task=Task{1a87270 #6374 type=standard A=10465:com.bearmod.loader U=0 visible=true visibleRequested=true mode=fullscreen translucent=false sz=1} mLockTaskAuth=LOCK_TASK_AUTH_PINNABLE
05-25 19:43:31.406  1453  1936 D PerfShielderService: com.bearmod.loader|com.bearmod.loader/com.bearmod.loader.ui.auth.LoginActivity|314|679434951150265|261|0|2
05-25 19:43:31.407  3447  9981 W MiuiPerfServiceClient: interceptAndQueuing:14372|com.bearmod.loader|314|261|679434951150265|Slow main thread|2
05-25 19:43:32.084  1453  1936 D WindowManager: setParent old=Window{c657c2f u0 com.bearmod.loader/com.bearmod.loader.ui.auth.LoginActivity},new=null,this window=Window{6906795 u0 PopupWindow:a50162c},callers=com.android.server.wm.WindowContainer.removeChild:832 com.android.server.wm.WindowContainer.removeImmediately:893 com.android.server.wm.WindowState.removeImmediately:2707 com.android.server.wm.WindowState.removeIfPossible:2910 com.android.server.wm.WindowState.removeIfPossible:2757 com.android.server.wm.WindowManagerService.removeWindow:2346 
05-25 19:43:32.228  1453  1638 D WindowManager: setParent old=Window{c657c2f u0 com.bearmod.loader/com.bearmod.loader.ui.auth.LoginActivity},new=null,this window=Window{352169 u0 PopupWindow:9103e5d},callers=com.android.server.wm.WindowContainer.removeChild:832 com.android.server.wm.WindowContainer.removeImmediately:893 com.android.server.wm.WindowState.removeImmediately:2707 com.android.server.wm.WindowState.destroySurface:3928 com.android.server.wm.WindowState.onExitAnimationDone:5688 com.android.server.wm.WindowStateAnimator.onAnimationFinished:201 
05-25 19:43:35.994  1453  4106 W WindowManager: Changing focus from Window{c657c2f u0 com.bearmod.loader/com.bearmod.loader.ui.auth.LoginActivity} to Window{1b9a253 u0 com.bearmod.loader/com.bearmod.loader.ui.auth.LoginActivity} displayId=0 Callers=com.android.server.wm.RootWindowContainer.updateFocusedWindowLocked:552 com.android.server.wm.WindowManagerService.updateFocusedWindowLocked:6566 com.android.server.wm.WindowManagerService.addWindow:2134 com.android.server.wm.Session.addToDisplayAsUser:228 
05-25 19:43:35.998  1453  4106 D WindowManager: wms.Input focus has changed to Window{1b9a253 u0 com.bearmod.loader/com.bearmod.loader.ui.auth.LoginActivity} display=0 updateInputWindows = false
05-25 19:43:35.999  1453  1638 D WindowManager: wms.Focus not requested for window=Window{1b9a253 u0 com.bearmod.loader/com.bearmod.loader.ui.auth.LoginActivity} because it has no surface or is not focusable.
05-25 19:43:36.001  1453  4106 D CoreBackPreview: Window{1b9a253 u0 com.bearmod.loader/com.bearmod.loader.ui.auth.LoginActivity}: Setting back callback OnBackInvokedCallbackInfo{mCallback=android.window.IOnBackInvokedCallback$Stub$Proxy@e2c3445, mPriority=0}
05-25 19:43:36.023  1453  1638 D WindowManager: wms.Update InputWindowHandle: 1b9a253 com.bearmod.loader/com.bearmod.loader.ui.auth.LoginActivity, frame=[0,0,0,0], touchableRegion=SkRegion((-28,-702,1052,1698)), scaleFactor=1.0, transform=null, windowToken=android.os.BinderProxy@ab1e242, isClone=false, visibal=true, focusable=true, changed=true
05-25 19:43:36.045  1453  4106 D WindowManager: wms.finishDrawingLocked: mDrawState=COMMIT_DRAW_PENDING Window{1b9a253 u0 com.bearmod.loader/com.bearmod.loader.ui.auth.LoginActivity} in Surface(name=com.bearmod.loader/com.bearmod.loader.ui.auth.LoginActivity)/@0x3c5c754
05-25 19:43:36.054  1453  1638 I WindowManager: wms.showSurfaceRobustly mWin:Window{1b9a253 u0 com.bearmod.loader/com.bearmod.loader.ui.auth.LoginActivity}
05-25 19:43:36.058  1453  1638 D WindowManager: wms.Update InputWindowHandle: 1b9a253 com.bearmod.loader/com.bearmod.loader.ui.auth.LoginActivity, frame=[0,0,0,0], touchableRegion=SkRegion((-28,-702,1052,1698)), scaleFactor=1.0, transform=null, windowToken=android.os.BinderProxy@ab1e242, isClone=false, visibal=true, focusable=true, changed=true
05-25 19:43:36.230  1453  1638 D WindowManager: wms.Update InputWindowHandle: 1b9a253 com.bearmod.loader/com.bearmod.loader.ui.auth.LoginActivity, frame=[0,0,0,0], touchableRegion=SkRegion((-28,-702,1052,1698)), scaleFactor=1.0, transform=null, windowToken=android.os.BinderProxy@ab1e242, isClone=false, visibal=true, focusable=true, changed=true
05-25 19:43:36.231  1453  1931 I ActivityTaskManager: START u0 {cmp=com.bearmod.loader/.ui.main.MainActivity} from uid 10465 from pid 14372 callingPackage com.bearmod.loader
05-25 19:43:36.234  1453  1931 D WindowManager: setLockTaskAuth: task=Task{1a87270 #6374 type=standard A=10465:com.bearmod.loader U=0 visible=true visibleRequested=true mode=fullscreen translucent=false sz=2} mLockTaskAuth=LOCK_TASK_AUTH_PINNABLE
05-25 19:43:36.240  1453  1638 D WindowManager: wms.Update InputWindowHandle: 1b9a253 com.bearmod.loader/com.bearmod.loader.ui.auth.LoginActivity, frame=[0,0,0,0], touchableRegion=SkRegion((-28,-702,1052,1698)), scaleFactor=1.0, transform=null, windowToken=android.os.BinderProxy@ab1e242, isClone=false, visibal=true, focusable=true, changed=true
05-25 19:43:36.252  1453  1936 W WindowManager: Changing focus from Window{1b9a253 u0 com.bearmod.loader/com.bearmod.loader.ui.auth.LoginActivity} to null displayId=0 Callers=com.android.server.wm.RootWindowContainer.updateFocusedWindowLocked:552 com.android.server.wm.WindowManagerService.updateFocusedWindowLocked:6566 com.android.server.wm.ActivityTaskManagerService.setLastResumedActivityUncheckLocked:4990 com.android.server.wm.ActivityTaskSupervisor.updateTopResumedActivityIfNeeded:2241 
05-25 19:43:36.418  1453  1707 D CoreBackPreview: Window{cae1a7b u0 com.bearmod.loader/com.bearmod.loader.ui.main.MainActivity}: Setting back callback OnBackInvokedCallbackInfo{mCallback=android.window.IOnBackInvokedCallback$Stub$Proxy@5f9e357, mPriority=0}
05-25 19:43:36.450  1453  1936 W WindowManager: Changing focus from null to Window{cae1a7b u0 com.bearmod.loader/com.bearmod.loader.ui.main.MainActivity} displayId=0 Callers=com.android.server.wm.RootWindowContainer.updateFocusedWindowLocked:552 com.android.server.wm.WindowManagerService.updateFocusedWindowLocked:6566 com.android.server.wm.WindowManagerService.relayoutWindow:2799 com.android.server.wm.Session.relayout:280 
05-25 19:43:36.452  1453  1936 D WindowManager: wms.Input focus has changed to Window{cae1a7b u0 com.bearmod.loader/com.bearmod.loader.ui.main.MainActivity} display=0 updateInputWindows = true
05-25 19:43:36.453  1453  1936 I WindowManager: Relayout Window{cae1a7b u0 com.bearmod.loader/com.bearmod.loader.ui.main.MainActivity}: oldVis=4 newVis=0 focusMayChange = true requestedWidth = 1080 requestedHeight = 2400 outFrames = ClientWindowFrames{frame=[0,0][1080,2400] display=[0,0][1080,2400] parentFrame=[0,0][0,0] parentClippedByDisplayCutout=false} outSurfaceControl = Surface(name=com.bearmod.loader/com.bearmod.loader.ui.main.MainActivity)/@0xd5351dc
05-25 19:43:36.453  1453  1638 D WindowManager: wms.Update InputWindowHandle: cae1a7b com.bearmod.loader/com.bearmod.loader.ui.main.MainActivity, frame=[0,0,0,0], touchableRegion=SkRegion((0,0,1080,2400)), scaleFactor=1.0, transform=null, windowToken=android.os.BinderProxy@c5a020a, isClone=false, visibal=true, focusable=true, changed=true
05-25 19:43:36.536  1453  3452 D WindowManager: wms.finishDrawingLocked: mDrawState=COMMIT_DRAW_PENDING Window{cae1a7b u0 com.bearmod.loader/com.bearmod.loader.ui.main.MainActivity} in Surface(name=com.bearmod.loader/com.bearmod.loader.ui.main.MainActivity)/@0xffd5299
05-25 19:43:36.536  1453  3452 D MiuiFreeFormGesturePointerEventListener: finishDrawingWindow: topFullScreenWindow= Window{cae1a7b u0 com.bearmod.loader/com.bearmod.loader.ui.main.MainActivity}
05-25 19:43:36.553  1453  1638 I WindowManager: wms.showSurfaceRobustly mWin:Window{cae1a7b u0 com.bearmod.loader/com.bearmod.loader.ui.main.MainActivity}
05-25 19:43:37.055  1453  1638 D WindowManager: wms.Update InputWindowHandle: cae1a7b com.bearmod.loader/com.bearmod.loader.ui.main.MainActivity, frame=[0,0,0,0], touchableRegion=SkRegion((0,0,1080,2400)), scaleFactor=1.0, transform=null, windowToken=android.os.BinderProxy@c5a020a, isClone=false, visibal=true, focusable=true, changed=true
05-25 19:43:37.086  1453  1936 D CoreBackPreview: Window{c657c2f u0 com.bearmod.loader/com.bearmod.loader.ui.auth.LoginActivity}: Setting back callback null
05-25 19:43:37.090  1453  1936 D WindowManager: setParent old=ActivityRecord{2e799ac u0 com.bearmod.loader/.ui.auth.LoginActivity} t6374 f}},new=null,this window=Window{c657c2f u0 com.bearmod.loader/com.bearmod.loader.ui.auth.LoginActivity},callers=com.android.server.wm.WindowContainer.removeChild:832 com.android.server.wm.ActivityRecord.removeChild:4964 com.android.server.wm.ActivityRecord.removeChild:438 com.android.server.wm.WindowContainer.removeImmediately:893 com.android.server.wm.WindowState.removeImmediately:2707 com.android.server.wm.WindowState.removeIfPossible:2910 
05-25 19:43:37.100  1453  1707 D WindowManager: setParent old=ActivityRecord{2e799ac u0 com.bearmod.loader/.ui.auth.LoginActivity} t6374 f}},new=null,this window=Window{1b9a253 u0 com.bearmod.loader/com.bearmod.loader.ui.auth.LoginActivity},callers=com.android.server.wm.WindowContainer.removeChild:832 com.android.server.wm.ActivityRecord.removeChild:4964 com.android.server.wm.ActivityRecord.removeChild:438 com.android.server.wm.WindowContainer.removeImmediately:893 com.android.server.wm.WindowState.removeImmediately:2707 com.android.server.wm.WindowState.removeIfPossible:2910 
05-25 19:43:37.102  1453  1707 D WindowManager: setParent old=Task{1a87270 #6374 type=standard A=10465:com.bearmod.loader U=0 visible=true visibleRequested=true mode=fullscreen translucent=false sz=1},new=null,this window=ActivityRecord{2e799ac u0 com.bearmod.loader/.ui.auth.LoginActivity} t6374 f}},callers=com.android.server.wm.WindowContainer.removeChild:832 com.android.server.wm.TaskFragment.removeChild:2786 com.android.server.wm.Task.removeChild:1644 com.android.server.wm.Task.removeChild:1625 com.android.server.wm.WindowContainer.removeImmediately:893 com.android.server.wm.WindowToken.removeImmediately:369 
05-25 19:43:37.102  1453  1707 D WindowManager: setLockTaskAuth: task=Task{1a87270 #6374 type=standard A=10465:com.bearmod.loader U=0 visible=true visibleRequested=true mode=fullscreen translucent=false sz=1} mLockTaskAuth=LOCK_TASK_AUTH_PINNABLE
05-25 19:43:37.103  1453  1931 E WindowManager: setOnBackInvokedCallback(): No window state for package:com.bearmod.loader
05-25 19:43:41.311  1453  1936 I ActivityTaskManager: START u0 {cmp=com.bearmod.loader/.ui.download.DownloadActivity} from uid 10465 from pid 14372 callingPackage com.bearmod.loader
05-25 19:43:41.313  1453  1936 D WindowManager: setLockTaskAuth: task=Task{1a87270 #6374 type=standard A=10465:com.bearmod.loader U=0 visible=true visibleRequested=true mode=fullscreen translucent=false sz=2} mLockTaskAuth=LOCK_TASK_AUTH_PINNABLE
05-25 19:43:41.318  1453  1638 D WindowManager: wms.Update InputWindowHandle: cae1a7b com.bearmod.loader/com.bearmod.loader.ui.main.MainActivity, frame=[0,0,0,0], touchableRegion=SkRegion((0,0,1080,2400)), scaleFactor=1.0, transform=null, windowToken=android.os.BinderProxy@c5a020a, isClone=false, visibal=true, focusable=true, changed=true
05-25 19:43:41.361  1453  1707 W WindowManager: Changing focus from Window{cae1a7b u0 com.bearmod.loader/com.bearmod.loader.ui.main.MainActivity} to null displayId=0 Callers=com.android.server.wm.RootWindowContainer.updateFocusedWindowLocked:552 com.android.server.wm.WindowManagerService.updateFocusedWindowLocked:6566 com.android.server.wm.ActivityTaskManagerService.setLastResumedActivityUncheckLocked:4990 com.android.server.wm.ActivityTaskSupervisor.updateTopResumedActivityIfNeeded:2241 
05-25 19:43:41.440  1453  1936 D CoreBackPreview: Window{9ca5fc9 u0 com.bearmod.loader/com.bearmod.loader.ui.download.DownloadActivity}: Setting back callback OnBackInvokedCallbackInfo{mCallback=android.window.IOnBackInvokedCallback$Stub$Proxy@f102f85, mPriority=0}
05-25 19:43:41.453  1453  1936 W WindowManager: Changing focus from null to Window{9ca5fc9 u0 com.bearmod.loader/com.bearmod.loader.ui.download.DownloadActivity} displayId=0 Callers=com.android.server.wm.RootWindowContainer.updateFocusedWindowLocked:552 com.android.server.wm.WindowManagerService.updateFocusedWindowLocked:6566 com.android.server.wm.WindowManagerService.relayoutWindow:2799 com.android.server.wm.Session.relayout:280 
05-25 19:43:41.456  1453  1936 D WindowManager: wms.Input focus has changed to Window{9ca5fc9 u0 com.bearmod.loader/com.bearmod.loader.ui.download.DownloadActivity} display=0 updateInputWindows = true
05-25 19:43:41.456  1453  1936 I WindowManager: Relayout Window{9ca5fc9 u0 com.bearmod.loader/com.bearmod.loader.ui.download.DownloadActivity}: oldVis=4 newVis=0 focusMayChange = true requestedWidth = 1080 requestedHeight = 2400 outFrames = ClientWindowFrames{frame=[0,0][1080,2400] display=[0,0][1080,2400] parentFrame=[0,0][0,0] parentClippedByDisplayCutout=false} outSurfaceControl = Surface(name=com.bearmod.loader/com.bearmod.loader.ui.download.DownloadActivity)/@0x6ef6f94
05-25 19:43:41.457  1453  1638 D WindowManager: wms.Update InputWindowHandle: 9ca5fc9 com.bearmod.loader/com.bearmod.loader.ui.download.DownloadActivity, frame=[0,0,0,0], touchableRegion=SkRegion((0,0,1080,2400)), scaleFactor=1.0, transform=null, windowToken=android.os.BinderProxy@57df3d0, isClone=false, visibal=true, focusable=true, changed=true
05-25 19:43:41.468  1453  3452 D WindowManager: wms.finishDrawingLocked: mDrawState=COMMIT_DRAW_PENDING Window{9ca5fc9 u0 com.bearmod.loader/com.bearmod.loader.ui.download.DownloadActivity} in Surface(name=com.bearmod.loader/com.bearmod.loader.ui.download.DownloadActivity)/@0x8d7e232
05-25 19:43:41.468  1453  3452 D MiuiFreeFormGesturePointerEventListener: finishDrawingWindow: topFullScreenWindow= Window{9ca5fc9 u0 com.bearmod.loader/com.bearmod.loader.ui.download.DownloadActivity}
05-25 19:43:41.484  1453  1638 I WindowManager: wms.showSurfaceRobustly mWin:Window{9ca5fc9 u0 com.bearmod.loader/com.bearmod.loader.ui.download.DownloadActivity}
05-25 19:43:41.993  1453  1638 D WindowManager: wms.Update InputWindowHandle: 9ca5fc9 com.bearmod.loader/com.bearmod.loader.ui.download.DownloadActivity, frame=[0,0,0,0], touchableRegion=SkRegion((0,0,1080,2400)), scaleFactor=1.0, transform=null, windowToken=android.os.BinderProxy@57df3d0, isClone=false, visibal=true, focusable=true, changed=true
05-25 19:43:45.322  1453  1638 D WindowManager: wms.Focus not requested for window=Window{9ca5fc9 u0 com.bearmod.loader/com.bearmod.loader.ui.download.DownloadActivity} because it has no surface or is not focusable.
05-25 19:43:45.328  1453  1936 W WindowManager: Changing focus from Window{9ca5fc9 u0 com.bearmod.loader/com.bearmod.loader.ui.download.DownloadActivity} to null displayId=0 Callers=com.android.server.wm.RootWindowContainer.updateFocusedWindowLocked:552 com.android.server.wm.WindowManagerService.updateFocusedWindowLocked:6566 com.android.server.wm.ActivityTaskManagerService.setLastResumedActivityUncheckLocked:4990 com.android.server.wm.ActivityTaskSupervisor.updateTopResumedActivityIfNeeded:2241 
05-25 19:43:45.358  1453  1707 W WindowManager: Changing focus from null to Window{cae1a7b u0 com.bearmod.loader/com.bearmod.loader.ui.main.MainActivity} displayId=0 Callers=com.android.server.wm.RootWindowContainer.updateFocusedWindowLocked:552 com.android.server.wm.WindowManagerService.updateFocusedWindowLocked:6566 com.android.server.wm.WindowManagerService.relayoutWindow:2799 com.android.server.wm.Session.relayout:280 
05-25 19:43:45.360  1453  1707 D WindowManager: wms.Input focus has changed to Window{cae1a7b u0 com.bearmod.loader/com.bearmod.loader.ui.main.MainActivity} display=0 updateInputWindows = true
05-25 19:43:45.361  1453  1707 I WindowManager: Relayout Window{cae1a7b u0 com.bearmod.loader/com.bearmod.loader.ui.main.MainActivity}: oldVis=8 newVis=0 focusMayChange = true requestedWidth = 1080 requestedHeight = 2400 outFrames = ClientWindowFrames{frame=[0,0][1080,2400] display=[0,0][1080,2400] parentFrame=[0,0][0,0] parentClippedByDisplayCutout=false} outSurfaceControl = Surface(name=com.bearmod.loader/com.bearmod.loader.ui.main.MainActivity)/@0xac9667d
05-25 19:43:45.362  1453  1638 D WindowManager: wms.Update InputWindowHandle: cae1a7b com.bearmod.loader/com.bearmod.loader.ui.main.MainActivity, frame=[0,0,0,0], touchableRegion=SkRegion((0,0,1080,2400)), scaleFactor=1.0, transform=null, windowToken=android.os.BinderProxy@c5a020a, isClone=false, visibal=true, focusable=true, changed=true
05-25 19:43:45.383  1453  1936 D WindowManager: wms.finishDrawingLocked: mDrawState=COMMIT_DRAW_PENDING Window{cae1a7b u0 com.bearmod.loader/com.bearmod.loader.ui.main.MainActivity} in Surface(name=com.bearmod.loader/com.bearmod.loader.ui.main.MainActivity)/@0x9b66a40
05-25 19:43:45.392  1453  1638 I WindowManager: wms.showSurfaceRobustly mWin:Window{cae1a7b u0 com.bearmod.loader/com.bearmod.loader.ui.main.MainActivity}
05-25 19:43:45.406  1453  1936 D PerfShielderService: com.bearmod.loader|com.bearmod.loader/com.bearmod.loader.ui.download.DownloadActivity|179|679447362798651|179|3|1
05-25 19:43:45.407  3447  9981 W MiuiPerfServiceClient: interceptAndQueuing:14372|com.bearmod.loader|179|179|679447362798651|Slow handle traversal|1
05-25 19:43:45.904  1453  1638 D WindowManager: wms.Update InputWindowHandle: cae1a7b com.bearmod.loader/com.bearmod.loader.ui.main.MainActivity, frame=[0,0,0,0], touchableRegion=SkRegion((0,0,1080,2400)), scaleFactor=1.0, transform=null, windowToken=android.os.BinderProxy@c5a020a, isClone=false, visibal=true, focusable=true, changed=true
05-25 19:43:45.921  1453  4106 D CoreBackPreview: Window{9ca5fc9 u0 com.bearmod.loader/com.bearmod.loader.ui.download.DownloadActivity}: Setting back callback null
05-25 19:43:45.924  1453  1936 D WindowManager: setParent old=ActivityRecord{f23980f u0 com.bearmod.loader/.ui.download.DownloadActivity} t6374 f}},new=null,this window=Window{9ca5fc9 u0 com.bearmod.loader/com.bearmod.loader.ui.download.DownloadActivity},callers=com.android.server.wm.WindowContainer.removeChild:832 com.android.server.wm.ActivityRecord.removeChild:4964 com.android.server.wm.ActivityRecord.removeChild:438 com.android.server.wm.WindowContainer.removeImmediately:893 com.android.server.wm.WindowState.removeImmediately:2707 com.android.server.wm.WindowState.removeIfPossible:2910 
05-25 19:43:45.928  1453  4106 D WindowManager: setParent old=Task{1a87270 #6374 type=standard A=10465:com.bearmod.loader U=0 visible=true visibleRequested=true mode=fullscreen translucent=false sz=1},new=null,this window=ActivityRecord{f23980f u0 com.bearmod.loader/.ui.download.DownloadActivity} t6374 f}},callers=com.android.server.wm.WindowContainer.removeChild:832 com.android.server.wm.TaskFragment.removeChild:2786 com.android.server.wm.Task.removeChild:1644 com.android.server.wm.Task.removeChild:1625 com.android.server.wm.WindowContainer.removeImmediately:893 com.android.server.wm.WindowToken.removeImmediately:369 
05-25 19:43:45.928  1453  4106 D WindowManager: setLockTaskAuth: task=Task{1a87270 #6374 type=standard A=10465:com.bearmod.loader U=0 visible=true visibleRequested=true mode=fullscreen translucent=false sz=1} mLockTaskAuth=LOCK_TASK_AUTH_PINNABLE
05-25 19:43:50.972  1453  3452 I ActivityTaskManager: START u0 {cmp=com.bearmod.loader/.ui.patch.PatchExecutionActivity (has extras)} from uid 10465 from pid 14372 callingPackage com.bearmod.loader
05-25 19:43:50.975  1453  3452 D WindowManager: setLockTaskAuth: task=Task{1a87270 #6374 type=standard A=10465:com.bearmod.loader U=0 visible=true visibleRequested=true mode=fullscreen translucent=false sz=2} mLockTaskAuth=LOCK_TASK_AUTH_PINNABLE
05-25 19:43:50.983  1453  1638 D WindowManager: wms.Update InputWindowHandle: cae1a7b com.bearmod.loader/com.bearmod.loader.ui.main.MainActivity, frame=[0,0,0,0], touchableRegion=SkRegion((0,0,1080,2400)), scaleFactor=1.0, transform=null, windowToken=android.os.BinderProxy@c5a020a, isClone=false, visibal=true, focusable=true, changed=true
05-25 19:43:50.995  1453  1707 W WindowManager: Changing focus from Window{cae1a7b u0 com.bearmod.loader/com.bearmod.loader.ui.main.MainActivity} to null displayId=0 Callers=com.android.server.wm.RootWindowContainer.updateFocusedWindowLocked:552 com.android.server.wm.WindowManagerService.updateFocusedWindowLocked:6566 com.android.server.wm.ActivityTaskManagerService.setLastResumedActivityUncheckLocked:4990 com.android.server.wm.ActivityTaskSupervisor.updateTopResumedActivityIfNeeded:2241 
05-25 19:43:51.076  1453  1936 D CoreBackPreview: Window{52b0a6a u0 com.bearmod.loader/com.bearmod.loader.ui.patch.PatchExecutionActivity}: Setting back callback OnBackInvokedCallbackInfo{mCallback=android.window.IOnBackInvokedCallback$Stub$Proxy@1db1ff8, mPriority=0}
05-25 19:43:51.093  1453  3452 W WindowManager: Changing focus from null to Window{52b0a6a u0 com.bearmod.loader/com.bearmod.loader.ui.patch.PatchExecutionActivity} displayId=0 Callers=com.android.server.wm.RootWindowContainer.updateFocusedWindowLocked:552 com.android.server.wm.WindowManagerService.updateFocusedWindowLocked:6566 com.android.server.wm.WindowManagerService.relayoutWindow:2799 com.android.server.wm.Session.relayout:280 
05-25 19:43:51.095  1453  3452 D WindowManager: wms.Input focus has changed to Window{52b0a6a u0 com.bearmod.loader/com.bearmod.loader.ui.patch.PatchExecutionActivity} display=0 updateInputWindows = true
05-25 19:43:51.095  1453  3452 I WindowManager: Relayout Window{52b0a6a u0 com.bearmod.loader/com.bearmod.loader.ui.patch.PatchExecutionActivity}: oldVis=4 newVis=0 focusMayChange = true requestedWidth = 1080 requestedHeight = 2400 outFrames = ClientWindowFrames{frame=[0,0][1080,2400] display=[0,0][1080,2400] parentFrame=[0,0][0,0] parentClippedByDisplayCutout=false} outSurfaceControl = Surface(name=com.bearmod.loader/com.bearmod.loader.ui.patch.PatchExecutionActivity)/@0xe8ad509
05-25 19:43:51.096  1453  1638 D WindowManager: wms.Update InputWindowHandle: 52b0a6a com.bearmod.loader/com.bearmod.loader.ui.patch.PatchExecutionActivity, frame=[0,0,0,0], touchableRegion=SkRegion((0,0,1080,2400)), scaleFactor=1.0, transform=null, windowToken=android.os.BinderProxy@b9c1055, isClone=false, visibal=true, focusable=true, changed=true
05-25 19:43:51.117  1453  4106 D WindowManager: wms.finishDrawingLocked: mDrawState=COMMIT_DRAW_PENDING Window{52b0a6a u0 com.bearmod.loader/com.bearmod.loader.ui.patch.PatchExecutionActivity} in Surface(name=com.bearmod.loader/com.bearmod.loader.ui.patch.PatchExecutionActivity)/@0x982b8c5
05-25 19:43:51.117  1453  4106 D MiuiFreeFormGesturePointerEventListener: finishDrawingWindow: topFullScreenWindow= Window{52b0a6a u0 com.bearmod.loader/com.bearmod.loader.ui.patch.PatchExecutionActivity}
05-25 19:43:51.133  1453  1638 I WindowManager: wms.showSurfaceRobustly mWin:Window{52b0a6a u0 com.bearmod.loader/com.bearmod.loader.ui.patch.PatchExecutionActivity}
05-25 19:43:51.652  1453  1638 D WindowManager: wms.Update InputWindowHandle: 52b0a6a com.bearmod.loader/com.bearmod.loader.ui.patch.PatchExecutionActivity, frame=[0,0,0,0], touchableRegion=SkRegion((0,0,1080,2400)), scaleFactor=1.0, transform=null, windowToken=android.os.BinderProxy@b9c1055, isClone=false, visibal=true, focusable=true, changed=true
05-25 19:43:57.617 14372 14372 E AndroidRuntime: Process: com.bearmod.loader, PID: 14372
05-25 19:43:57.617 14372 14372 E AndroidRuntime: 	at com.bearmod.loader.auth.AuthenticationValidator$1.onSuccess(AuthenticationValidator.java:62)
05-25 19:43:57.617 14372 14372 E AndroidRuntime: 	at com.bearmod.loader.auth.KeyAuthManager.lambda$validateLicenseWithRetry$18(KeyAuthManager.java:474)
05-25 19:43:57.617 14372 14372 E AndroidRuntime: 	at com.bearmod.loader.auth.KeyAuthManager$$ExternalSyntheticLambda21.run(D8$$SyntheticClass:0)
05-25 19:43:57.629  1453  4106 W ActivityTaskManager:   Force finishing activity com.bearmod.loader/.ui.patch.PatchExecutionActivity
05-25 19:43:57.634  1453  1638 D WindowManager: wms.Focus not requested for window=Window{52b0a6a u0 com.bearmod.loader/com.bearmod.loader.ui.patch.PatchExecutionActivity} because it has no surface or is not focusable.
05-25 19:43:57.677  1453  3432 I ActivityManager: Process com.bearmod.loader (pid 14372) has died: fg  TOP 
05-25 19:43:57.677  1453  3596 I WindowManager: WIN DEATH: Window{cae1a7b u0 com.bearmod.loader/com.bearmod.loader.ui.main.MainActivity}
05-25 19:43:57.678  1453  3596 D WindowManager: setParent old=ActivityRecord{76a67dd u0 com.bearmod.loader/.ui.main.MainActivity} t6374},new=null,this window=Window{cae1a7b u0 com.bearmod.loader/com.bearmod.loader.ui.main.MainActivity},callers=com.android.server.wm.WindowContainer.removeChild:832 com.android.server.wm.ActivityRecord.removeChild:4964 com.android.server.wm.ActivityRecord.removeChild:438 com.android.server.wm.WindowContainer.removeImmediately:893 com.android.server.wm.WindowState.removeImmediately:2707 com.android.server.wm.WindowState.removeIfPossible:2910 
05-25 19:43:57.680  1453  3596 W WindowManager: Changing focus from Window{52b0a6a u0 com.bearmod.loader/com.bearmod.loader.ui.patch.PatchExecutionActivity} to null displayId=0 Callers=com.android.server.wm.RootWindowContainer.updateFocusedWindowLocked:552 com.android.server.wm.WindowManagerService.updateFocusedWindowLocked:6566 com.android.server.wm.WindowState.removeIfPossible:2919 com.android.server.wm.WindowState.-$$Nest$mremoveIfPossible:0 
05-25 19:43:57.681  1453  3438 I WindowManager: WIN DEATH: Window{52b0a6a u0 com.bearmod.loader/com.bearmod.loader.ui.patch.PatchExecutionActivity}
05-25 19:43:57.687  1453  1650 W UsageStatsService: Unexpected activity event reported! (com.bearmod.loader/com.bearmod.loader.ui.main.MainActivity event : 23 instanceId : 81109539)
05-25 19:43:57.702  1453  3432 D CoreBackPreview: Window{3e5ed86 u0 Splash Screen com.bearmod.loader}: Setting back callback OnBackInvokedCallbackInfo{mCallback=android.window.IOnBackInvokedCallback$Stub$Proxy@d717f9d, mPriority=0}
05-25 19:43:57.714  1453  1655 I ActivityManager: Start proc 14631:com.bearmod.loader/u0a465 for top-activity {com.bearmod.loader/com.bearmod.loader.ui.main.MainActivity} caller=com.bearmod.loader
05-25 19:43:57.723  1453  3596 I WindowManager: Relayout Window{3e5ed86 u0 Splash Screen com.bearmod.loader}: oldVis=8 newVis=0 focusMayChange = true requestedWidth = 1080 requestedHeight = 2400 outFrames = ClientWindowFrames{frame=[0,0][1080,2400] display=[0,0][1080,2400] parentFrame=[0,0][0,0] parentClippedByDisplayCutout=false} outSurfaceControl = Surface(name=Splash Screen com.bearmod.loader)/@0x6ea5b6a
05-25 19:43:57.764  1453  3449 I SmartPower.com.bearmod.loader/10465(14631): died->invisible(87ms) R(process start ) adj=-10000.
05-25 19:43:57.774  1453  1638 D WindowManager: shouldWaitAnimatingExit: isAnimating: Window{52b0a6a u0 com.bearmod.loader/com.bearmod.loader.ui.patch.PatchExecutionActivity EXITING}
05-25 19:43:57.775  1453  1638 W WindowManager: Exception thrown during dispatchAppVisibility Window{52b0a6a u0 com.bearmod.loader/com.bearmod.loader.ui.patch.PatchExecutionActivity EXITING}
05-25 19:43:57.776  1453  1638 D WindowManager: setParent old=ActivityRecord{e38a562 u0 com.bearmod.loader/.ui.patch.PatchExecutionActivity} t6374 f} isExiting},new=null,this window=Window{52b0a6a u0 com.bearmod.loader/com.bearmod.loader.ui.patch.PatchExecutionActivity},callers=com.android.server.wm.WindowContainer.removeChild:832 com.android.server.wm.ActivityRecord.removeChild:4964 com.android.server.wm.ActivityRecord.removeChild:438 com.android.server.wm.WindowContainer.removeImmediately:893 com.android.server.wm.WindowState.removeImmediately:2707 com.android.server.wm.WindowState.destroySurface:3928 
05-25 19:43:57.779  1453  1638 I SmartPower.com.bearmod.loader/10465(14631): invisible->visible(15ms) R(become visible) adj=0.
05-25 19:43:57.782  1453  1638 I WindowManager: wms.showSurfaceRobustly mWin:Window{3e5ed86 u0 Splash Screen com.bearmod.loader}
05-25 19:43:57.787  1453  1638 D WindowManager: setParent old=Task{1a87270 #6374 type=standard A=10465:com.bearmod.loader U=0 visible=true visibleRequested=true mode=fullscreen translucent=false sz=1},new=null,this window=ActivityRecord{e38a562 u0 com.bearmod.loader/.ui.patch.PatchExecutionActivity} t6374 f}},callers=com.android.server.wm.WindowContainer.removeChild:832 com.android.server.wm.TaskFragment.removeChild:2786 com.android.server.wm.Task.removeChild:1644 com.android.server.wm.Task.removeChild:1625 com.android.server.wm.WindowContainer.removeImmediately:893 com.android.server.wm.WindowToken.removeImmediately:369 
05-25 19:43:57.787  1453  1638 D WindowManager: setLockTaskAuth: task=Task{1a87270 #6374 type=standard A=10465:com.bearmod.loader U=0 visible=true visibleRequested=true mode=fullscreen translucent=false sz=1} mLockTaskAuth=LOCK_TASK_AUTH_PINNABLE
05-25 19:43:58.132  1453  1637 W ActivityTaskManager: Activity top resumed state loss timeout for ActivityRecord{e38a562 u0 com.bearmod.loader/.ui.patch.PatchExecutionActivity} t-1 f}}
05-25 19:43:58.441  1453  3596 D CoreBackPreview: Window{e985b33 u0 com.bearmod.loader/com.bearmod.loader.ui.main.MainActivity}: Setting back callback OnBackInvokedCallbackInfo{mCallback=android.window.IOnBackInvokedCallback$Stub$Proxy@f3778f, mPriority=0}
05-25 19:43:58.443 14631 14631 W Looper  : PerfMonitor looperActivity : package=com.bearmod.loader/.ui.main.MainActivity time=279ms latency=394ms  procState=-1  historyMsgCount=3
05-25 19:43:58.477  1453  3449 W WindowManager: Changing focus from null to Window{e985b33 u0 com.bearmod.loader/com.bearmod.loader.ui.main.MainActivity} displayId=0 Callers=com.android.server.wm.RootWindowContainer.updateFocusedWindowLocked:552 com.android.server.wm.WindowManagerService.updateFocusedWindowLocked:6566 com.android.server.wm.WindowManagerService.relayoutWindow:2799 com.android.server.wm.Session.relayout:280 
05-25 19:43:58.479  1453  3449 D WindowManager: wms.Input focus has changed to Window{e985b33 u0 com.bearmod.loader/com.bearmod.loader.ui.main.MainActivity} display=0 updateInputWindows = true
05-25 19:43:58.479  1453  3449 I WindowManager: Relayout Window{e985b33 u0 com.bearmod.loader/com.bearmod.loader.ui.main.MainActivity}: oldVis=4 newVis=0 focusMayChange = true requestedWidth = 1080 requestedHeight = 2400 outFrames = ClientWindowFrames{frame=[0,0][1080,2400] display=[0,0][1080,2400] parentFrame=[0,0][0,0] parentClippedByDisplayCutout=false} outSurfaceControl = Surface(name=com.bearmod.loader/com.bearmod.loader.ui.main.MainActivity)/@0x82e7723
05-25 19:43:58.479  1453  1638 D WindowManager: wms.Update InputWindowHandle: e985b33 com.bearmod.loader/com.bearmod.loader.ui.main.MainActivity, frame=[0,0,0,0], touchableRegion=SkRegion((0,0,1080,2400)), scaleFactor=1.0, transform=null, windowToken=android.os.BinderProxy@c2672a2, isClone=false, visibal=true, focusable=true, changed=true
05-25 19:43:58.586  1453  3449 D WindowManager: wms.finishDrawingLocked: mDrawState=COMMIT_DRAW_PENDING Window{e985b33 u0 com.bearmod.loader/com.bearmod.loader.ui.main.MainActivity} in Surface(name=com.bearmod.loader/com.bearmod.loader.ui.main.MainActivity)/@0x2d84550
05-25 19:43:58.586 14631 14631 W Looper  : PerfMonitor looperActivity : package=com.bearmod.loader/.ui.main.MainActivity time=0ms latency=454ms  procState=-1  historyMsgCount=8
05-25 19:43:58.586  1453  3449 D MiuiFreeFormGesturePointerEventListener: finishDrawingWindow: topFullScreenWindow= Window{e985b33 u0 com.bearmod.loader/com.bearmod.loader.ui.main.MainActivity}
05-25 19:43:58.591  1453  1638 I WindowManager: wms.showSurfaceRobustly mWin:Window{e985b33 u0 com.bearmod.loader/com.bearmod.loader.ui.main.MainActivity}
05-25 19:43:58.594  1453  1638 D WindowManager: wms.Update InputWindowHandle: e985b33 com.bearmod.loader/com.bearmod.loader.ui.main.MainActivity, frame=[0,0,0,0], touchableRegion=SkRegion((0,0,1080,2400)), scaleFactor=1.0, transform=null, windowToken=android.os.BinderProxy@c2672a2, isClone=false, visibal=true, focusable=true, changed=true
05-25 19:43:58.608  1453  1931 D CoreBackPreview: Window{3e5ed86 u0 Splash Screen com.bearmod.loader}: Setting back callback null
05-25 19:43:58.623  1453  1638 D WindowManager: wms.Update InputWindowHandle: e985b33 com.bearmod.loader/com.bearmod.loader.ui.main.MainActivity, frame=[0,0,0,0], touchableRegion=SkRegion((0,0,1080,2400)), scaleFactor=1.0, transform=null, windowToken=android.os.BinderProxy@c2672a2, isClone=false, visibal=true, focusable=true, changed=true
05-25 19:43:58.790  1453  1638 D WindowManager: setParent old=ActivityRecord{76a67dd u0 com.bearmod.loader/.ui.main.MainActivity} t6374},new=null,this window=Window{3e5ed86 u0 Splash Screen com.bearmod.loader},callers=com.android.server.wm.WindowContainer.removeChild:832 com.android.server.wm.ActivityRecord.removeChild:4964 com.android.server.wm.ActivityRecord.removeChild:438 com.android.server.wm.WindowContainer.removeImmediately:893 com.android.server.wm.WindowState.removeImmediately:2707 com.android.server.wm.WindowState.destroySurface:3928 
05-25 19:44:00.942  1453  3438 W NotificationService: Toast already killed. pkg=com.bearmod.loader token=android.os.BinderProxy@e983032
05-25 19:44:03.865  1453  3449 I ActivityTaskManager: START u0 {cmp=com.bearmod.loader/.ui.patch.PatchExecutionActivity (has extras)} from uid 10465 from pid 14631 callingPackage com.bearmod.loader
05-25 19:44:03.869  1453  3449 D WindowManager: setLockTaskAuth: task=Task{1a87270 #6374 type=standard A=10465:com.bearmod.loader U=0 visible=true visibleRequested=true mode=fullscreen translucent=false sz=2} mLockTaskAuth=LOCK_TASK_AUTH_PINNABLE
