05-25 19:48:16.143  1453  1930 D MiuiFreeFormGesturePointerEventListener: finishDrawingWindow: topFullScreenWindow= Window{468d0e6 u0 com.bearmod.loader/com.bearmod.loader.ui.auth.LoginActivity}
05-25 19:48:16.157  1453  1638 I WindowManager: wms.showSurfaceRobustly mWin:Window{468d0e6 u0 com.bearmod.loader/com.bearmod.loader.ui.auth.LoginActivity}
05-25 19:48:16.703  1453  4089 D CoreBackPreview: Window{4e8929a u0 com.bearmod.loader/com.bearmod.loader.ui.splash.SplashActivity}: Setting back callback null
05-25 19:48:16.704  1453  4089 D WindowManager: setParent old=ActivityRecord{679e4c2 u0 com.bearmod.loader/.ui.splash.SplashActivity} t6378 f}},new=null,this window=Window{4e8929a u0 com.bearmod.loader/com.bearmod.loader.ui.splash.SplashActivity},callers=com.android.server.wm.WindowContainer.removeChild:832 com.android.server.wm.ActivityRecord.removeChild:4964 com.android.server.wm.ActivityRecord.removeChild:438 com.android.server.wm.WindowContainer.removeImmediately:893 com.android.server.wm.WindowState.removeImmediately:2707 com.android.server.wm.WindowState.removeIfPossible:2910 
05-25 19:48:16.708  1453  1930 D WindowManager: setParent old=Task{63b9e10 #6378 type=standard A=10465:com.bearmod.loader U=0 visible=true visibleRequested=true mode=fullscreen translucent=false sz=1},new=null,this window=ActivityRecord{679e4c2 u0 com.bearmod.loader/.ui.splash.SplashActivity} t6378 f}},callers=com.android.server.wm.WindowContainer.removeChild:832 com.android.server.wm.TaskFragment.removeChild:2786 com.android.server.wm.Task.removeChild:1644 com.android.server.wm.Task.removeChild:1625 com.android.server.wm.WindowContainer.removeImmediately:893 com.android.server.wm.WindowToken.removeImmediately:369 
05-25 19:48:16.708  1453  1930 D WindowManager: setLockTaskAuth: task=Task{63b9e10 #6378 type=standard A=10465:com.bearmod.loader U=0 visible=true visibleRequested=true mode=fullscreen translucent=false sz=1} mLockTaskAuth=LOCK_TASK_AUTH_PINNABLE
05-25 19:48:17.670  1453  4089 I ActivityTaskManager: START u0 {cmp=com.bearmod.loader/.ui.main.MainActivity} from uid 10465 from pid 20387 callingPackage com.bearmod.loader
05-25 19:48:17.673  1453  4089 D WindowManager: setLockTaskAuth: task=Task{63b9e10 #6378 type=standard A=10465:com.bearmod.loader U=0 visible=true visibleRequested=true mode=fullscreen translucent=false sz=2} mLockTaskAuth=LOCK_TASK_AUTH_PINNABLE
05-25 19:48:17.859  1453  3438 D CoreBackPreview: Window{2b3c762 u0 com.bearmod.loader/com.bearmod.loader.ui.main.MainActivity}: Setting back callback OnBackInvokedCallbackInfo{mCallback=android.window.IOnBackInvokedCallback$Stub$Proxy@c8af7ae, mPriority=0}
05-25 19:48:17.891  1453  3438 W WindowManager: Changing focus from null to Window{2b3c762 u0 com.bearmod.loader/com.bearmod.loader.ui.main.MainActivity} displayId=0 Callers=com.android.server.wm.RootWindowContainer.updateFocusedWindowLocked:552 com.android.server.wm.WindowManagerService.updateFocusedWindowLocked:6566 com.android.server.wm.WindowManagerService.relayoutWindow:2799 com.android.server.wm.Session.relayout:280 
05-25 19:48:17.894  1453  3438 D WindowManager: wms.Input focus has changed to Window{2b3c762 u0 com.bearmod.loader/com.bearmod.loader.ui.main.MainActivity} display=0 updateInputWindows = true
05-25 19:48:17.894  1453  3438 I WindowManager: Relayout Window{2b3c762 u0 com.bearmod.loader/com.bearmod.loader.ui.main.MainActivity}: oldVis=4 newVis=0 focusMayChange = true requestedWidth = 1080 requestedHeight = 2400 outFrames = ClientWindowFrames{frame=[0,0][1080,2400] display=[0,0][1080,2400] parentFrame=[0,0][0,0] parentClippedByDisplayCutout=false} outSurfaceControl = Surface(name=com.bearmod.loader/com.bearmod.loader.ui.main.MainActivity)/@0xfdd255b
05-25 19:48:17.895  1453  1638 D WindowManager: wms.Update InputWindowHandle: 2b3c762 com.bearmod.loader/com.bearmod.loader.ui.main.MainActivity, frame=[0,0,0,0], touchableRegion=SkRegion((0,0,1080,2400)), scaleFactor=1.0, transform=null, windowToken=android.os.BinderProxy@73e462d, isClone=false, visibal=true, focusable=true, changed=true
05-25 19:48:17.984  1453  4089 D WindowManager: wms.finishDrawingLocked: mDrawState=COMMIT_DRAW_PENDING Window{2b3c762 u0 com.bearmod.loader/com.bearmod.loader.ui.main.MainActivity} in Surface(name=com.bearmod.loader/com.bearmod.loader.ui.main.MainActivity)/@0x4b0a622
05-25 19:48:17.984  1453  4089 D MiuiFreeFormGesturePointerEventListener: finishDrawingWindow: topFullScreenWindow= Window{2b3c762 u0 com.bearmod.loader/com.bearmod.loader.ui.main.MainActivity}
05-25 19:48:17.996  1453  1638 I WindowManager: wms.showSurfaceRobustly mWin:Window{2b3c762 u0 com.bearmod.loader/com.bearmod.loader.ui.main.MainActivity}
05-25 19:48:18.497  1453  1638 D WindowManager: wms.Update InputWindowHandle: 2b3c762 com.bearmod.loader/com.bearmod.loader.ui.main.MainActivity, frame=[0,0,0,0], touchableRegion=SkRegion((0,0,1080,2400)), scaleFactor=1.0, transform=null, windowToken=android.os.BinderProxy@73e462d, isClone=false, visibal=true, focusable=true, changed=true
05-25 19:48:18.517  1453  4089 D CoreBackPreview: Window{468d0e6 u0 com.bearmod.loader/com.bearmod.loader.ui.auth.LoginActivity}: Setting back callback null
05-25 19:48:18.520  1453  3438 D WindowManager: setParent old=ActivityRecord{874dfdd u0 com.bearmod.loader/.ui.auth.LoginActivity} t6378 f}},new=null,this window=Window{468d0e6 u0 com.bearmod.loader/com.bearmod.loader.ui.auth.LoginActivity},callers=com.android.server.wm.WindowContainer.removeChild:832 com.android.server.wm.ActivityRecord.removeChild:4964 com.android.server.wm.ActivityRecord.removeChild:438 com.android.server.wm.WindowContainer.removeImmediately:893 com.android.server.wm.WindowState.removeImmediately:2707 com.android.server.wm.WindowState.removeIfPossible:2910 
05-25 19:48:18.525  1453  3533 D WindowManager: setParent old=Task{63b9e10 #6378 type=standard A=10465:com.bearmod.loader U=0 visible=true visibleRequested=true mode=fullscreen translucent=false sz=1},new=null,this window=ActivityRecord{874dfdd u0 com.bearmod.loader/.ui.auth.LoginActivity} t6378 f}},callers=com.android.server.wm.WindowContainer.removeChild:832 com.android.server.wm.TaskFragment.removeChild:2786 com.android.server.wm.Task.removeChild:1644 com.android.server.wm.Task.removeChild:1625 com.android.server.wm.WindowContainer.removeImmediately:893 com.android.server.wm.WindowToken.removeImmediately:369 
05-25 19:48:18.525  1453  3533 D WindowManager: setLockTaskAuth: task=Task{63b9e10 #6378 type=standard A=10465:com.bearmod.loader U=0 visible=true visibleRequested=true mode=fullscreen translucent=false sz=1} mLockTaskAuth=LOCK_TASK_AUTH_PINNABLE
05-25 19:48:18.971  1453  1786 W WindowManager: Changing focus from Window{2b3c762 u0 com.bearmod.loader/com.bearmod.loader.ui.main.MainActivity} to null displayId=0 Callers=com.android.server.wm.RootWindowContainer.updateFocusedWindowLocked:552 com.android.server.wm.WindowManagerService.updateFocusedWindowLocked:6566 com.android.server.wm.ActivityTaskManagerService.setLastResumedActivityUncheckLocked:4990 com.android.server.wm.ActivityRecord.moveFocusableActivityToTop:3839 
05-25 19:48:19.093  1453  1638 I SmartPower.com.bearmod.loader/10465(20387): visible->invisible(6871ms) R(become invisible) adj=200.
05-25 19:48:19.093  1453  1638 I SmartPower.com.bearmod.loader/10465(20387): invisible->background(1ms) R(become background) adj=200.
05-25 19:48:19.885  1453  1667 I ProcessSceneCleaner: SwipeUpClean: force-stop pkgName=com.bearmod.loader info=AS:70015
05-25 19:48:19.887  1453  4089 D CoreBackPreview: Window{2b3c762 u0 com.bearmod.loader/com.bearmod.loader.ui.main.MainActivity}: Setting back callback null
05-25 19:48:19.890  1453  1667 I ActivityManager: Force stopping com.bearmod.loader appid=10465 user=0: SwipeUpClean
05-25 19:48:19.891  1453  1667 I ActivityManager: Killing 20387:com.bearmod.loader/u0a465 (adj 905): stop com.bearmod.loader due to SwipeUpClean
05-25 19:48:19.893  1453  1667 W ActivityTaskManager: Force removing ActivityRecord{76baf45 u0 com.bearmod.loader/.ui.main.MainActivity} t6378 f}}: app died, no saved state
05-25 19:48:19.894  1453  1667 D WindowManager: setParent old=ActivityRecord{76baf45 u0 com.bearmod.loader/.ui.main.MainActivity} t6378 f}},new=null,this window=Window{2b3c762 u0 com.bearmod.loader/com.bearmod.loader.ui.main.MainActivity},callers=com.android.server.wm.WindowContainer.removeChild:832 com.android.server.wm.ActivityRecord.removeChild:4964 com.android.server.wm.ActivityRecord.removeChild:438 com.android.server.wm.WindowContainer.removeImmediately:893 com.android.server.wm.WindowState.removeImmediately:2707 com.android.server.wm.WindowState.removeIfPossible:2910 
05-25 19:48:19.898  1453  1667 D WindowManager: setParent old=Task{63b9e10 #6378 type=standard A=10465:com.bearmod.loader U=0 visible=false visibleRequested=false mode=fullscreen translucent=true sz=0},new=null,this window=ActivityRecord{76baf45 u0 com.bearmod.loader/.ui.main.MainActivity} t6378 f}},callers=com.android.server.wm.WindowContainer.removeChild:832 com.android.server.wm.TaskFragment.removeChild:2786 com.android.server.wm.Task.removeChild:1644 com.android.server.wm.Task.removeChild:1625 com.android.server.wm.WindowContainer.removeImmediately:893 com.android.server.wm.WindowToken.removeImmediately:369 
05-25 19:48:19.900  1453  1667 D WindowManager: setParent old=DefaultTaskDisplayArea@89389151,new=null,this window=Task{63b9e10 #6378 type=standard A=10465:com.bearmod.loader U=0 visible=false visibleRequested=false mode=fullscreen translucent=true sz=0},callers=com.android.server.wm.WindowContainer.removeChild:832 com.android.server.wm.TaskDisplayArea.removeChildTask:369 com.android.server.wm.TaskDisplayArea.removeChild:360 com.android.server.wm.WindowContainer.removeImmediately:893 com.android.server.wm.TaskFragment.removeImmediately:2866 com.android.server.wm.Task.removeImmediately:3071 
05-25 19:48:19.917  1453  1650 W UsageStatsService: Unexpected activity event reported! (com.bearmod.loader/com.bearmod.loader.ui.main.MainActivity event : 23 instanceId : 35453633)
05-25 19:48:20.776  1453  1931 I ActivityTaskManager: START u0 {act=android.intent.action.MAIN cat=[android.intent.category.LAUNCHER] flg=0x10200000 cmp=com.bearmod.loader/.ui.splash.SplashActivity bnds=[73,1413][207,1547] (has extras)} from uid 10127 from pid 15892 callingPackage com.miui.home
05-25 19:48:20.780  1453  1931 D WindowManager: setLockTaskAuth: task=Task{f209a10 #6379 type=standard A=10465:com.bearmod.loader U=0 visible=false visibleRequested=false mode=fullscreen translucent=true sz=0} mLockTaskAuth=LOCK_TASK_AUTH_PINNABLE
05-25 19:48:20.782  1453  1931 D WindowManager: setLockTaskAuth: task=Task{f209a10 #6379 type=standard A=10465:com.bearmod.loader U=0 visible=true visibleRequested=false mode=fullscreen translucent=true sz=1} mLockTaskAuth=LOCK_TASK_AUTH_PINNABLE
05-25 19:48:20.797  1453  4087 D CoreBackPreview: Window{b9ec9e6 u0 Splash Screen com.bearmod.loader}: Setting back callback OnBackInvokedCallbackInfo{mCallback=android.window.IOnBackInvokedCallback$Stub$Proxy@fdbcf7d, mPriority=0}
05-25 19:48:20.816  1453  1655 I ActivityManager: Start proc 20661:com.bearmod.loader/u0a465 for next-top-activity {com.bearmod.loader/com.bearmod.loader.ui.splash.SplashActivity} caller=com.miui.home
05-25 19:48:20.835  1453  1638 I SmartPower.com.bearmod.loader/10465(0): died->visible(944ms) R(become visible) adj=-10000.
05-25 19:48:20.845  1453  1638 I WindowManager: wms.showSurfaceRobustly mWin:Window{b9ec9e6 u0 Splash Screen com.bearmod.loader}
05-25 19:48:21.574  1453  1936 D CoreBackPreview: Window{5d7973 u0 com.bearmod.loader/com.bearmod.loader.ui.splash.SplashActivity}: Setting back callback OnBackInvokedCallbackInfo{mCallback=android.window.IOnBackInvokedCallback$Stub$Proxy@e8c39cf, mPriority=0}
05-25 19:48:21.575 20661 20661 W Looper  : PerfMonitor looperActivity : package=com.bearmod.loader/.ui.splash.SplashActivity time=193ms latency=458ms  procState=-1  historyMsgCount=3
05-25 19:48:21.576 20661 20661 W Looper  : PerfMonitor looperActivity : package=com.bearmod.loader/.ui.splash.SplashActivity time=1ms latency=651ms  procState=-1  historyMsgCount=4
05-25 19:48:21.589  1453  4088 W WindowManager: Changing focus from null to Window{5d7973 u0 com.bearmod.loader/com.bearmod.loader.ui.splash.SplashActivity} displayId=0 Callers=com.android.server.wm.RootWindowContainer.updateFocusedWindowLocked:552 com.android.server.wm.WindowManagerService.updateFocusedWindowLocked:6566 com.android.server.wm.WindowManagerService.relayoutWindow:2799 com.android.server.wm.Session.relayout:280 
05-25 19:48:21.590  1453  4088 D WindowManager: wms.Input focus has changed to Window{5d7973 u0 com.bearmod.loader/com.bearmod.loader.ui.splash.SplashActivity} display=0 updateInputWindows = true
05-25 19:48:21.590  1453  4088 I WindowManager: Relayout Window{5d7973 u0 com.bearmod.loader/com.bearmod.loader.ui.splash.SplashActivity}: oldVis=4 newVis=0 focusMayChange = true requestedWidth = 1080 requestedHeight = 2400 outFrames = ClientWindowFrames{frame=[0,0][1080,2400] display=[0,0][1080,2400] parentFrame=[0,0][0,0] parentClippedByDisplayCutout=false} outSurfaceControl = Surface(name=com.bearmod.loader/com.bearmod.loader.ui.splash.SplashActivity)/@0xe07cade
05-25 19:48:21.591  1453  1638 D WindowManager: wms.Update InputWindowHandle: 5d7973 com.bearmod.loader/com.bearmod.loader.ui.splash.SplashActivity, frame=[0,0,0,0], touchableRegion=SkRegion((0,0,1080,2400)), scaleFactor=1.0, transform=null, windowToken=android.os.BinderProxy@df021e2, isClone=false, visibal=true, focusable=true, changed=true
05-25 19:48:21.639  1453  4087 D WindowManager: wms.finishDrawingLocked: mDrawState=COMMIT_DRAW_PENDING Window{5d7973 u0 com.bearmod.loader/com.bearmod.loader.ui.splash.SplashActivity} in Surface(name=com.bearmod.loader/com.bearmod.loader.ui.splash.SplashActivity)/@0x7c273cb
05-25 19:48:21.639  1453  4087 D MiuiFreeFormGesturePointerEventListener: finishDrawingWindow: topFullScreenWindow= Window{5d7973 u0 com.bearmod.loader/com.bearmod.loader.ui.splash.SplashActivity}
05-25 19:48:21.645  1453  1638 I WindowManager: wms.showSurfaceRobustly mWin:Window{5d7973 u0 com.bearmod.loader/com.bearmod.loader.ui.splash.SplashActivity}
05-25 19:48:21.648  1453  1638 D WindowManager: wms.Update InputWindowHandle: 5d7973 com.bearmod.loader/com.bearmod.loader.ui.splash.SplashActivity, frame=[0,0,0,0], touchableRegion=SkRegion((0,0,1080,2400)), scaleFactor=1.0, transform=null, windowToken=android.os.BinderProxy@df021e2, isClone=false, visibal=true, focusable=true, changed=true
05-25 19:48:21.668  1453  1707 D CoreBackPreview: Window{b9ec9e6 u0 Splash Screen com.bearmod.loader EXITING}: Setting back callback null
05-25 19:48:21.673  1453  1638 D WindowManager: wms.Update InputWindowHandle: 5d7973 com.bearmod.loader/com.bearmod.loader.ui.splash.SplashActivity, frame=[0,0,0,0], touchableRegion=SkRegion((0,0,1080,2400)), scaleFactor=1.0, transform=null, windowToken=android.os.BinderProxy@df021e2, isClone=false, visibal=true, focusable=true, changed=true
05-25 19:48:21.786  1453  1707 W WindowManager: Changing focus from Window{5d7973 u0 com.bearmod.loader/com.bearmod.loader.ui.splash.SplashActivity} to Window{9fd9e71 u0 com.miui.touchassistant} displayId=0 Callers=com.android.server.wm.RootWindowContainer.updateFocusedWindowLocked:552 com.android.server.wm.WindowManagerService.updateFocusedWindowLocked:6566 com.android.server.wm.WindowManagerService.relayoutWindow:2799 com.android.server.wm.Session.relayout:280 
05-25 19:48:21.845  1453  1638 D WindowManager: setParent old=ActivityRecord{cea7a4 u0 com.bearmod.loader/.ui.splash.SplashActivity} t6379},new=null,this window=Window{b9ec9e6 u0 Splash Screen com.bearmod.loader},callers=com.android.server.wm.WindowContainer.removeChild:832 com.android.server.wm.ActivityRecord.removeChild:4964 com.android.server.wm.ActivityRecord.removeChild:438 com.android.server.wm.WindowContainer.removeImmediately:893 com.android.server.wm.WindowState.removeImmediately:2707 com.android.server.wm.WindowState.destroySurface:3928 
05-25 19:48:23.155  1453  1936 W WindowManager: Changing focus from Window{9fd9e71 u0 com.miui.touchassistant} to Window{5d7973 u0 com.bearmod.loader/com.bearmod.loader.ui.splash.SplashActivity} displayId=0 Callers=com.android.server.wm.RootWindowContainer.updateFocusedWindowLocked:552 com.android.server.wm.WindowManagerService.updateFocusedWindowLocked:6566 com.android.server.wm.WindowManagerService.relayoutWindow:2799 com.android.server.wm.Session.relayout:280 
05-25 19:48:23.157  1453  1936 D WindowManager: wms.Input focus has changed to Window{5d7973 u0 com.bearmod.loader/com.bearmod.loader.ui.splash.SplashActivity} display=0 updateInputWindows = true
05-25 19:48:24.556  1453  1467 I ActivityTaskManager: START u0 {cmp=com.bearmod.loader/.ui.auth.LoginActivity} from uid 10465 from pid 20661 callingPackage com.bearmod.loader
05-25 19:48:24.559  1453  1467 D WindowManager: setLockTaskAuth: task=Task{f209a10 #6379 type=standard A=10465:com.bearmod.loader U=0 visible=true visibleRequested=true mode=fullscreen translucent=false sz=2} mLockTaskAuth=LOCK_TASK_AUTH_PINNABLE
05-25 19:48:24.564  1453  1638 D WindowManager: wms.Update InputWindowHandle: 5d7973 com.bearmod.loader/com.bearmod.loader.ui.splash.SplashActivity, frame=[0,0,0,0], touchableRegion=SkRegion((0,0,1080,2400)), scaleFactor=1.0, transform=null, windowToken=android.os.BinderProxy@df021e2, isClone=false, visibal=true, focusable=true, changed=true
05-25 19:48:24.577  1453  4106 W WindowManager: Changing focus from Window{5d7973 u0 com.bearmod.loader/com.bearmod.loader.ui.splash.SplashActivity} to null displayId=0 Callers=com.android.server.wm.RootWindowContainer.updateFocusedWindowLocked:552 com.android.server.wm.WindowManagerService.updateFocusedWindowLocked:6566 com.android.server.wm.ActivityTaskManagerService.setLastResumedActivityUncheckLocked:4990 com.android.server.wm.ActivityTaskSupervisor.updateTopResumedActivityIfNeeded:2241 
05-25 19:48:24.800  1453  3548 D CoreBackPreview: Window{bef1b96 u0 com.bearmod.loader/com.bearmod.loader.ui.auth.LoginActivity}: Setting back callback OnBackInvokedCallbackInfo{mCallback=android.window.IOnBackInvokedCallback$Stub$Proxy@e594e9c, mPriority=0}
05-25 19:48:24.819  1453  4106 W WindowManager: Changing focus from null to Window{bef1b96 u0 com.bearmod.loader/com.bearmod.loader.ui.auth.LoginActivity} displayId=0 Callers=com.android.server.wm.RootWindowContainer.updateFocusedWindowLocked:552 com.android.server.wm.WindowManagerService.updateFocusedWindowLocked:6566 com.android.server.wm.WindowManagerService.relayoutWindow:2799 com.android.server.wm.Session.relayout:280 
05-25 19:48:24.821  1453  4106 D WindowManager: wms.Input focus has changed to Window{bef1b96 u0 com.bearmod.loader/com.bearmod.loader.ui.auth.LoginActivity} display=0 updateInputWindows = true
05-25 19:48:24.822  1453  4106 I WindowManager: Relayout Window{bef1b96 u0 com.bearmod.loader/com.bearmod.loader.ui.auth.LoginActivity}: oldVis=4 newVis=0 focusMayChange = true requestedWidth = 1080 requestedHeight = 2400 outFrames = ClientWindowFrames{frame=[0,0][1080,2400] display=[0,0][1080,2400] parentFrame=[0,0][0,0] parentClippedByDisplayCutout=false} outSurfaceControl = Surface(name=com.bearmod.loader/com.bearmod.loader.ui.auth.LoginActivity)/@0xc8f15a3
05-25 19:48:24.823  1453  1638 D WindowManager: wms.Update InputWindowHandle: bef1b96 com.bearmod.loader/com.bearmod.loader.ui.auth.LoginActivity, frame=[0,0,0,0], touchableRegion=SkRegion((0,0,1080,2400)), scaleFactor=1.0, transform=null, windowToken=android.os.BinderProxy@3863ab1, isClone=false, visibal=true, focusable=true, changed=true
05-25 19:48:24.864  1453  1931 D WindowManager: wms.finishDrawingLocked: mDrawState=COMMIT_DRAW_PENDING Window{bef1b96 u0 com.bearmod.loader/com.bearmod.loader.ui.auth.LoginActivity} in Surface(name=com.bearmod.loader/com.bearmod.loader.ui.auth.LoginActivity)/@0xd584afc
05-25 19:48:24.864  1453  1931 D MiuiFreeFormGesturePointerEventListener: finishDrawingWindow: topFullScreenWindow= Window{bef1b96 u0 com.bearmod.loader/com.bearmod.loader.ui.auth.LoginActivity}
05-25 19:48:24.874  1453  1638 I WindowManager: wms.showSurfaceRobustly mWin:Window{bef1b96 u0 com.bearmod.loader/com.bearmod.loader.ui.auth.LoginActivity}
05-25 19:48:25.397  1453  1638 D WindowManager: wms.Update InputWindowHandle: bef1b96 com.bearmod.loader/com.bearmod.loader.ui.auth.LoginActivity, frame=[0,0,0,0], touchableRegion=SkRegion((0,0,1080,2400)), scaleFactor=1.0, transform=null, windowToken=android.os.BinderProxy@3863ab1, isClone=false, visibal=true, focusable=true, changed=true
05-25 19:48:25.415  1453  1931 D CoreBackPreview: Window{5d7973 u0 com.bearmod.loader/com.bearmod.loader.ui.splash.SplashActivity}: Setting back callback null
05-25 19:48:25.418  1453  4088 D WindowManager: setParent old=ActivityRecord{cea7a4 u0 com.bearmod.loader/.ui.splash.SplashActivity} t6379 f}},new=null,this window=Window{5d7973 u0 com.bearmod.loader/com.bearmod.loader.ui.splash.SplashActivity},callers=com.android.server.wm.WindowContainer.removeChild:832 com.android.server.wm.ActivityRecord.removeChild:4964 com.android.server.wm.ActivityRecord.removeChild:438 com.android.server.wm.WindowContainer.removeImmediately:893 com.android.server.wm.WindowState.removeImmediately:2707 com.android.server.wm.WindowState.removeIfPossible:2910 
05-25 19:48:25.423  1453  4088 D WindowManager: setParent old=Task{f209a10 #6379 type=standard A=10465:com.bearmod.loader U=0 visible=true visibleRequested=true mode=fullscreen translucent=false sz=1},new=null,this window=ActivityRecord{cea7a4 u0 com.bearmod.loader/.ui.splash.SplashActivity} t6379 f}},callers=com.android.server.wm.WindowContainer.removeChild:832 com.android.server.wm.TaskFragment.removeChild:2786 com.android.server.wm.Task.removeChild:1644 com.android.server.wm.Task.removeChild:1625 com.android.server.wm.WindowContainer.removeImmediately:893 com.android.server.wm.WindowToken.removeImmediately:369 
05-25 19:48:25.424  1453  4088 D WindowManager: setLockTaskAuth: task=Task{f209a10 #6379 type=standard A=10465:com.bearmod.loader U=0 visible=true visibleRequested=true mode=fullscreen translucent=false sz=1} mLockTaskAuth=LOCK_TASK_AUTH_PINNABLE
05-25 19:48:26.651  1453  4020 I ActivityTaskManager: START u0 {cmp=com.bearmod.loader/.ui.main.MainActivity} from uid 10465 from pid 20661 callingPackage com.bearmod.loader
05-25 19:48:26.654  1453  4020 D WindowManager: setLockTaskAuth: task=Task{f209a10 #6379 type=standard A=10465:com.bearmod.loader U=0 visible=true visibleRequested=true mode=fullscreen translucent=false sz=2} mLockTaskAuth=LOCK_TASK_AUTH_PINNABLE
05-25 19:48:26.658  1453  1638 D WindowManager: wms.Update InputWindowHandle: bef1b96 com.bearmod.loader/com.bearmod.loader.ui.auth.LoginActivity, frame=[0,0,0,0], touchableRegion=SkRegion((0,0,1080,2400)), scaleFactor=1.0, transform=null, windowToken=android.os.BinderProxy@3863ab1, isClone=false, visibal=true, focusable=true, changed=true
05-25 19:48:26.674  1453  1931 W WindowManager: Changing focus from Window{bef1b96 u0 com.bearmod.loader/com.bearmod.loader.ui.auth.LoginActivity} to null displayId=0 Callers=com.android.server.wm.RootWindowContainer.updateFocusedWindowLocked:552 com.android.server.wm.WindowManagerService.updateFocusedWindowLocked:6566 com.android.server.wm.ActivityTaskManagerService.setLastResumedActivityUncheckLocked:4990 com.android.server.wm.ActivityTaskSupervisor.updateTopResumedActivityIfNeeded:2241 
05-25 19:48:26.861  1453  1931 D CoreBackPreview: Window{168f450 u0 com.bearmod.loader/com.bearmod.loader.ui.main.MainActivity}: Setting back callback OnBackInvokedCallbackInfo{mCallback=android.window.IOnBackInvokedCallback$Stub$Proxy@971057c, mPriority=0}
05-25 19:48:26.905  1453  1931 W WindowManager: Changing focus from null to Window{168f450 u0 com.bearmod.loader/com.bearmod.loader.ui.main.MainActivity} displayId=0 Callers=com.android.server.wm.RootWindowContainer.updateFocusedWindowLocked:552 com.android.server.wm.WindowManagerService.updateFocusedWindowLocked:6566 com.android.server.wm.WindowManagerService.relayoutWindow:2799 com.android.server.wm.Session.relayout:280 
05-25 19:48:26.908  1453  1931 D WindowManager: wms.Input focus has changed to Window{168f450 u0 com.bearmod.loader/com.bearmod.loader.ui.main.MainActivity} display=0 updateInputWindows = true
05-25 19:48:26.908  1453  1931 I WindowManager: Relayout Window{168f450 u0 com.bearmod.loader/com.bearmod.loader.ui.main.MainActivity}: oldVis=4 newVis=0 focusMayChange = true requestedWidth = 1080 requestedHeight = 2400 outFrames = ClientWindowFrames{frame=[0,0][1080,2400] display=[0,0][1080,2400] parentFrame=[0,0][0,0] parentClippedByDisplayCutout=false} outSurfaceControl = Surface(name=com.bearmod.loader/com.bearmod.loader.ui.main.MainActivity)/@0xa8432e5
05-25 19:48:26.908  1453  1638 D WindowManager: wms.Update InputWindowHandle: 168f450 com.bearmod.loader/com.bearmod.loader.ui.main.MainActivity, frame=[0,0,0,0], touchableRegion=SkRegion((0,0,1080,2400)), scaleFactor=1.0, transform=null, windowToken=android.os.BinderProxy@f57a13, isClone=false, visibal=true, focusable=true, changed=true
05-25 19:48:27.019  1453  1931 D WindowManager: wms.finishDrawingLocked: mDrawState=COMMIT_DRAW_PENDING Window{168f450 u0 com.bearmod.loader/com.bearmod.loader.ui.main.MainActivity} in Surface(name=com.bearmod.loader/com.bearmod.loader.ui.main.MainActivity)/@0xa2c4796
05-25 19:48:27.020  1453  1931 D MiuiFreeFormGesturePointerEventListener: finishDrawingWindow: topFullScreenWindow= Window{168f450 u0 com.bearmod.loader/com.bearmod.loader.ui.main.MainActivity}
05-25 19:48:27.034  1453  1638 I WindowManager: wms.showSurfaceRobustly mWin:Window{168f450 u0 com.bearmod.loader/com.bearmod.loader.ui.main.MainActivity}
05-25 19:48:27.547  1453  1638 D WindowManager: wms.Update InputWindowHandle: 168f450 com.bearmod.loader/com.bearmod.loader.ui.main.MainActivity, frame=[0,0,0,0], touchableRegion=SkRegion((0,0,1080,2400)), scaleFactor=1.0, transform=null, windowToken=android.os.BinderProxy@f57a13, isClone=false, visibal=true, focusable=true, changed=true
05-25 19:48:27.564  1453  1931 D CoreBackPreview: Window{bef1b96 u0 com.bearmod.loader/com.bearmod.loader.ui.auth.LoginActivity}: Setting back callback null
05-25 19:48:27.570  1453  1931 D WindowManager: setParent old=ActivityRecord{9417352 u0 com.bearmod.loader/.ui.auth.LoginActivity} t6379 f}},new=null,this window=Window{bef1b96 u0 com.bearmod.loader/com.bearmod.loader.ui.auth.LoginActivity},callers=com.android.server.wm.WindowContainer.removeChild:832 com.android.server.wm.ActivityRecord.removeChild:4964 com.android.server.wm.ActivityRecord.removeChild:438 com.android.server.wm.WindowContainer.removeImmediately:893 com.android.server.wm.WindowState.removeImmediately:2707 com.android.server.wm.WindowState.removeIfPossible:2910 
05-25 19:48:27.576  1453  4088 D WindowManager: setParent old=Task{f209a10 #6379 type=standard A=10465:com.bearmod.loader U=0 visible=true visibleRequested=true mode=fullscreen translucent=false sz=1},new=null,this window=ActivityRecord{9417352 u0 com.bearmod.loader/.ui.auth.LoginActivity} t6379 f}},callers=com.android.server.wm.WindowContainer.removeChild:832 com.android.server.wm.TaskFragment.removeChild:2786 com.android.server.wm.Task.removeChild:1644 com.android.server.wm.Task.removeChild:1625 com.android.server.wm.WindowContainer.removeImmediately:893 com.android.server.wm.WindowToken.removeImmediately:369 
05-25 19:48:27.576  1453  4088 D WindowManager: setLockTaskAuth: task=Task{f209a10 #6379 type=standard A=10465:com.bearmod.loader U=0 visible=true visibleRequested=true mode=fullscreen translucent=false sz=1} mLockTaskAuth=LOCK_TASK_AUTH_PINNABLE
05-25 19:48:27.964  1453  1786 W WindowManager: Changing focus from Window{168f450 u0 com.bearmod.loader/com.bearmod.loader.ui.main.MainActivity} to null displayId=0 Callers=com.android.server.wm.RootWindowContainer.updateFocusedWindowLocked:552 com.android.server.wm.WindowManagerService.updateFocusedWindowLocked:6566 com.android.server.wm.ActivityTaskManagerService.setLastResumedActivityUncheckLocked:4990 com.android.server.wm.ActivityRecord.moveFocusableActivityToTop:3839 
05-25 19:48:28.079  1453  1638 I SmartPower.com.bearmod.loader/10465(20661): visible->invisible(7244ms) R(become invisible) adj=200.
05-25 19:48:28.079  1453  1638 I SmartPower.com.bearmod.loader/10465(20661): invisible->background(0ms) R(become background) adj=200.
05-25 19:48:28.814  1453  4106 I ActivityTaskManager: START u0 {act=android.intent.action.MAIN cat=[android.intent.category.LAUNCHER] flg=0x10200000 cmp=com.bearmod.loader/.ui.splash.SplashActivity bnds=[67,1401][201,1535] (has extras)} from uid 10127 from pid 15892 callingPackage com.miui.home
05-25 19:48:28.814  1453  4106 I SmartPower.com.bearmod.loader/10465(20661): background->invisible(735ms) R(become foreground) adj=700.
05-25 19:48:28.854  1453  4020 W WindowManager: Changing focus from null to Window{168f450 u0 com.bearmod.loader/com.bearmod.loader.ui.main.MainActivity} displayId=0 Callers=com.android.server.wm.RootWindowContainer.updateFocusedWindowLocked:552 com.android.server.wm.WindowManagerService.updateFocusedWindowLocked:6566 com.android.server.wm.WindowManagerService.relayoutWindow:2799 com.android.server.wm.Session.relayout:280 
05-25 19:48:28.856  1453  4020 D WindowManager: wms.Input focus has changed to Window{168f450 u0 com.bearmod.loader/com.bearmod.loader.ui.main.MainActivity} display=0 updateInputWindows = true
05-25 19:48:28.857  1453  4020 I WindowManager: Relayout Window{168f450 u0 com.bearmod.loader/com.bearmod.loader.ui.main.MainActivity}: oldVis=8 newVis=0 focusMayChange = true requestedWidth = 1080 requestedHeight = 2400 outFrames = ClientWindowFrames{frame=[0,0][1080,2400] display=[0,0][1080,2400] parentFrame=[0,0][0,0] parentClippedByDisplayCutout=false} outSurfaceControl = Surface(name=com.bearmod.loader/com.bearmod.loader.ui.main.MainActivity)/@0xeab5d3f
05-25 19:48:28.858  1453  1638 D WindowManager: wms.Update InputWindowHandle: 168f450 com.bearmod.loader/com.bearmod.loader.ui.main.MainActivity, frame=[0,0,0,0], touchableRegion=SkRegion((0,0,1080,2400)), scaleFactor=1.0, transform=null, windowToken=android.os.BinderProxy@f57a13, isClone=false, visibal=true, focusable=true, changed=true
05-25 19:48:28.899  1453  4020 D WindowManager: wms.finishDrawingLocked: mDrawState=COMMIT_DRAW_PENDING Window{168f450 u0 com.bearmod.loader/com.bearmod.loader.ui.main.MainActivity} in Surface(name=com.bearmod.loader/com.bearmod.loader.ui.main.MainActivity)/@0xa313d10
05-25 19:48:28.899  1453  4020 D MiuiFreeFormGesturePointerEventListener: finishDrawingWindow: topFullScreenWindow= Window{168f450 u0 com.bearmod.loader/com.bearmod.loader.ui.main.MainActivity}
05-25 19:48:28.906  1453  1638 I SmartPower.com.bearmod.loader/10465(20661): invisible->visible(92ms) R(become visible) adj=0.
05-25 19:48:28.913  1453  1638 I WindowManager: wms.showSurfaceRobustly mWin:Window{168f450 u0 com.bearmod.loader/com.bearmod.loader.ui.main.MainActivity}
05-25 19:48:28.934  1453  1638 D WindowManager: wms.Update InputWindowHandle: 168f450 com.bearmod.loader/com.bearmod.loader.ui.main.MainActivity, frame=[0,0,0,0], touchableRegion=SkRegion((0,0,1080,2400)), scaleFactor=1.0, transform=null, windowToken=android.os.BinderProxy@f57a13, isClone=false, visibal=true, focusable=true, changed=true
05-25 19:48:30.981  1453  1931 I ActivityTaskManager: START u0 {flg=0x14000000 cmp=com.bearmod.loader/.ui.auth.LoginActivity} from uid 10465 from pid 20661 callingPackage com.bearmod.loader
05-25 19:48:30.985  1453  1931 D WindowManager: setLockTaskAuth: task=Task{f209a10 #6379 type=standard A=10465:com.bearmod.loader U=0 visible=true visibleRequested=true mode=fullscreen translucent=false sz=2} mLockTaskAuth=LOCK_TASK_AUTH_PINNABLE
05-25 19:48:30.992  1453  1638 D WindowManager: wms.Update InputWindowHandle: 168f450 com.bearmod.loader/com.bearmod.loader.ui.main.MainActivity, frame=[0,0,0,0], touchableRegion=SkRegion((0,0,1080,2400)), scaleFactor=1.0, transform=null, windowToken=android.os.BinderProxy@f57a13, isClone=false, visibal=true, focusable=true, changed=true
05-25 19:48:31.000  1453  1931 W WindowManager: Changing focus from Window{168f450 u0 com.bearmod.loader/com.bearmod.loader.ui.main.MainActivity} to null displayId=0 Callers=com.android.server.wm.RootWindowContainer.updateFocusedWindowLocked:552 com.android.server.wm.WindowManagerService.updateFocusedWindowLocked:6566 com.android.server.wm.ActivityTaskManagerService.setLastResumedActivityUncheckLocked:4990 com.android.server.wm.ActivityTaskSupervisor.updateTopResumedActivityIfNeeded:2241 
05-25 19:48:31.111  1453  1931 D CoreBackPreview: Window{d67b874 u0 com.bearmod.loader/com.bearmod.loader.ui.auth.LoginActivity}: Setting back callback OnBackInvokedCallbackInfo{mCallback=android.window.IOnBackInvokedCallback$Stub$Proxy@981e7e0, mPriority=0}
05-25 19:48:31.132  1453  3548 W WindowManager: Changing focus from null to Window{d67b874 u0 com.bearmod.loader/com.bearmod.loader.ui.auth.LoginActivity} displayId=0 Callers=com.android.server.wm.RootWindowContainer.updateFocusedWindowLocked:552 com.android.server.wm.WindowManagerService.updateFocusedWindowLocked:6566 com.android.server.wm.WindowManagerService.relayoutWindow:2799 com.android.server.wm.Session.relayout:280 
05-25 19:48:31.135  1453  3548 D WindowManager: wms.Input focus has changed to Window{d67b874 u0 com.bearmod.loader/com.bearmod.loader.ui.auth.LoginActivity} display=0 updateInputWindows = true
05-25 19:48:31.135  1453  3548 I WindowManager: Relayout Window{d67b874 u0 com.bearmod.loader/com.bearmod.loader.ui.auth.LoginActivity}: oldVis=4 newVis=0 focusMayChange = true requestedWidth = 1080 requestedHeight = 2400 outFrames = ClientWindowFrames{frame=[0,0][1080,2400] display=[0,0][1080,2400] parentFrame=[0,0][0,0] parentClippedByDisplayCutout=false} outSurfaceControl = Surface(name=com.bearmod.loader/com.bearmod.loader.ui.auth.LoginActivity)/@0xc9ec09
05-25 19:48:31.136  1453  1638 D WindowManager: wms.Update InputWindowHandle: d67b874 com.bearmod.loader/com.bearmod.loader.ui.auth.LoginActivity, frame=[0,0,0,0], touchableRegion=SkRegion((0,0,1080,2400)), scaleFactor=1.0, transform=null, windowToken=android.os.BinderProxy@89e847, isClone=false, visibal=true, focusable=true, changed=true
05-25 19:48:31.173  1453  4106 D WindowManager: wms.finishDrawingLocked: mDrawState=COMMIT_DRAW_PENDING Window{d67b874 u0 com.bearmod.loader/com.bearmod.loader.ui.auth.LoginActivity} in Surface(name=com.bearmod.loader/com.bearmod.loader.ui.auth.LoginActivity)/@0x1cd40ca
05-25 19:48:31.173  1453  4106 D MiuiFreeFormGesturePointerEventListener: finishDrawingWindow: topFullScreenWindow= Window{d67b874 u0 com.bearmod.loader/com.bearmod.loader.ui.auth.LoginActivity}
05-25 19:48:31.191  1453  1638 I WindowManager: wms.showSurfaceRobustly mWin:Window{d67b874 u0 com.bearmod.loader/com.bearmod.loader.ui.auth.LoginActivity}
05-25 19:48:31.707  1453  1638 D WindowManager: wms.Update InputWindowHandle: d67b874 com.bearmod.loader/com.bearmod.loader.ui.auth.LoginActivity, frame=[0,0,0,0], touchableRegion=SkRegion((0,0,1080,2400)), scaleFactor=1.0, transform=null, windowToken=android.os.BinderProxy@89e847, isClone=false, visibal=true, focusable=true, changed=true
05-25 19:48:31.728  1453  1931 D CoreBackPreview: Window{168f450 u0 com.bearmod.loader/com.bearmod.loader.ui.main.MainActivity}: Setting back callback null
05-25 19:48:31.736  1453  3533 D WindowManager: setParent old=ActivityRecord{233f90b u0 com.bearmod.loader/.ui.main.MainActivity} t6379 f}},new=null,this window=Window{168f450 u0 com.bearmod.loader/com.bearmod.loader.ui.main.MainActivity},callers=com.android.server.wm.WindowContainer.removeChild:832 com.android.server.wm.ActivityRecord.removeChild:4964 com.android.server.wm.ActivityRecord.removeChild:438 com.android.server.wm.WindowContainer.removeImmediately:893 com.android.server.wm.WindowState.removeImmediately:2707 com.android.server.wm.WindowState.removeIfPossible:2910 
05-25 19:48:31.741  1453  3548 D WindowManager: setParent old=Task{f209a10 #6379 type=standard A=10465:com.bearmod.loader U=0 visible=true visibleRequested=true mode=fullscreen translucent=false sz=1},new=null,this window=ActivityRecord{233f90b u0 com.bearmod.loader/.ui.main.MainActivity} t6379 f}},callers=com.android.server.wm.WindowContainer.removeChild:832 com.android.server.wm.TaskFragment.removeChild:2786 com.android.server.wm.Task.removeChild:1644 com.android.server.wm.Task.removeChild:1625 com.android.server.wm.WindowContainer.removeImmediately:893 com.android.server.wm.WindowToken.removeImmediately:369 
05-25 19:48:31.741  1453  3548 D WindowManager: setLockTaskAuth: task=Task{f209a10 #6379 type=standard A=10465:com.bearmod.loader U=0 visible=true visibleRequested=true mode=fullscreen translucent=false sz=1} mLockTaskAuth=LOCK_TASK_AUTH_PINNABLE
05-25 19:48:34.277  1453  1931 D PerfShielderService: com.bearmod.loader|com.bearmod.loader/com.bearmod.loader.ui.auth.LoginActivity|187|679737712333437|146|0|2
05-25 19:48:34.277  3447  3493 W MiuiPerfServiceClient: interceptAndQueuing:20661|com.bearmod.loader|187|146|679737712333437|Slow main thread|2
05-25 19:48:34.747  1453  3548 D WindowManager: setParent old=Window{d67b874 u0 com.bearmod.loader/com.bearmod.loader.ui.auth.LoginActivity},new=null,this window=Window{602f49d u0 PopupWindow:b8c6e4f},callers=com.android.server.wm.WindowContainer.removeChild:832 com.android.server.wm.WindowContainer.removeImmediately:893 com.android.server.wm.WindowState.removeImmediately:2707 com.android.server.wm.WindowState.removeIfPossible:2910 com.android.server.wm.WindowState.removeIfPossible:2757 com.android.server.wm.WindowManagerService.removeWindow:2346 
05-25 19:48:34.885  1453  1638 D WindowManager: setParent old=Window{d67b874 u0 com.bearmod.loader/com.bearmod.loader.ui.auth.LoginActivity},new=null,this window=Window{74d8d38 u0 PopupWindow:73b6213},callers=com.android.server.wm.WindowContainer.removeChild:832 com.android.server.wm.WindowContainer.removeImmediately:893 com.android.server.wm.WindowState.removeImmediately:2707 com.android.server.wm.WindowState.destroySurface:3928 com.android.server.wm.WindowState.onExitAnimationDone:5688 com.android.server.wm.WindowStateAnimator.onAnimationFinished:201 
05-25 19:48:35.707  1453  3548 I WindowManager: WMS.showImePostLayout(), imeTarget = Window{d67b874 u0 com.bearmod.loader/com.bearmod.loader.ui.auth.LoginActivity}
05-25 19:48:37.938  1453  1638 D WindowManager: setParent old=Window{d67b874 u0 com.bearmod.loader/com.bearmod.loader.ui.auth.LoginActivity},new=null,this window=Window{a45b1d2 u0 PopupWindow:73b6213},callers=com.android.server.wm.WindowContainer.removeChild:832 com.android.server.wm.WindowContainer.removeImmediately:893 com.android.server.wm.WindowState.removeImmediately:2707 com.android.server.wm.WindowState.destroySurface:3928 com.android.server.wm.WindowState.onExitAnimationDone:5688 com.android.server.wm.WindowStateAnimator.onAnimationFinished:201 
05-25 19:48:38.366  1453  4106 W WindowManager: Changing focus from Window{d67b874 u0 com.bearmod.loader/com.bearmod.loader.ui.auth.LoginActivity} to Window{b118e15 u0 com.bit.androsmart.kbinapp} displayId=0 Callers=com.android.server.wm.RootWindowContainer.updateFocusedWindowLocked:552 com.android.server.wm.WindowManagerService.updateFocusedWindowLocked:6566 com.android.server.wm.WindowManagerService.addWindow:2134 com.android.server.wm.Session.addToDisplayAsUser:228 
05-25 19:48:39.520  1453  4020 W WindowManager: Changing focus from Window{b118e15 u0 com.bit.androsmart.kbinapp EXITING} to Window{d67b874 u0 com.bearmod.loader/com.bearmod.loader.ui.auth.LoginActivity} displayId=0 Callers=com.android.server.wm.RootWindowContainer.updateFocusedWindowLocked:552 com.android.server.wm.WindowManagerService.updateFocusedWindowLocked:6566 com.android.server.wm.WindowState.setupWindowForRemoveOnExit:2934 com.android.server.wm.WindowState.removeIfPossible:2902 
05-25 19:48:39.522  1453  4020 D WindowManager: wms.Input focus has changed to Window{d67b874 u0 com.bearmod.loader/com.bearmod.loader.ui.auth.LoginActivity} display=0 updateInputWindows = false
05-25 19:48:39.621  1453  3533 I WindowManager: WMS.showImePostLayout(), imeTarget = Window{d67b874 u0 com.bearmod.loader/com.bearmod.loader.ui.auth.LoginActivity}
05-25 19:50:15.401  1453  1786 W WindowManager: Changing focus from Window{d67b874 u0 com.bearmod.loader/com.bearmod.loader.ui.auth.LoginActivity} to null displayId=0 Callers=com.android.server.wm.RootWindowContainer.updateFocusedWindowLocked:552 com.android.server.wm.WindowManagerService.updateFocusedWindowLocked:6566 com.android.server.wm.ActivityTaskManagerService.setLastResumedActivityUncheckLocked:4990 com.android.server.wm.ActivityRecord.moveFocusableActivityToTop:3839 
05-25 19:50:15.545  1453  1638 I SmartPower.com.bearmod.loader/10465(20661): visible->invisible(106639ms) R(become invisible) adj=200.
05-25 19:50:15.545  1453  1638 I SmartPower.com.bearmod.loader/10465(20661): invisible->background(0ms) R(become background) adj=200.
05-25 19:50:18.546  1453  1875 I SmartPower.com.bearmod.loader/10465(20661): background->idle(3001ms) R(become invisible) adj=700.
05-25 19:50:18.978  1453  1930 D PackageManager: Uninstall pkg: com.bearmod.loader u0 flags:4 from u10127/15892 of com.miui.home
05-25 19:50:18.981  1453  1654 I ActivityManager: Force stopping com.bearmod.loader appid=10465 user=0: deletePackageX
05-25 19:50:18.982  1453  1691 I AppsFilter: interaction: PackageSetting{f16dd3a com.fido.asm/10166} -> PackageSetting{6480dd3 com.bearmod.loader/10465} BLOCKED
05-25 19:50:18.983  1453  1691 I AppsFilter: interaction: PackageSetting{84db54 org.zeus.loader/10438} -> PackageSetting{6480dd3 com.bearmod.loader/10465} BLOCKED
05-25 19:50:18.983  1453  1691 I AppsFilter: interaction: PackageSetting{b3f4c05 com.bearmod.license/10432} -> PackageSetting{6480dd3 com.bearmod.loader/10465} BLOCKED
05-25 19:50:18.983  1453  1691 I AppsFilter: interaction: PackageSetting{f16dd3a com.fido.asm/10166} -> PackageSetting{6480dd3 com.bearmod.loader/10465} BLOCKED
05-25 19:50:18.983  1453  1691 I AppsFilter: interaction: PackageSetting{84db54 org.zeus.loader/10438} -> PackageSetting{6480dd3 com.bearmod.loader/10465} BLOCKED
05-25 19:50:18.983  1453  1691 I AppsFilter: interaction: PackageSetting{b3f4c05 com.bearmod.license/10432} -> PackageSetting{6480dd3 com.bearmod.loader/10465} BLOCKED
05-25 19:50:19.000  1453  1654 I ActivityManager: Killing 20661:com.bearmod.loader/u0a465 (adj 700): stop com.bearmod.loader due to deletePackageX
05-25 19:50:19.002  1453  1654 W ActivityTaskManager: Force removing ActivityRecord{b96e0ab u0 com.bearmod.loader/.ui.auth.LoginActivity} t6379 f}}: app died, no saved state
05-25 19:50:19.002  1453  1691 I PackageManager: Removing permission com.bearmod.loader.DYNAMIC_RECEIVER_NOT_EXPORTED_PERMISSION that used to be declared by com.bearmod.loader
05-25 19:50:19.003  1453  1654 D WindowManager: setParent old=ActivityRecord{b96e0ab u0 com.bearmod.loader/.ui.auth.LoginActivity} t6379 f}},new=null,this window=Window{d67b874 u0 com.bearmod.loader/com.bearmod.loader.ui.auth.LoginActivity},callers=com.android.server.wm.WindowContainer.removeChild:832 com.android.server.wm.ActivityRecord.removeChild:4964 com.android.server.wm.ActivityRecord.removeChild:438 com.android.server.wm.WindowContainer.removeImmediately:893 com.android.server.wm.WindowState.removeImmediately:2707 com.android.server.wm.WindowState.removeIfPossible:2910 
05-25 19:50:19.201  1453  1650 W UsageStatsService: Unexpected activity event reported! (com.bearmod.loader/com.bearmod.loader.ui.auth.LoginActivity event : 23 instanceId : 169548449)
05-25 19:50:19.202  1453  1691 W PackageFreezer: Freeze package com.bearmod.loader about 0.221 seconds for reason: deletePackageX
05-25 19:50:19.203  1453  1654 D WindowManager: setParent old=Task{f209a10 #6379 type=standard A=10465:com.bearmod.loader U=0 visible=false visibleRequested=false mode=fullscreen translucent=true sz=0},new=null,this window=ActivityRecord{b96e0ab u0 com.bearmod.loader/.ui.auth.LoginActivity} t6379 f}},callers=com.android.server.wm.WindowContainer.removeChild:832 com.android.server.wm.TaskFragment.removeChild:2786 com.android.server.wm.Task.removeChild:1644 com.android.server.wm.Task.removeChild:1625 com.android.server.wm.WindowContainer.removeImmediately:893 com.android.server.wm.WindowToken.removeImmediately:369 
05-25 19:50:19.206  1453  1654 D WindowManager: setParent old=DefaultTaskDisplayArea@89389151,new=null,this window=Task{f209a10 #6379 type=standard A=10465:com.bearmod.loader U=0 visible=false visibleRequested=false mode=fullscreen translucent=true sz=0},callers=com.android.server.wm.WindowContainer.removeChild:832 com.android.server.wm.TaskDisplayArea.removeChildTask:369 com.android.server.wm.TaskDisplayArea.removeChild:360 com.android.server.wm.WindowContainer.removeImmediately:893 com.android.server.wm.TaskFragment.removeImmediately:2866 com.android.server.wm.Task.removeImmediately:3071 
05-25 19:50:19.233  1453  1691 I ActivityManager: Force stopping com.bearmod.loader appid=10465 user=0: pkg removed
05-25 19:50:19.513  1453  1727 I RollbackManager: broadcast=ACTION_PACKAGE_FULLY_REMOVED pkg=com.bearmod.loader
05-25 19:50:19.577  1453  1453 I GameManagerService: Disabling downscale for com.bearmod.loader
05-25 19:50:19.597  1453  1453 I Telecom : CarModeTracker: Package com.bearmod.loader is not tracked.: SSH.oR@4Ts
05-25 19:50:19.598  1453  1453 I ConditionProviders: Disallowing condition provider com.bearmod.loader (userSet: true)
05-25 20:06:45.498  1453  1691 W PackageFreezer: Freeze package com.bearmod.loader about 0.186 seconds for reason: installPackageLI
05-25 20:06:45.499  1453  1691 I BackupManagerService: [UserID:0] restoreAtInstall pkg=com.bearmod.loader token=d1 restoreSet=0
05-25 20:06:45.499  1453  1691 I InstallationTiming: com.bearmod.loader|null|2731|15|21|1|18|0
05-25 20:06:45.499  1453  1691 I AppsFilter: interaction: PackageSetting{ae9f1bc com.fido.asm/10166} -> PackageSetting{7658d5d com.bearmod.loader/10466} BLOCKED
05-25 20:06:45.499  1453  1691 I AppsFilter: interaction: PackageSetting{adb6153 org.zeus.loader/10438} -> PackageSetting{7658d5d com.bearmod.loader/10466} BLOCKED
05-25 20:06:45.500  1453  1691 I AppsFilter: interaction: PackageSetting{a33549a com.bearmod.license/10432} -> PackageSetting{7658d5d com.bearmod.loader/10466} BLOCKED
05-25 20:06:45.511  1453  1651 I MiuiCompatModePackages: package com.bearmod.loader updated, removing config
05-25 20:06:46.442  1453  1453 I AppsFilter: interaction: PackageSetting{ae9f1bc com.fido.asm/10166} -> PackageSetting{e4a3835 com.bearmod.loader/10466} BLOCKED
05-25 20:06:46.442  1453  1453 I AppsFilter: interaction: PackageSetting{adb6153 org.zeus.loader/10438} -> PackageSetting{e4a3835 com.bearmod.loader/10466} BLOCKED
05-25 20:06:46.442  1453  1453 I AppsFilter: interaction: PackageSetting{a33549a com.bearmod.license/10432} -> PackageSetting{e4a3835 com.bearmod.loader/10466} BLOCKED
05-25 20:06:46.452  1453  3368 W BackupTransportManager: Package com.bearmod.loader enabled setting: 0
05-25 20:06:46.701  1453  1686 E VerityUtils: Failed to measure fs-verity, errno 1: /data/app/~~Y4CeNTXJ67DXgE-6FkJVAg==/com.bearmod.loader-MT5LXLYJ5KsrA509_oE3Zw==/base.apk
05-25 20:06:48.312  1453  4089 I ActivityTaskManager: START u0 {act=android.intent.action.MAIN cat=[android.intent.category.LAUNCHER] flg=0x10200000 cmp=com.bearmod.loader/.ui.splash.SplashActivity bnds=[474,959][608,1093] (has extras)} from uid 10127 from pid 15892 callingPackage com.miui.home
05-25 20:06:48.319  1453  4089 D WindowManager: setLockTaskAuth: task=Task{c61ca3a #6382 type=standard A=10466:com.bearmod.loader U=0 visible=false visibleRequested=false mode=fullscreen translucent=true sz=0} mLockTaskAuth=LOCK_TASK_AUTH_PINNABLE
05-25 20:06:48.320  1453  4089 D WindowManager: setLockTaskAuth: task=Task{c61ca3a #6382 type=standard A=10466:com.bearmod.loader U=0 visible=true visibleRequested=false mode=fullscreen translucent=true sz=1} mLockTaskAuth=LOCK_TASK_AUTH_PINNABLE
05-25 20:06:48.329  1453  1637 I SmartPower.com.bearmod.loader/10466(0): -1->invisible(0ms) R(become foreground) adj=-10000.
05-25 20:06:48.345  1453  4008 D CoreBackPreview: Window{5e9b9d5 u0 Splash Screen com.bearmod.loader}: Setting back callback OnBackInvokedCallbackInfo{mCallback=android.window.IOnBackInvokedCallback$Stub$Proxy@f191e51, mPriority=0}
05-25 20:06:48.361  1453  1655 I ActivityManager: Start proc 23975:com.bearmod.loader/u0a466 for next-top-activity {com.bearmod.loader/com.bearmod.loader.ui.splash.SplashActivity} caller=com.miui.home
05-25 20:06:48.388  1453  1638 I SmartPower.com.bearmod.loader/10466(0): invisible->visible(59ms) R(become visible) adj=-10000.
05-25 20:06:48.397  1453  1638 I WindowManager: wms.showSurfaceRobustly mWin:Window{5e9b9d5 u0 Splash Screen com.bearmod.loader}
05-25 20:06:48.903  1453  1936 D PackageManager: set app component=ComponentInfo{com.bearmod.loader/androidx.work.impl.background.systemjob.SystemJobService} enabled state: 1 from null,uid=10466,pid=23975
05-25 20:06:49.291  1453  1936 D CoreBackPreview: Window{df1f740 u0 com.bearmod.loader/com.bearmod.loader.ui.splash.SplashActivity}: Setting back callback OnBackInvokedCallbackInfo{mCallback=android.window.IOnBackInvokedCallback$Stub$Proxy@156ffbe, mPriority=0}
05-25 20:06:49.293 23975 23975 W Looper  : PerfMonitor looperActivity : package=com.bearmod.loader/.ui.splash.SplashActivity time=243ms latency=525ms  procState=-1  historyMsgCount=1 (msgIndex=1 wall=536ms seq=3 h=android.app.ActivityThread$H w=110)
