05-25 19:36:36.816  1453  1638 D WindowManager: wms.Update InputWindowHandle: b2c2d0 com.bearmod.loader/com.bearmod.loader.ui.main.MainActivity, frame=[0,0,0,0], touchableRegion=SkRegion((0,0,1080,2400)), scaleFactor=1.0, transform=null, windowToken=android.os.BinderProxy@4237293, isClone=false, visibal=true, focusable=true, changed=true
05-25 19:36:36.919  1453  3553 D WindowManager: wms.finishDrawingLocked: mDrawState=COMMIT_DRAW_PENDING Window{b2c2d0 u0 com.bearmod.loader/com.bearmod.loader.ui.main.MainActivity} in Surface(name=com.bearmod.loader/com.bearmod.loader.ui.main.MainActivity)/@0x42f32e2
05-25 19:36:36.919  1453  3553 D MiuiFreeFormGesturePointerEventListener: finishDrawingWindow: topFullScreenWindow= Window{b2c2d0 u0 com.bearmod.loader/com.bearmod.loader.ui.main.MainActivity}
05-25 19:36:36.932  1453  1638 I WindowManager: wms.showSurfaceRobustly mWin:Window{b2c2d0 u0 com.bearmod.loader/com.bearmod.loader.ui.main.MainActivity}
05-25 19:36:37.450  1453  1638 D WindowManager: wms.Update InputWindowHandle: b2c2d0 com.bearmod.loader/com.bearmod.loader.ui.main.MainActivity, frame=[0,0,0,0], touchableRegion=SkRegion((0,0,1080,2400)), scaleFactor=1.0, transform=null, windowToken=android.os.BinderProxy@4237293, isClone=false, visibal=true, focusable=true, changed=true
05-25 19:36:37.466  1453  3438 D WindowManager: setParent old=ActivityRecord{289d01a u0 com.bearmod.loader/.ui.auth.LoginActivity} t6373 f}},new=null,this window=Window{ec3a381 u0 com.bearmod.loader/com.bearmod.loader.ui.auth.LoginActivity},callers=com.android.server.wm.WindowContainer.removeChild:832 com.android.server.wm.ActivityRecord.removeChild:4964 com.android.server.wm.ActivityRecord.removeChild:438 com.android.server.wm.WindowContainer.removeImmediately:893 com.android.server.wm.WindowState.removeImmediately:2707 com.android.server.wm.WindowState.removeIfPossible:2910 
05-25 19:36:37.469  1453  1958 E WindowManager: setOnBackInvokedCallback(): No window state for package:com.bearmod.loader
05-25 19:36:37.472  1453  3440 D WindowManager: setParent old=Task{4250ac3 #6373 type=standard A=10465:com.bearmod.loader U=0 visible=true visibleRequested=true mode=fullscreen translucent=false sz=1},new=null,this window=ActivityRecord{289d01a u0 com.bearmod.loader/.ui.auth.LoginActivity} t6373 f}},callers=com.android.server.wm.WindowContainer.removeChild:832 com.android.server.wm.TaskFragment.removeChild:2786 com.android.server.wm.Task.removeChild:1644 com.android.server.wm.Task.removeChild:1625 com.android.server.wm.WindowContainer.removeImmediately:893 com.android.server.wm.WindowToken.removeImmediately:369 
05-25 19:36:37.473  1453  3440 D WindowManager: setLockTaskAuth: task=Task{4250ac3 #6373 type=standard A=10465:com.bearmod.loader U=0 visible=true visibleRequested=true mode=fullscreen translucent=false sz=1} mLockTaskAuth=LOCK_TASK_AUTH_PINNABLE
05-25 19:38:27.151  1453  3440 W WindowManager: Changing focus from Window{b2c2d0 u0 com.bearmod.loader/com.bearmod.loader.ui.main.MainActivity} to Window{ca4553c u0 com.bearmod.loader/com.bearmod.loader.ui.main.MainActivity} displayId=0 Callers=com.android.server.wm.RootWindowContainer.updateFocusedWindowLocked:552 com.android.server.wm.WindowManagerService.updateFocusedWindowLocked:6566 com.android.server.wm.WindowManagerService.addWindow:2134 com.android.server.wm.Session.addToDisplayAsUser:228 
05-25 19:38:27.156  1453  3440 D WindowManager: wms.Input focus has changed to Window{ca4553c u0 com.bearmod.loader/com.bearmod.loader.ui.main.MainActivity} display=0 updateInputWindows = false
05-25 19:38:27.157  1453  1638 D WindowManager: wms.Focus not requested for window=Window{ca4553c u0 com.bearmod.loader/com.bearmod.loader.ui.main.MainActivity} because it has no surface or is not focusable.
05-25 19:38:27.162  1453  3440 D CoreBackPreview: Window{ca4553c u0 com.bearmod.loader/com.bearmod.loader.ui.main.MainActivity}: Setting back callback OnBackInvokedCallbackInfo{mCallback=android.window.IOnBackInvokedCallback$Stub$Proxy@a7d67e6, mPriority=0}
05-25 19:38:27.173  1453  1638 D WindowManager: wms.Focus not requested for window=Window{ca4553c u0 com.bearmod.loader/com.bearmod.loader.ui.main.MainActivity} because it has no surface or is not focusable.
05-25 19:38:27.191  1453  1638 D WindowManager: wms.Update InputWindowHandle: ca4553c com.bearmod.loader/com.bearmod.loader.ui.main.MainActivity, frame=[0,0,0,0], touchableRegion=SkRegion((-28,-917,1052,1483)), scaleFactor=1.0, transform=null, windowToken=android.os.BinderProxy@3e75b2f, isClone=false, visibal=true, focusable=true, changed=true
05-25 19:38:27.202  1453  3440 D WindowManager: wms.finishDrawingLocked: mDrawState=COMMIT_DRAW_PENDING Window{ca4553c u0 com.bearmod.loader/com.bearmod.loader.ui.main.MainActivity} in Surface(name=com.bearmod.loader/com.bearmod.loader.ui.main.MainActivity)/@0x6dfc79
05-25 19:38:27.209  1453  1638 I WindowManager: wms.showSurfaceRobustly mWin:Window{ca4553c u0 com.bearmod.loader/com.bearmod.loader.ui.main.MainActivity}
05-25 19:38:27.215  1453  1638 D WindowManager: wms.Update InputWindowHandle: ca4553c com.bearmod.loader/com.bearmod.loader.ui.main.MainActivity, frame=[0,0,0,0], touchableRegion=SkRegion((-28,-917,1052,1483)), scaleFactor=1.0, transform=null, windowToken=android.os.BinderProxy@3e75b2f, isClone=false, visibal=true, focusable=true, changed=true
05-25 19:38:27.377  1453  1638 D WindowManager: wms.Update InputWindowHandle: ca4553c com.bearmod.loader/com.bearmod.loader.ui.main.MainActivity, frame=[0,0,0,0], touchableRegion=SkRegion((-28,-917,1052,1483)), scaleFactor=1.0, transform=null, windowToken=android.os.BinderProxy@3e75b2f, isClone=false, visibal=true, focusable=true, changed=true
05-25 19:38:29.471  1453  3440 W NotificationService: Toast already killed. pkg=com.bearmod.loader token=android.os.BinderProxy@5838e70
05-25 19:38:30.367  1453  3440 D CoreBackPreview: Window{ca4553c u0 com.bearmod.loader/com.bearmod.loader.ui.main.MainActivity}: Setting back callback null
05-25 19:38:30.379  1453  3440 W WindowManager: Changing focus from Window{ca4553c u0 com.bearmod.loader/com.bearmod.loader.ui.main.MainActivity EXITING} to Window{b2c2d0 u0 com.bearmod.loader/com.bearmod.loader.ui.main.MainActivity} displayId=0 Callers=com.android.server.wm.RootWindowContainer.updateFocusedWindowLocked:552 com.android.server.wm.WindowManagerService.updateFocusedWindowLocked:6566 com.android.server.wm.WindowState.setupWindowForRemoveOnExit:2934 com.android.server.wm.WindowState.removeIfPossible:2902 
05-25 19:38:30.381  1453  3440 D WindowManager: wms.Input focus has changed to Window{b2c2d0 u0 com.bearmod.loader/com.bearmod.loader.ui.main.MainActivity} display=0 updateInputWindows = false
05-25 19:38:30.546  1453  1638 D WindowManager: setParent old=ActivityRecord{2db033b u0 com.bearmod.loader/.ui.main.MainActivity} t6373},new=null,this window=Window{ca4553c u0 com.bearmod.loader/com.bearmod.loader.ui.main.MainActivity},callers=com.android.server.wm.WindowContainer.removeChild:832 com.android.server.wm.ActivityRecord.removeChild:4964 com.android.server.wm.ActivityRecord.removeChild:438 com.android.server.wm.WindowContainer.removeImmediately:893 com.android.server.wm.WindowState.removeImmediately:2707 com.android.server.wm.WindowState.destroySurface:3928 
05-25 19:38:32.500  1453  3432 I ActivityTaskManager: START u0 {cmp=com.bearmod.loader/.ui.patch.PatchExecutionActivity (has extras)} from uid 10465 from pid 11840 callingPackage com.bearmod.loader
05-25 19:38:32.503  1453  3432 D WindowManager: setLockTaskAuth: task=Task{4250ac3 #6373 type=standard A=10465:com.bearmod.loader U=0 visible=true visibleRequested=true mode=fullscreen translucent=false sz=2} mLockTaskAuth=LOCK_TASK_AUTH_PINNABLE
05-25 19:38:32.509  1453  1638 D WindowManager: wms.Update InputWindowHandle: b2c2d0 com.bearmod.loader/com.bearmod.loader.ui.main.MainActivity, frame=[0,0,0,0], touchableRegion=SkRegion((0,0,1080,2400)), scaleFactor=1.0, transform=null, windowToken=android.os.BinderProxy@4237293, isClone=false, visibal=true, focusable=true, changed=true
05-25 19:38:32.525  1453  3440 W WindowManager: Changing focus from Window{b2c2d0 u0 com.bearmod.loader/com.bearmod.loader.ui.main.MainActivity} to null displayId=0 Callers=com.android.server.wm.RootWindowContainer.updateFocusedWindowLocked:552 com.android.server.wm.WindowManagerService.updateFocusedWindowLocked:6566 com.android.server.wm.ActivityTaskManagerService.setLastResumedActivityUncheckLocked:4990 com.android.server.wm.ActivityTaskSupervisor.updateTopResumedActivityIfNeeded:2241 
05-25 19:38:32.601  1453  1958 D CoreBackPreview: Window{2677c93 u0 com.bearmod.loader/com.bearmod.loader.ui.patch.PatchExecutionActivity}: Setting back callback OnBackInvokedCallbackInfo{mCallback=android.window.IOnBackInvokedCallback$Stub$Proxy@c449cc9, mPriority=0}
05-25 19:38:32.622  1453  1958 W WindowManager: Changing focus from null to Window{2677c93 u0 com.bearmod.loader/com.bearmod.loader.ui.patch.PatchExecutionActivity} displayId=0 Callers=com.android.server.wm.RootWindowContainer.updateFocusedWindowLocked:552 com.android.server.wm.WindowManagerService.updateFocusedWindowLocked:6566 com.android.server.wm.WindowManagerService.relayoutWindow:2799 com.android.server.wm.Session.relayout:280 
05-25 19:38:32.624  1453  1958 D WindowManager: wms.Input focus has changed to Window{2677c93 u0 com.bearmod.loader/com.bearmod.loader.ui.patch.PatchExecutionActivity} display=0 updateInputWindows = true
05-25 19:38:32.624  1453  1958 I WindowManager: Relayout Window{2677c93 u0 com.bearmod.loader/com.bearmod.loader.ui.patch.PatchExecutionActivity}: oldVis=4 newVis=0 focusMayChange = true requestedWidth = 1080 requestedHeight = 2400 outFrames = ClientWindowFrames{frame=[0,0][1080,2400] display=[0,0][1080,2400] parentFrame=[0,0][0,0] parentClippedByDisplayCutout=false} outSurfaceControl = Surface(name=com.bearmod.loader/com.bearmod.loader.ui.patch.PatchExecutionActivity)/@0x3857ada
05-25 19:38:32.625  1453  1638 D WindowManager: wms.Update InputWindowHandle: 2677c93 com.bearmod.loader/com.bearmod.loader.ui.patch.PatchExecutionActivity, frame=[0,0,0,0], touchableRegion=SkRegion((0,0,1080,2400)), scaleFactor=1.0, transform=null, windowToken=android.os.BinderProxy@ee1bd82, isClone=false, visibal=true, focusable=true, changed=true
05-25 19:38:32.645  1453  1958 D WindowManager: wms.finishDrawingLocked: mDrawState=COMMIT_DRAW_PENDING Window{2677c93 u0 com.bearmod.loader/com.bearmod.loader.ui.patch.PatchExecutionActivity} in Surface(name=com.bearmod.loader/com.bearmod.loader.ui.patch.PatchExecutionActivity)/@0x3769de8
05-25 19:38:32.645  1453  1958 D MiuiFreeFormGesturePointerEventListener: finishDrawingWindow: topFullScreenWindow= Window{2677c93 u0 com.bearmod.loader/com.bearmod.loader.ui.patch.PatchExecutionActivity}
05-25 19:38:32.656  1453  1638 I WindowManager: wms.showSurfaceRobustly mWin:Window{2677c93 u0 com.bearmod.loader/com.bearmod.loader.ui.patch.PatchExecutionActivity}
05-25 19:38:33.160  1453  1638 D WindowManager: wms.Update InputWindowHandle: 2677c93 com.bearmod.loader/com.bearmod.loader.ui.patch.PatchExecutionActivity, frame=[0,0,0,0], touchableRegion=SkRegion((0,0,1080,2400)), scaleFactor=1.0, transform=null, windowToken=android.os.BinderProxy@ee1bd82, isClone=false, visibal=true, focusable=true, changed=true
05-25 19:38:37.821 11840 11840 E AndroidRuntime: Process: com.bearmod.loader, PID: 11840
05-25 19:38:37.821 11840 11840 E AndroidRuntime: 	at com.bearmod.loader.auth.AuthenticationValidator$1.onSuccess(AuthenticationValidator.java:62)
05-25 19:38:37.821 11840 11840 E AndroidRuntime: 	at com.bearmod.loader.auth.KeyAuthManager.lambda$validateLicenseWithRetry$18(KeyAuthManager.java:474)
05-25 19:38:37.821 11840 11840 E AndroidRuntime: 	at com.bearmod.loader.auth.KeyAuthManager$$ExternalSyntheticLambda21.run(D8$$SyntheticClass:0)
05-25 19:38:37.832  1453  1958 W ActivityTaskManager:   Force finishing activity com.bearmod.loader/.ui.patch.PatchExecutionActivity
05-25 19:38:37.838  1453  1638 D WindowManager: wms.Focus not requested for window=Window{2677c93 u0 com.bearmod.loader/com.bearmod.loader.ui.patch.PatchExecutionActivity} because it has no surface or is not focusable.
05-25 19:38:37.866  1453  3440 I WindowManager: WIN DEATH: Window{2677c93 u0 com.bearmod.loader/com.bearmod.loader.ui.patch.PatchExecutionActivity}
05-25 19:38:37.867  1453  3562 I ActivityManager: Process com.bearmod.loader (pid 11840) has died: fg  TOP 
05-25 19:38:37.868  1453  3440 W WindowManager: Changing focus from Window{2677c93 u0 com.bearmod.loader/com.bearmod.loader.ui.patch.PatchExecutionActivity EXITING} to null displayId=0 Callers=com.android.server.wm.RootWindowContainer.updateFocusedWindowLocked:552 com.android.server.wm.WindowManagerService.updateFocusedWindowLocked:6566 com.android.server.wm.WindowState.setupWindowForRemoveOnExit:2934 com.android.server.wm.WindowState.removeIfPossible:2902 
05-25 19:38:37.877  1453  1650 W UsageStatsService: Unexpected activity event reported! (com.bearmod.loader/com.bearmod.loader.ui.main.MainActivity event : 23 instanceId : 16246705)
05-25 19:38:37.878  1453  3432 I WindowManager: WIN DEATH: Window{b2c2d0 u0 com.bearmod.loader/com.bearmod.loader.ui.main.MainActivity}
05-25 19:38:37.878  1453  3432 D WindowManager: setParent old=ActivityRecord{2db033b u0 com.bearmod.loader/.ui.main.MainActivity} t6373},new=null,this window=Window{b2c2d0 u0 com.bearmod.loader/com.bearmod.loader.ui.main.MainActivity},callers=com.android.server.wm.WindowContainer.removeChild:832 com.android.server.wm.ActivityRecord.removeChild:4964 com.android.server.wm.ActivityRecord.removeChild:438 com.android.server.wm.WindowContainer.removeImmediately:893 com.android.server.wm.WindowState.removeImmediately:2707 com.android.server.wm.WindowState.removeIfPossible:2910 
05-25 19:38:37.900  1453  1655 I ActivityManager: Start proc 12065:com.bearmod.loader/u0a465 for top-activity {com.bearmod.loader/com.bearmod.loader.ui.main.MainActivity} caller=com.bearmod.loader
05-25 19:38:37.939  1453  3440 I SmartPower.com.bearmod.loader/10465(12065): died->invisible(72ms) R(process start ) adj=-10000.
05-25 19:38:38.335  1453  1637 W ActivityTaskManager: Activity top resumed state loss timeout for ActivityRecord{3fe2415 u0 com.bearmod.loader/.ui.patch.PatchExecutionActivity} t6373 f} isExiting}
05-25 19:38:38.563  1453  3440 D CoreBackPreview: Window{4797645 u0 com.bearmod.loader/com.bearmod.loader.ui.main.MainActivity}: Setting back callback OnBackInvokedCallbackInfo{mCallback=android.window.IOnBackInvokedCallback$Stub$Proxy@c7d1acb, mPriority=0}
05-25 19:38:38.564 12065 12065 W Looper  : PerfMonitor looperActivity : package=com.bearmod.loader/.ui.main.MainActivity time=263ms latency=354ms  procState=-1  historyMsgCount=3
05-25 19:38:38.594  1453  3440 W WindowManager: Changing focus from null to Window{4797645 u0 com.bearmod.loader/com.bearmod.loader.ui.main.MainActivity} displayId=0 Callers=com.android.server.wm.RootWindowContainer.updateFocusedWindowLocked:552 com.android.server.wm.WindowManagerService.updateFocusedWindowLocked:6566 com.android.server.wm.WindowManagerService.relayoutWindow:2799 com.android.server.wm.Session.relayout:280 
05-25 19:38:38.595  1453  3440 D WindowManager: wms.Input focus has changed to Window{4797645 u0 com.bearmod.loader/com.bearmod.loader.ui.main.MainActivity} display=0 updateInputWindows = true
05-25 19:38:38.595  1453  3440 I WindowManager: Relayout Window{4797645 u0 com.bearmod.loader/com.bearmod.loader.ui.main.MainActivity}: oldVis=4 newVis=0 focusMayChange = true requestedWidth = 1080 requestedHeight = 2400 outFrames = ClientWindowFrames{frame=[0,0][1080,2400] display=[0,0][1080,2400] parentFrame=[0,0][0,0] parentClippedByDisplayCutout=false} outSurfaceControl = Surface(name=com.bearmod.loader/com.bearmod.loader.ui.main.MainActivity)/@0x35d28fd
05-25 19:38:38.595  1453  1638 D WindowManager: wms.Update InputWindowHandle: 4797645 com.bearmod.loader/com.bearmod.loader.ui.main.MainActivity, frame=[0,0,0,0], touchableRegion=SkRegion((0,0,1080,2400)), scaleFactor=1.0, transform=null, windowToken=android.os.BinderProxy@dd1a6bc, isClone=false, visibal=true, focusable=true, changed=true
05-25 19:38:38.603  1453  1638 W WindowManager: Failed to deliver inset state change to w=Window{2677c93 u0 com.bearmod.loader/com.bearmod.loader.ui.patch.PatchExecutionActivity EXITING}
05-25 19:38:38.685  1453  3440 D WindowManager: wms.finishDrawingLocked: mDrawState=COMMIT_DRAW_PENDING Window{4797645 u0 com.bearmod.loader/com.bearmod.loader.ui.main.MainActivity} in Surface(name=com.bearmod.loader/com.bearmod.loader.ui.main.MainActivity)/@0x9d41843
05-25 19:38:38.686  1453  1638 D WindowManager: shouldWaitAnimatingExit: isAnimating: Window{2677c93 u0 com.bearmod.loader/com.bearmod.loader.ui.patch.PatchExecutionActivity EXITING}
05-25 19:38:38.687 12065 12065 W Looper  : PerfMonitor looperActivity : package=com.bearmod.loader/.ui.main.MainActivity time=0ms latency=351ms  procState=-1  historyMsgCount=7
05-25 19:38:38.688  1453  1638 W WindowManager: Exception thrown during dispatchAppVisibility Window{2677c93 u0 com.bearmod.loader/com.bearmod.loader.ui.patch.PatchExecutionActivity EXITING}
05-25 19:38:38.689  1453  1638 D WindowManager: setParent old=ActivityRecord{3fe2415 u0 com.bearmod.loader/.ui.patch.PatchExecutionActivity} t6373 f} isExiting},new=null,this window=Window{2677c93 u0 com.bearmod.loader/com.bearmod.loader.ui.patch.PatchExecutionActivity},callers=com.android.server.wm.WindowContainer.removeChild:832 com.android.server.wm.ActivityRecord.removeChild:4964 com.android.server.wm.ActivityRecord.removeChild:438 com.android.server.wm.WindowContainer.removeImmediately:893 com.android.server.wm.WindowState.removeImmediately:2707 com.android.server.wm.WindowState.destroySurface:3928 
05-25 19:38:38.690  1453  1638 I SmartPower.com.bearmod.loader/10465(12065): invisible->visible(751ms) R(become visible) adj=0.
05-25 19:38:38.693  1453  1638 I WindowManager: wms.showSurfaceRobustly mWin:Window{4797645 u0 com.bearmod.loader/com.bearmod.loader.ui.main.MainActivity}
05-25 19:38:38.695  1453  1638 D WindowManager: wms.Update InputWindowHandle: 4797645 com.bearmod.loader/com.bearmod.loader.ui.main.MainActivity, frame=[0,0,0,0], touchableRegion=SkRegion((0,0,1080,2400)), scaleFactor=1.0, transform=null, windowToken=android.os.BinderProxy@dd1a6bc, isClone=false, visibal=true, focusable=true, changed=true
05-25 19:38:38.708  1453  1638 D WindowManager: setParent old=Task{4250ac3 #6373 type=standard A=10465:com.bearmod.loader U=0 visible=true visibleRequested=true mode=fullscreen translucent=false sz=1},new=null,this window=ActivityRecord{3fe2415 u0 com.bearmod.loader/.ui.patch.PatchExecutionActivity} t6373 f}},callers=com.android.server.wm.WindowContainer.removeChild:832 com.android.server.wm.TaskFragment.removeChild:2786 com.android.server.wm.Task.removeChild:1644 com.android.server.wm.Task.removeChild:1625 com.android.server.wm.WindowContainer.removeImmediately:893 com.android.server.wm.WindowToken.removeImmediately:369 
05-25 19:38:38.708  1453  1638 D WindowManager: setLockTaskAuth: task=Task{4250ac3 #6373 type=standard A=10465:com.bearmod.loader U=0 visible=true visibleRequested=true mode=fullscreen translucent=false sz=1} mLockTaskAuth=LOCK_TASK_AUTH_PINNABLE
05-25 19:38:38.791  1453  1706 W WindowManager: Changing focus from Window{4797645 u0 com.bearmod.loader/com.bearmod.loader.ui.main.MainActivity} to Window{59f331c u0 PopupWindow:5de042f} displayId=0 Callers=com.android.server.wm.RootWindowContainer.updateFocusedWindowLocked:552 com.android.server.wm.WindowManagerService.updateFocusedWindowLocked:6566 com.android.server.wm.WindowManagerService.addWindow:2134 com.android.server.wm.Session.addToDisplayAsUser:228 
05-25 19:38:40.600  1453  1706 W WindowManager: Changing focus from Window{59f331c u0 PopupWindow:5de042f} to Window{4797645 u0 com.bearmod.loader/com.bearmod.loader.ui.main.MainActivity} displayId=0 Callers=com.android.server.wm.RootWindowContainer.updateFocusedWindowLocked:552 com.android.server.wm.WindowManagerService.updateFocusedWindowLocked:6566 com.android.server.wm.WindowManagerService.relayoutWindow:2799 com.android.server.wm.Session.relayout:280 
05-25 19:38:40.602  1453  1706 D WindowManager: wms.Input focus has changed to Window{4797645 u0 com.bearmod.loader/com.bearmod.loader.ui.main.MainActivity} display=0 updateInputWindows = true
05-25 19:38:40.619  1453  3440 D WindowManager: setParent old=Window{4797645 u0 com.bearmod.loader/com.bearmod.loader.ui.main.MainActivity},new=null,this window=Window{59f331c u0 PopupWindow:5de042f},callers=com.android.server.wm.WindowContainer.removeChild:832 com.android.server.wm.WindowContainer.removeImmediately:893 com.android.server.wm.WindowState.removeImmediately:2707 com.android.server.wm.WindowState.removeIfPossible:2910 com.android.server.wm.WindowState.removeIfPossible:2757 com.android.server.wm.WindowManagerService.removeWindow:2346 
05-25 19:38:41.049  1453  3440 W NotificationService: Toast already killed. pkg=com.bearmod.loader token=android.os.BinderProxy@3809849
05-25 19:38:45.055  1453  3440 I ActivityTaskManager: START u0 {cmp=com.bearmod.loader/.ui.patch.PatchExecutionActivity (has extras)} from uid 10465 from pid 12065 callingPackage com.bearmod.loader
05-25 19:38:45.057  1453  3440 D WindowManager: setLockTaskAuth: task=Task{4250ac3 #6373 type=standard A=10465:com.bearmod.loader U=0 visible=true visibleRequested=true mode=fullscreen translucent=false sz=2} mLockTaskAuth=LOCK_TASK_AUTH_PINNABLE
05-25 19:38:45.063  1453  1638 D WindowManager: wms.Update InputWindowHandle: 4797645 com.bearmod.loader/com.bearmod.loader.ui.main.MainActivity, frame=[0,0,0,0], touchableRegion=SkRegion((0,0,1080,2400)), scaleFactor=1.0, transform=null, windowToken=android.os.BinderProxy@dd1a6bc, isClone=false, visibal=true, focusable=true, changed=true
05-25 19:38:45.073  1453  1706 W WindowManager: Changing focus from Window{4797645 u0 com.bearmod.loader/com.bearmod.loader.ui.main.MainActivity} to null displayId=0 Callers=com.android.server.wm.RootWindowContainer.updateFocusedWindowLocked:552 com.android.server.wm.WindowManagerService.updateFocusedWindowLocked:6566 com.android.server.wm.ActivityTaskManagerService.setLastResumedActivityUncheckLocked:4990 com.android.server.wm.ActivityTaskSupervisor.updateTopResumedActivityIfNeeded:2241 
05-25 19:38:45.146  1453  1468 D CoreBackPreview: Window{fff3214 u0 com.bearmod.loader/com.bearmod.loader.ui.patch.PatchExecutionActivity}: Setting back callback OnBackInvokedCallbackInfo{mCallback=android.window.IOnBackInvokedCallback$Stub$Proxy@4fa8b2, mPriority=0}
05-25 19:38:45.168  1453  1468 W WindowManager: Changing focus from null to Window{fff3214 u0 com.bearmod.loader/com.bearmod.loader.ui.patch.PatchExecutionActivity} displayId=0 Callers=com.android.server.wm.RootWindowContainer.updateFocusedWindowLocked:552 com.android.server.wm.WindowManagerService.updateFocusedWindowLocked:6566 com.android.server.wm.WindowManagerService.relayoutWindow:2799 com.android.server.wm.Session.relayout:280 
05-25 19:38:45.171  1453  1468 D WindowManager: wms.Input focus has changed to Window{fff3214 u0 com.bearmod.loader/com.bearmod.loader.ui.patch.PatchExecutionActivity} display=0 updateInputWindows = true
05-25 19:38:45.171  1453  1468 I WindowManager: Relayout Window{fff3214 u0 com.bearmod.loader/com.bearmod.loader.ui.patch.PatchExecutionActivity}: oldVis=4 newVis=0 focusMayChange = true requestedWidth = 1080 requestedHeight = 2400 outFrames = ClientWindowFrames{frame=[0,0][1080,2400] display=[0,0][1080,2400] parentFrame=[0,0][0,0] parentClippedByDisplayCutout=false} outSurfaceControl = Surface(name=com.bearmod.loader/com.bearmod.loader.ui.patch.PatchExecutionActivity)/@0x609d95f
05-25 19:38:45.172  1453  1638 D WindowManager: wms.Update InputWindowHandle: fff3214 com.bearmod.loader/com.bearmod.loader.ui.patch.PatchExecutionActivity, frame=[0,0,0,0], touchableRegion=SkRegion((0,0,1080,2400)), scaleFactor=1.0, transform=null, windowToken=android.os.BinderProxy@792c467, isClone=false, visibal=true, focusable=true, changed=true
05-25 19:38:45.193  1453  3449 D WindowManager: wms.finishDrawingLocked: mDrawState=COMMIT_DRAW_PENDING Window{fff3214 u0 com.bearmod.loader/com.bearmod.loader.ui.patch.PatchExecutionActivity} in Surface(name=com.bearmod.loader/com.bearmod.loader.ui.patch.PatchExecutionActivity)/@0x6c76475
05-25 19:38:45.193  1453  3449 D MiuiFreeFormGesturePointerEventListener: finishDrawingWindow: topFullScreenWindow= Window{fff3214 u0 com.bearmod.loader/com.bearmod.loader.ui.patch.PatchExecutionActivity}
05-25 19:38:45.205  1453  1638 I WindowManager: wms.showSurfaceRobustly mWin:Window{fff3214 u0 com.bearmod.loader/com.bearmod.loader.ui.patch.PatchExecutionActivity}
05-25 19:38:45.710  1453  1638 D WindowManager: wms.Update InputWindowHandle: fff3214 com.bearmod.loader/com.bearmod.loader.ui.patch.PatchExecutionActivity, frame=[0,0,0,0], touchableRegion=SkRegion((0,0,1080,2400)), scaleFactor=1.0, transform=null, windowToken=android.os.BinderProxy@792c467, isClone=false, visibal=true, focusable=true, changed=true
05-25 19:38:49.396 12065 12065 E AndroidRuntime: Process: com.bearmod.loader, PID: 12065
05-25 19:38:49.396 12065 12065 E AndroidRuntime: 	at com.bearmod.loader.auth.AuthenticationValidator$1.onSuccess(AuthenticationValidator.java:62)
05-25 19:38:49.396 12065 12065 E AndroidRuntime: 	at com.bearmod.loader.auth.KeyAuthManager.lambda$validateLicenseWithRetry$18(KeyAuthManager.java:474)
05-25 19:38:49.396 12065 12065 E AndroidRuntime: 	at com.bearmod.loader.auth.KeyAuthManager$$ExternalSyntheticLambda21.run(D8$$SyntheticClass:0)
05-25 19:38:49.406  1453  1707 W ActivityTaskManager:   Force finishing activity com.bearmod.loader/.ui.patch.PatchExecutionActivity
05-25 19:38:49.412  1453  1638 D WindowManager: wms.Focus not requested for window=Window{fff3214 u0 com.bearmod.loader/com.bearmod.loader.ui.patch.PatchExecutionActivity} because it has no surface or is not focusable.
05-25 19:38:49.413  1453  1635 I ActivityManager: Showing crash dialog for package com.bearmod.loader u0
05-25 19:38:49.446  1453  1468 I WindowManager: WIN DEATH: Window{fff3214 u0 com.bearmod.loader/com.bearmod.loader.ui.patch.PatchExecutionActivity}
05-25 19:38:49.446  1453  4020 I ActivityManager: Process com.bearmod.loader (pid 12065) has died: fg  TOP 
05-25 19:38:49.448  1453  1468 W WindowManager: Changing focus from Window{fff3214 u0 com.bearmod.loader/com.bearmod.loader.ui.patch.PatchExecutionActivity EXITING} to null displayId=0 Callers=com.android.server.wm.RootWindowContainer.updateFocusedWindowLocked:552 com.android.server.wm.WindowManagerService.updateFocusedWindowLocked:6566 com.android.server.wm.WindowState.setupWindowForRemoveOnExit:2934 com.android.server.wm.WindowState.removeIfPossible:2902 
05-25 19:38:49.450  1453  3440 I WindowManager: WIN DEATH: Window{4797645 u0 com.bearmod.loader/com.bearmod.loader.ui.main.MainActivity}
05-25 19:38:49.450  1453  3440 D WindowManager: setParent old=ActivityRecord{2db033b u0 com.bearmod.loader/.ui.main.MainActivity} t6373},new=null,this window=Window{4797645 u0 com.bearmod.loader/com.bearmod.loader.ui.main.MainActivity},callers=com.android.server.wm.WindowContainer.removeChild:832 com.android.server.wm.ActivityRecord.removeChild:4964 com.android.server.wm.ActivityRecord.removeChild:438 com.android.server.wm.WindowContainer.removeImmediately:893 com.android.server.wm.WindowState.removeImmediately:2707 com.android.server.wm.WindowState.removeIfPossible:2910 
05-25 19:38:49.469  1453  1655 I ActivityManager: Start proc 12226:com.bearmod.loader/u0a465 for top-activity {com.bearmod.loader/com.bearmod.loader.ui.main.MainActivity} caller=com.bearmod.loader
05-25 19:38:49.506  1453  3533 I SmartPower.com.bearmod.loader/10465(12226): died->invisible(60ms) R(process start ) adj=-10000.
05-25 19:38:49.910  1453  1637 W ActivityTaskManager: Activity top resumed state loss timeout for ActivityRecord{c6a6f7c u0 com.bearmod.loader/.ui.patch.PatchExecutionActivity} t6373 f} isExiting}
05-25 19:38:50.154  1453  3533 D CoreBackPreview: Window{615c3db u0 com.bearmod.loader/com.bearmod.loader.ui.main.MainActivity}: Setting back callback OnBackInvokedCallbackInfo{mCallback=android.window.IOnBackInvokedCallback$Stub$Proxy@1312951, mPriority=0}
05-25 19:38:50.156 12226 12226 W Looper  : PerfMonitor looperActivity : package=com.bearmod.loader/.ui.main.MainActivity time=282ms latency=362ms  procState=-1  historyMsgCount=3
05-25 19:38:50.186  1453  3533 W WindowManager: Changing focus from null to Window{615c3db u0 com.bearmod.loader/com.bearmod.loader.ui.main.MainActivity} displayId=0 Callers=com.android.server.wm.RootWindowContainer.updateFocusedWindowLocked:552 com.android.server.wm.WindowManagerService.updateFocusedWindowLocked:6566 com.android.server.wm.WindowManagerService.relayoutWindow:2799 com.android.server.wm.Session.relayout:280 
05-25 19:38:50.188  1453  3533 D WindowManager: wms.Input focus has changed to Window{615c3db u0 com.bearmod.loader/com.bearmod.loader.ui.main.MainActivity} display=0 updateInputWindows = true
05-25 19:38:50.188  1453  3533 I WindowManager: Relayout Window{615c3db u0 com.bearmod.loader/com.bearmod.loader.ui.main.MainActivity}: oldVis=4 newVis=0 focusMayChange = true requestedWidth = 1080 requestedHeight = 2400 outFrames = ClientWindowFrames{frame=[0,0][1080,2400] display=[0,0][1080,2400] parentFrame=[0,0][0,0] parentClippedByDisplayCutout=false} outSurfaceControl = Surface(name=com.bearmod.loader/com.bearmod.loader.ui.main.MainActivity)/@0x496d353
05-25 19:38:50.188  1453  1638 D WindowManager: wms.Update InputWindowHandle: 615c3db com.bearmod.loader/com.bearmod.loader.ui.main.MainActivity, frame=[0,0,0,0], touchableRegion=SkRegion((0,0,1080,2400)), scaleFactor=1.0, transform=null, windowToken=android.os.BinderProxy@11af4ea, isClone=false, visibal=true, focusable=true, changed=true
05-25 19:38:50.208  1453  1638 W WindowManager: Failed to deliver inset state change to w=Window{fff3214 u0 com.bearmod.loader/com.bearmod.loader.ui.patch.PatchExecutionActivity EXITING}
05-25 19:38:50.286  1453  4020 D WindowManager: wms.finishDrawingLocked: mDrawState=COMMIT_DRAW_PENDING Window{615c3db u0 com.bearmod.loader/com.bearmod.loader.ui.main.MainActivity} in Surface(name=com.bearmod.loader/com.bearmod.loader.ui.main.MainActivity)/@0x15eb189
05-25 19:38:50.287 12226 12226 W Looper  : PerfMonitor looperActivity : package=com.bearmod.loader/.ui.main.MainActivity time=0ms latency=376ms  procState=-1  historyMsgCount=8
05-25 19:38:50.287  1453  1638 D WindowManager: shouldWaitAnimatingExit: isAnimating: Window{fff3214 u0 com.bearmod.loader/com.bearmod.loader.ui.patch.PatchExecutionActivity EXITING}
05-25 19:38:50.289  1453  1638 W WindowManager: Exception thrown during dispatchAppVisibility Window{fff3214 u0 com.bearmod.loader/com.bearmod.loader.ui.patch.PatchExecutionActivity EXITING}
05-25 19:38:50.290  1453  1638 D WindowManager: setParent old=ActivityRecord{c6a6f7c u0 com.bearmod.loader/.ui.patch.PatchExecutionActivity} t6373 f} isExiting},new=null,this window=Window{fff3214 u0 com.bearmod.loader/com.bearmod.loader.ui.patch.PatchExecutionActivity},callers=com.android.server.wm.WindowContainer.removeChild:832 com.android.server.wm.ActivityRecord.removeChild:4964 com.android.server.wm.ActivityRecord.removeChild:438 com.android.server.wm.WindowContainer.removeImmediately:893 com.android.server.wm.WindowState.removeImmediately:2707 com.android.server.wm.WindowState.destroySurface:3928 
05-25 19:38:50.292  1453  1638 I SmartPower.com.bearmod.loader/10465(12226): invisible->visible(786ms) R(become visible) adj=0.
05-25 19:38:50.294  1453  1638 I WindowManager: wms.showSurfaceRobustly mWin:Window{615c3db u0 com.bearmod.loader/com.bearmod.loader.ui.main.MainActivity}
05-25 19:38:50.297  1453  1638 D WindowManager: wms.Update InputWindowHandle: 615c3db com.bearmod.loader/com.bearmod.loader.ui.main.MainActivity, frame=[0,0,0,0], touchableRegion=SkRegion((0,0,1080,2400)), scaleFactor=1.0, transform=null, windowToken=android.os.BinderProxy@11af4ea, isClone=false, visibal=true, focusable=true, changed=true
05-25 19:38:50.312  1453  1638 D WindowManager: setParent old=Task{4250ac3 #6373 type=standard A=10465:com.bearmod.loader U=0 visible=true visibleRequested=true mode=fullscreen translucent=false sz=1},new=null,this window=ActivityRecord{c6a6f7c u0 com.bearmod.loader/.ui.patch.PatchExecutionActivity} t6373 f}},callers=com.android.server.wm.WindowContainer.removeChild:832 com.android.server.wm.TaskFragment.removeChild:2786 com.android.server.wm.Task.removeChild:1644 com.android.server.wm.Task.removeChild:1625 com.android.server.wm.WindowContainer.removeImmediately:893 com.android.server.wm.WindowToken.removeImmediately:369 
05-25 19:38:50.312  1453  1638 D WindowManager: setLockTaskAuth: task=Task{4250ac3 #6373 type=standard A=10465:com.bearmod.loader U=0 visible=true visibleRequested=true mode=fullscreen translucent=false sz=1} mLockTaskAuth=LOCK_TASK_AUTH_PINNABLE
05-25 19:38:50.572  1453  1650 W UsageStatsService: Unexpected activity event reported! (com.bearmod.loader/com.bearmod.loader.ui.main.MainActivity event : 23 instanceId : 16246705)
05-25 19:38:52.642  1453  4020 W NotificationService: Toast already killed. pkg=com.bearmod.loader token=android.os.BinderProxy@554a74f
05-25 19:38:59.640  1453  4020 I ActivityTaskManager: START u0 {cmp=com.bearmod.loader/.ui.settings.SettingsActivity} from uid 10465 from pid 12226 callingPackage com.bearmod.loader
05-25 19:38:59.643  1453  4020 D WindowManager: setLockTaskAuth: task=Task{4250ac3 #6373 type=standard A=10465:com.bearmod.loader U=0 visible=true visibleRequested=true mode=fullscreen translucent=false sz=2} mLockTaskAuth=LOCK_TASK_AUTH_PINNABLE
05-25 19:38:59.651  1453  1638 D WindowManager: wms.Update InputWindowHandle: 615c3db com.bearmod.loader/com.bearmod.loader.ui.main.MainActivity, frame=[0,0,0,0], touchableRegion=SkRegion((0,0,1080,2400)), scaleFactor=1.0, transform=null, windowToken=android.os.BinderProxy@11af4ea, isClone=false, visibal=true, focusable=true, changed=true
05-25 19:38:59.684  1453  4020 W WindowManager: Changing focus from Window{615c3db u0 com.bearmod.loader/com.bearmod.loader.ui.main.MainActivity} to null displayId=0 Callers=com.android.server.wm.RootWindowContainer.updateFocusedWindowLocked:552 com.android.server.wm.WindowManagerService.updateFocusedWindowLocked:6566 com.android.server.wm.ActivityTaskManagerService.setLastResumedActivityUncheckLocked:4990 com.android.server.wm.ActivityTaskSupervisor.updateTopResumedActivityIfNeeded:2241 
05-25 19:38:59.763  1453  4020 D CoreBackPreview: Window{e03d7e5 u0 com.bearmod.loader/com.bearmod.loader.ui.settings.SettingsActivity}: Setting back callback OnBackInvokedCallbackInfo{mCallback=android.window.IOnBackInvokedCallback$Stub$Proxy@c39656b, mPriority=0}
05-25 19:38:59.780  1453  3440 W WindowManager: Changing focus from null to Window{e03d7e5 u0 com.bearmod.loader/com.bearmod.loader.ui.settings.SettingsActivity} displayId=0 Callers=com.android.server.wm.RootWindowContainer.updateFocusedWindowLocked:552 com.android.server.wm.WindowManagerService.updateFocusedWindowLocked:6566 com.android.server.wm.WindowManagerService.relayoutWindow:2799 com.android.server.wm.Session.relayout:280 
05-25 19:38:59.783  1453  3440 D WindowManager: wms.Input focus has changed to Window{e03d7e5 u0 com.bearmod.loader/com.bearmod.loader.ui.settings.SettingsActivity} display=0 updateInputWindows = true
05-25 19:38:59.784  1453  3440 I WindowManager: Relayout Window{e03d7e5 u0 com.bearmod.loader/com.bearmod.loader.ui.settings.SettingsActivity}: oldVis=4 newVis=0 focusMayChange = true requestedWidth = 1080 requestedHeight = 2400 outFrames = ClientWindowFrames{frame=[0,0][1080,2400] display=[0,0][1080,2400] parentFrame=[0,0][0,0] parentClippedByDisplayCutout=false} outSurfaceControl = Surface(name=com.bearmod.loader/com.bearmod.loader.ui.settings.SettingsActivity)/@0xab418e0
05-25 19:38:59.784  1453  1638 D WindowManager: wms.Update InputWindowHandle: e03d7e5 com.bearmod.loader/com.bearmod.loader.ui.settings.SettingsActivity, frame=[0,0,0,0], touchableRegion=SkRegion((0,0,1080,2400)), scaleFactor=1.0, transform=null, windowToken=android.os.BinderProxy@5a80adc, isClone=false, visibal=true, focusable=true, changed=true
05-25 19:38:59.812  1453  1468 D WindowManager: wms.finishDrawingLocked: mDrawState=COMMIT_DRAW_PENDING Window{e03d7e5 u0 com.bearmod.loader/com.bearmod.loader.ui.settings.SettingsActivity} in Surface(name=com.bearmod.loader/com.bearmod.loader.ui.settings.SettingsActivity)/@0x96023f8
05-25 19:38:59.812  1453  1468 D MiuiFreeFormGesturePointerEventListener: finishDrawingWindow: topFullScreenWindow= Window{e03d7e5 u0 com.bearmod.loader/com.bearmod.loader.ui.settings.SettingsActivity}
05-25 19:38:59.829  1453  1638 I WindowManager: wms.showSurfaceRobustly mWin:Window{e03d7e5 u0 com.bearmod.loader/com.bearmod.loader.ui.settings.SettingsActivity}
05-25 19:39:00.335  1453  1638 D WindowManager: wms.Update InputWindowHandle: e03d7e5 com.bearmod.loader/com.bearmod.loader.ui.settings.SettingsActivity, frame=[0,0,0,0], touchableRegion=SkRegion((0,0,1080,2400)), scaleFactor=1.0, transform=null, windowToken=android.os.BinderProxy@5a80adc, isClone=false, visibal=true, focusable=true, changed=true
05-25 19:39:01.629  1453  1638 D WindowManager: wms.Focus not requested for window=Window{e03d7e5 u0 com.bearmod.loader/com.bearmod.loader.ui.settings.SettingsActivity} because it has no surface or is not focusable.
05-25 19:39:01.635  1453  2695 W WindowManager: Changing focus from Window{e03d7e5 u0 com.bearmod.loader/com.bearmod.loader.ui.settings.SettingsActivity} to null displayId=0 Callers=com.android.server.wm.RootWindowContainer.updateFocusedWindowLocked:552 com.android.server.wm.WindowManagerService.updateFocusedWindowLocked:6566 com.android.server.wm.ActivityTaskManagerService.setLastResumedActivityUncheckLocked:4990 com.android.server.wm.ActivityTaskSupervisor.updateTopResumedActivityIfNeeded:2241 
05-25 19:39:01.654  1453  1468 W WindowManager: Changing focus from null to Window{615c3db u0 com.bearmod.loader/com.bearmod.loader.ui.main.MainActivity} displayId=0 Callers=com.android.server.wm.RootWindowContainer.updateFocusedWindowLocked:552 com.android.server.wm.WindowManagerService.updateFocusedWindowLocked:6566 com.android.server.wm.WindowManagerService.relayoutWindow:2799 com.android.server.wm.Session.relayout:280 
05-25 19:39:01.657  1453  1468 D WindowManager: wms.Input focus has changed to Window{615c3db u0 com.bearmod.loader/com.bearmod.loader.ui.main.MainActivity} display=0 updateInputWindows = true
05-25 19:39:01.658  1453  1468 I WindowManager: Relayout Window{615c3db u0 com.bearmod.loader/com.bearmod.loader.ui.main.MainActivity}: oldVis=8 newVis=0 focusMayChange = true requestedWidth = 1080 requestedHeight = 2400 outFrames = ClientWindowFrames{frame=[0,0][1080,2400] display=[0,0][1080,2400] parentFrame=[0,0][0,0] parentClippedByDisplayCutout=false} outSurfaceControl = Surface(name=com.bearmod.loader/com.bearmod.loader.ui.main.MainActivity)/@0x28927d1
05-25 19:39:01.658  1453  1638 D WindowManager: wms.Update InputWindowHandle: 615c3db com.bearmod.loader/com.bearmod.loader.ui.main.MainActivity, frame=[0,0,0,0], touchableRegion=SkRegion((0,0,1080,2400)), scaleFactor=1.0, transform=null, windowToken=android.os.BinderProxy@11af4ea, isClone=false, visibal=true, focusable=true, changed=true
05-25 19:39:01.681  1453  2695 D WindowManager: wms.finishDrawingLocked: mDrawState=COMMIT_DRAW_PENDING Window{615c3db u0 com.bearmod.loader/com.bearmod.loader.ui.main.MainActivity} in Surface(name=com.bearmod.loader/com.bearmod.loader.ui.main.MainActivity)/@0xfcdbc2
05-25 19:39:01.691  1453  1638 I WindowManager: wms.showSurfaceRobustly mWin:Window{615c3db u0 com.bearmod.loader/com.bearmod.loader.ui.main.MainActivity}
05-25 19:39:02.201  1453  1638 D WindowManager: wms.Update InputWindowHandle: 615c3db com.bearmod.loader/com.bearmod.loader.ui.main.MainActivity, frame=[0,0,0,0], touchableRegion=SkRegion((0,0,1080,2400)), scaleFactor=1.0, transform=null, windowToken=android.os.BinderProxy@11af4ea, isClone=false, visibal=true, focusable=true, changed=true
05-25 19:39:02.204  1453  3440 D CoreBackPreview: Window{e03d7e5 u0 com.bearmod.loader/com.bearmod.loader.ui.settings.SettingsActivity}: Setting back callback null
05-25 19:39:02.206  1453  3440 D WindowManager: setParent old=ActivityRecord{a956b11 u0 com.bearmod.loader/.ui.settings.SettingsActivity} t6373 f}},new=null,this window=Window{e03d7e5 u0 com.bearmod.loader/com.bearmod.loader.ui.settings.SettingsActivity},callers=com.android.server.wm.WindowContainer.removeChild:832 com.android.server.wm.ActivityRecord.removeChild:4964 com.android.server.wm.ActivityRecord.removeChild:438 com.android.server.wm.WindowContainer.removeImmediately:893 com.android.server.wm.WindowState.removeImmediately:2707 com.android.server.wm.WindowState.removeIfPossible:2910 
05-25 19:39:02.211  1453  3440 D WindowManager: setParent old=Task{4250ac3 #6373 type=standard A=10465:com.bearmod.loader U=0 visible=true visibleRequested=true mode=fullscreen translucent=false sz=1},new=null,this window=ActivityRecord{a956b11 u0 com.bearmod.loader/.ui.settings.SettingsActivity} t6373 f}},callers=com.android.server.wm.WindowContainer.removeChild:832 com.android.server.wm.TaskFragment.removeChild:2786 com.android.server.wm.Task.removeChild:1644 com.android.server.wm.Task.removeChild:1625 com.android.server.wm.WindowContainer.removeImmediately:893 com.android.server.wm.WindowToken.removeImmediately:369 
05-25 19:39:02.212  1453  3440 D WindowManager: setLockTaskAuth: task=Task{4250ac3 #6373 type=standard A=10465:com.bearmod.loader U=0 visible=true visibleRequested=true mode=fullscreen translucent=false sz=1} mLockTaskAuth=LOCK_TASK_AUTH_PINNABLE
05-25 19:39:05.629  1453  1468 I ActivityTaskManager: START u0 {cmp=com.bearmod.loader/.ui.download.DownloadActivity} from uid 10465 from pid 12226 callingPackage com.bearmod.loader
05-25 19:39:05.632  1453  1468 D WindowManager: setLockTaskAuth: task=Task{4250ac3 #6373 type=standard A=10465:com.bearmod.loader U=0 visible=true visibleRequested=true mode=fullscreen translucent=false sz=2} mLockTaskAuth=LOCK_TASK_AUTH_PINNABLE
05-25 19:39:05.637  1453  1638 D WindowManager: wms.Update InputWindowHandle: 615c3db com.bearmod.loader/com.bearmod.loader.ui.main.MainActivity, frame=[0,0,0,0], touchableRegion=SkRegion((0,0,1080,2400)), scaleFactor=1.0, transform=null, windowToken=android.os.BinderProxy@11af4ea, isClone=false, visibal=true, focusable=true, changed=true
05-25 19:39:05.665  1453  4020 W WindowManager: Changing focus from Window{615c3db u0 com.bearmod.loader/com.bearmod.loader.ui.main.MainActivity} to null displayId=0 Callers=com.android.server.wm.RootWindowContainer.updateFocusedWindowLocked:552 com.android.server.wm.WindowManagerService.updateFocusedWindowLocked:6566 com.android.server.wm.ActivityTaskManagerService.setLastResumedActivityUncheckLocked:4990 com.android.server.wm.ActivityTaskSupervisor.updateTopResumedActivityIfNeeded:2241 
05-25 19:39:05.748  1453  4020 D CoreBackPreview: Window{c0e37cf u0 com.bearmod.loader/com.bearmod.loader.ui.download.DownloadActivity}: Setting back callback OnBackInvokedCallbackInfo{mCallback=android.window.IOnBackInvokedCallback$Stub$Proxy@2418065, mPriority=0}
05-25 19:39:05.762  1453  1468 W WindowManager: Changing focus from null to Window{c0e37cf u0 com.bearmod.loader/com.bearmod.loader.ui.download.DownloadActivity} displayId=0 Callers=com.android.server.wm.RootWindowContainer.updateFocusedWindowLocked:552 com.android.server.wm.WindowManagerService.updateFocusedWindowLocked:6566 com.android.server.wm.WindowManagerService.relayoutWindow:2799 com.android.server.wm.Session.relayout:280 
05-25 19:39:05.766  1453  1468 D WindowManager: wms.Input focus has changed to Window{c0e37cf u0 com.bearmod.loader/com.bearmod.loader.ui.download.DownloadActivity} display=0 updateInputWindows = true
05-25 19:39:05.766  1453  1468 I WindowManager: Relayout Window{c0e37cf u0 com.bearmod.loader/com.bearmod.loader.ui.download.DownloadActivity}: oldVis=4 newVis=0 focusMayChange = true requestedWidth = 1080 requestedHeight = 2400 outFrames = ClientWindowFrames{frame=[0,0][1080,2400] display=[0,0][1080,2400] parentFrame=[0,0][0,0] parentClippedByDisplayCutout=false} outSurfaceControl = Surface(name=com.bearmod.loader/com.bearmod.loader.ui.download.DownloadActivity)/@0xd61d92
05-25 19:39:05.767  1453  1638 D WindowManager: wms.Update InputWindowHandle: c0e37cf com.bearmod.loader/com.bearmod.loader.ui.download.DownloadActivity, frame=[0,0,0,0], touchableRegion=SkRegion((0,0,1080,2400)), scaleFactor=1.0, transform=null, windowToken=android.os.BinderProxy@1e5b02e, isClone=false, visibal=true, focusable=true, changed=true
05-25 19:39:05.780  1453  2694 D WindowManager: wms.finishDrawingLocked: mDrawState=COMMIT_DRAW_PENDING Window{c0e37cf u0 com.bearmod.loader/com.bearmod.loader.ui.download.DownloadActivity} in Surface(name=com.bearmod.loader/com.bearmod.loader.ui.download.DownloadActivity)/@0x3dc0b60
05-25 19:39:05.780  1453  2694 D MiuiFreeFormGesturePointerEventListener: finishDrawingWindow: topFullScreenWindow= Window{c0e37cf u0 com.bearmod.loader/com.bearmod.loader.ui.download.DownloadActivity}
05-25 19:39:05.796  1453  1638 I WindowManager: wms.showSurfaceRobustly mWin:Window{c0e37cf u0 com.bearmod.loader/com.bearmod.loader.ui.download.DownloadActivity}
05-25 19:39:06.310  1453  1638 D WindowManager: wms.Update InputWindowHandle: c0e37cf com.bearmod.loader/com.bearmod.loader.ui.download.DownloadActivity, frame=[0,0,0,0], touchableRegion=SkRegion((0,0,1080,2400)), scaleFactor=1.0, transform=null, windowToken=android.os.BinderProxy@1e5b02e, isClone=false, visibal=true, focusable=true, changed=true
05-25 19:39:07.620  1453  4020 W WindowManager: Changing focus from Window{c0e37cf u0 com.bearmod.loader/com.bearmod.loader.ui.download.DownloadActivity} to Window{e711d9 u0 NotificationShade} displayId=0 Callers=com.android.server.wm.RootWindowContainer.updateFocusedWindowLocked:552 com.android.server.wm.WindowManagerService.updateFocusedWindowLocked:6566 com.android.server.wm.WindowManagerService.relayoutWindow:2799 com.android.server.wm.Session.relayout:280 
05-25 19:39:08.702  1453  3533 W WindowManager: Changing focus from Window{e711d9 u0 NotificationShade} to Window{c0e37cf u0 com.bearmod.loader/com.bearmod.loader.ui.download.DownloadActivity} displayId=0 Callers=com.android.server.wm.RootWindowContainer.updateFocusedWindowLocked:552 com.android.server.wm.WindowManagerService.updateFocusedWindowLocked:6566 com.android.server.wm.WindowManagerService.relayoutWindow:2799 com.android.server.wm.Session.relayout:280 
05-25 19:39:08.706  1453  3533 D WindowManager: wms.Input focus has changed to Window{c0e37cf u0 com.bearmod.loader/com.bearmod.loader.ui.download.DownloadActivity} display=0 updateInputWindows = true
05-25 19:39:08.736  1453  4020 D PerfShielderService: com.bearmod.loader|com.bearmod.loader/com.bearmod.loader.ui.download.DownloadActivity|148|679171633373327|148|3|1
05-25 19:39:08.736  3447 28634 W MiuiPerfServiceClient: interceptAndQueuing:12226|com.bearmod.loader|148|148|679171633373327|Slow handle traversal|1
05-25 19:39:14.079  1453  1638 D WindowManager: wms.Focus not requested for window=Window{c0e37cf u0 com.bearmod.loader/com.bearmod.loader.ui.download.DownloadActivity} because it has no surface or is not focusable.
05-25 19:39:14.093  1453  2694 W WindowManager: Changing focus from Window{c0e37cf u0 com.bearmod.loader/com.bearmod.loader.ui.download.DownloadActivity} to null displayId=0 Callers=com.android.server.wm.RootWindowContainer.updateFocusedWindowLocked:552 com.android.server.wm.WindowManagerService.updateFocusedWindowLocked:6566 com.android.server.wm.ActivityTaskManagerService.setLastResumedActivityUncheckLocked:4990 com.android.server.wm.ActivityTaskSupervisor.updateTopResumedActivityIfNeeded:2241 
05-25 19:39:14.131  1453  2694 W WindowManager: Changing focus from null to Window{615c3db u0 com.bearmod.loader/com.bearmod.loader.ui.main.MainActivity} displayId=0 Callers=com.android.server.wm.RootWindowContainer.updateFocusedWindowLocked:552 com.android.server.wm.WindowManagerService.updateFocusedWindowLocked:6566 com.android.server.wm.WindowManagerService.relayoutWindow:2799 com.android.server.wm.Session.relayout:280 
05-25 19:39:14.134  1453  2694 D WindowManager: wms.Input focus has changed to Window{615c3db u0 com.bearmod.loader/com.bearmod.loader.ui.main.MainActivity} display=0 updateInputWindows = true
05-25 19:39:14.135  1453  2694 I WindowManager: Relayout Window{615c3db u0 com.bearmod.loader/com.bearmod.loader.ui.main.MainActivity}: oldVis=8 newVis=0 focusMayChange = true requestedWidth = 1080 requestedHeight = 2400 outFrames = ClientWindowFrames{frame=[0,0][1080,2400] display=[0,0][1080,2400] parentFrame=[0,0][0,0] parentClippedByDisplayCutout=false} outSurfaceControl = Surface(name=com.bearmod.loader/com.bearmod.loader.ui.main.MainActivity)/@0xfdf2fd7
05-25 19:39:14.135  1453  1638 D WindowManager: wms.Update InputWindowHandle: 615c3db com.bearmod.loader/com.bearmod.loader.ui.main.MainActivity, frame=[0,0,0,0], touchableRegion=SkRegion((0,0,1080,2400)), scaleFactor=1.0, transform=null, windowToken=android.os.BinderProxy@11af4ea, isClone=false, visibal=true, focusable=true, changed=true
05-25 19:39:14.156  1453  4020 D WindowManager: wms.finishDrawingLocked: mDrawState=COMMIT_DRAW_PENDING Window{615c3db u0 com.bearmod.loader/com.bearmod.loader.ui.main.MainActivity} in Surface(name=com.bearmod.loader/com.bearmod.loader.ui.main.MainActivity)/@0x2eddee2
05-25 19:39:14.168  1453  1638 I WindowManager: wms.showSurfaceRobustly mWin:Window{615c3db u0 com.bearmod.loader/com.bearmod.loader.ui.main.MainActivity}
